Component: ARM Compiler 5.06 update 5 (build 528) Tool: armlink [4d35e2]

==============================================================================

Section Cross References

    stm32f10x_vector.o(RESET) refers to stm32f10x_vector.o(.text) for Reset_Handler
    stm32f10x_vector.o(RESET) refers to stm32f10x_it.o(.text) for NMIException
    stm32f10x_vector.o(RESET) refers to usbhw.o(.text) for USB_LP_CAN_RX0_IRQHandler
    stm32f10x_vector.o(.text) refers to entry.o(.ARM.Collect$$$$00000000) for __main
    usbmem.o(.text) refers to stm32_init.o(.text) for stm32_Init
    usbmem.o(.text) refers to lcd_4bit.o(.text) for lcd_init
    usbmem.o(.text) refers to usbhw.o(.text) for USB_SetOutBuffer
    usbmem.o(.text) refers to usbmem.o(.data) for OUT_Buffer
    usbmem.o(.text) refers to usbmem.o(.bss) for IN_Buffer
    lcd_4bit.o(.text) refers to lcd_4bit.o(.constdata) for UserFont
    usbhw.o(.text) refers to usbuser.o(.text) for USB_Reset_Event
    usbhw.o(.text) refers to diskimg.o(.constdata) for DiskImage
    usbhw.o(.text) refers to mscuser.o(.bss) for Memory
    usbhw.o(.text) refers to usbhw.o(.data) for FreeBufAddr
    usbhw.o(.text) refers to usbuser.o(.constdata) for USB_P_EP
    usbhw.o(.text) refers to mscuser.o(.data) for MEM_Buffer
    usbuser.o(.text) refers to usbcore.o(.text) for USB_ResetCore
    usbuser.o(.text) refers to mscuser.o(.text) for MSC_BulkIn
    usbuser.o(.text) refers to usbcore.o(.data) for USB_Configuration
    usbuser.o(.constdata) refers to usbcore.o(.text) for USB_EndPoint0
    usbuser.o(.constdata) refers to usbuser.o(.text) for USB_EndPoint1
    mscuser.o(.text) refers to usbhw.o(.text) for USB_WriteEP
    mscuser.o(.text) refers to mscuser.o(.data) for BulkStage
    mscuser.o(.text) refers to usbcore.o(.data) for EP0Buf
    mscuser.o(.text) refers to mscuser.o(.bss) for Memory
    usbcore.o(.text) refers to usbhw.o(.text) for USB_ReadEP
    usbcore.o(.text) refers to usbcore.o(i.USB_GetStatus) for USB_GetStatus
    usbcore.o(.text) refers to usbcore.o(i.USB_SetClrFeature) for USB_SetClrFeature
    usbcore.o(.text) refers to usbcore.o(i.USB_GetDescriptor) for USB_GetDescriptor
    usbcore.o(.text) refers to usbcore.o(i.USB_SetConfiguration) for USB_SetConfiguration
    usbcore.o(.text) refers to usbuser.o(.text) for USB_Configure_Event
    usbcore.o(.text) refers to usbcore.o(i.USB_SetInterface) for USB_SetInterface
    usbcore.o(.text) refers to mscuser.o(.text) for MSC_Reset
    usbcore.o(.text) refers to usbcore.o(.data) for USB_DeviceStatus
    entry.o(.ARM.Collect$$$$00000000) refers (Special) to entry10a.o(.ARM.Collect$$$$0000000D) for __rt_final_cpp
    entry.o(.ARM.Collect$$$$00000000) refers (Special) to entry11a.o(.ARM.Collect$$$$0000000F) for __rt_final_exit
    entry.o(.ARM.Collect$$$$00000000) refers (Special) to entry7b.o(.ARM.Collect$$$$00000008) for _main_clock
    entry.o(.ARM.Collect$$$$00000000) refers (Special) to entry8b.o(.ARM.Collect$$$$0000000A) for _main_cpp_init
    entry.o(.ARM.Collect$$$$00000000) refers (Special) to entry9a.o(.ARM.Collect$$$$0000000B) for _main_init
    entry.o(.ARM.Collect$$$$00000000) refers (Special) to entry5.o(.ARM.Collect$$$$00000004) for _main_scatterload
    entry.o(.ARM.Collect$$$$00000000) refers (Special) to entry2.o(.ARM.Collect$$$$00000001) for _main_stk
    entry2.o(.ARM.Collect$$$$00000001) refers to entry2.o(.ARM.Collect$$$$00002712) for __lit__00000000
    entry2.o(__vectab_stack_and_reset_area) refers to entry.o(.ARM.Collect$$$$00000000) for __main
    entry5.o(.ARM.Collect$$$$00000004) refers to init.o(.text) for __scatterload
    entry9a.o(.ARM.Collect$$$$0000000B) refers to usbmem.o(.text) for main
    entry9b.o(.ARM.Collect$$$$0000000C) refers to usbmem.o(.text) for main
    init.o(.text) refers to entry5.o(.ARM.Collect$$$$00000004) for __main_after_scatterload
    usbcore.o(i.USB_GetStatus) refers to usbcore.o(.text) for USB_DataInStage
    usbcore.o(i.USB_GetStatus) refers to usbcore.o(.data) for SetupPacket
    usbcore.o(i.USB_SetClrFeature) refers to usbhw.o(.text) for USB_WakeUpCfg
    usbcore.o(i.USB_SetClrFeature) refers to usbcore.o(.data) for SetupPacket
    usbcore.o(i.USB_GetDescriptor) refers to usbcore.o(.text) for USB_DataInStage
    usbcore.o(i.USB_GetDescriptor) refers to usbcore.o(.data) for SetupPacket
    usbcore.o(i.USB_GetDescriptor) refers to usbdesc.o(.constdata) for USB_DeviceDescriptor
    usbcore.o(i.USB_SetConfiguration) refers to usbhw.o(.text) for USB_DisableEP
    usbcore.o(i.USB_SetConfiguration) refers to usbcore.o(.data) for SetupPacket
    usbcore.o(i.USB_SetConfiguration) refers to usbdesc.o(.constdata) for USB_ConfigDescriptor
    usbcore.o(i.USB_SetInterface) refers to usbhw.o(.text) for USB_ConfigEP
    usbcore.o(i.USB_SetInterface) refers to usbcore.o(.data) for USB_Configuration
    usbcore.o(i.USB_SetInterface) refers to usbdesc.o(.constdata) for USB_ConfigDescriptor


==============================================================================

Removing Unused input sections from the image.

    Removing stm32f10x_vector.o(STACK), (1024 bytes).
    Removing stm32f10x_vector.o(HEAP), (1024 bytes).

2 unused section(s) (total 2048 bytes) removed from the image.

==============================================================================

Image Symbol Table

    Local Symbols

    Symbol Name                              Value     Ov Type        Size  Object(Section)

    ../clib/../cmprslib/zerorunl.c           0x00000000   Number         0  __dczerorl.o ABSOLUTE
    ../clib/microlib/init/entry.s            0x00000000   Number         0  entry7b.o ABSOLUTE
    ../clib/microlib/init/entry.s            0x00000000   Number         0  entry11b.o ABSOLUTE
    ../clib/microlib/init/entry.s            0x00000000   Number         0  entry11a.o ABSOLUTE
    ../clib/microlib/init/entry.s            0x00000000   Number         0  entry10b.o ABSOLUTE
    ../clib/microlib/init/entry.s            0x00000000   Number         0  entry8a.o ABSOLUTE
    ../clib/microlib/init/entry.s            0x00000000   Number         0  entry10a.o ABSOLUTE
    ../clib/microlib/init/entry.s            0x00000000   Number         0  entry9b.o ABSOLUTE
    ../clib/microlib/init/entry.s            0x00000000   Number         0  entry8b.o ABSOLUTE
    ../clib/microlib/init/entry.s            0x00000000   Number         0  entry9a.o ABSOLUTE
    ../clib/microlib/init/entry.s            0x00000000   Number         0  entry7a.o ABSOLUTE
    ../clib/microlib/init/entry.s            0x00000000   Number         0  entry5.o ABSOLUTE
    ../clib/microlib/init/entry.s            0x00000000   Number         0  entry2.o ABSOLUTE
    ../clib/microlib/init/entry.s            0x00000000   Number         0  entry.o ABSOLUTE
    ..\source\LCD_4bit.c                     0x00000000   Number         0  lcd_4bit.o ABSOLUTE
    ..\source\STM32_Init.c                   0x00000000   Number         0  stm32_init.o ABSOLUTE
    ..\source\stm32f10x_it.c                 0x00000000   Number         0  stm32f10x_it.o ABSOLUTE
    ..\source\stm32f10x_vector.s             0x00000000   Number         0  stm32f10x_vector.o ABSOLUTE
    ..\source\usbmem.c                       0x00000000   Number         0  usbmem.o ABSOLUTE
    DiskImg.c                                0x00000000   Number         0  diskimg.o ABSOLUTE
    dc.s                                     0x00000000   Number         0  dc.o ABSOLUTE
    handlers.s                               0x00000000   Number         0  handlers.o ABSOLUTE
    init.s                                   0x00000000   Number         0  init.o ABSOLUTE
    mscuser.c                                0x00000000   Number         0  mscuser.o ABSOLUTE
    usbcore.c                                0x00000000   Number         0  usbcore.o ABSOLUTE
    usbdesc.c                                0x00000000   Number         0  usbdesc.o ABSOLUTE
    usbhw.c                                  0x00000000   Number         0  usbhw.o ABSOLUTE
    usbuser.c                                0x00000000   Number         0  usbuser.o ABSOLUTE
    RESET                                    0x08003000   Section      304  stm32f10x_vector.o(RESET)
    .ARM.Collect$$$$00000000                 0x08003130   Section        0  entry.o(.ARM.Collect$$$$00000000)
    .ARM.Collect$$$$00000001                 0x08003130   Section        4  entry2.o(.ARM.Collect$$$$00000001)
    .ARM.Collect$$$$00000004                 0x08003134   Section        4  entry5.o(.ARM.Collect$$$$00000004)
    .ARM.Collect$$$$00000008                 0x08003138   Section        0  entry7b.o(.ARM.Collect$$$$00000008)
    .ARM.Collect$$$$0000000A                 0x08003138   Section        0  entry8b.o(.ARM.Collect$$$$0000000A)
    .ARM.Collect$$$$0000000B                 0x08003138   Section        8  entry9a.o(.ARM.Collect$$$$0000000B)
    .ARM.Collect$$$$0000000D                 0x08003140   Section        0  entry10a.o(.ARM.Collect$$$$0000000D)
    .ARM.Collect$$$$0000000F                 0x08003140   Section        0  entry11a.o(.ARM.Collect$$$$0000000F)
    .ARM.Collect$$$$00002712                 0x08003140   Section        4  entry2.o(.ARM.Collect$$$$00002712)
    __lit__00000000                          0x08003140   Data           4  entry2.o(.ARM.Collect$$$$00002712)
    .text                                    0x08003144   Section      144  stm32f10x_vector.o(.text)
    .text                                    0x080031d4   Section        0  stm32_init.o(.text)
    .text                                    0x08003410   Section        0  stm32f10x_it.o(.text)
    .text                                    0x080034a0   Section        0  usbmem.o(.text)
    .text                                    0x08003510   Section        0  lcd_4bit.o(.text)
    delay                                    0x08003511   Thumb Code    14  lcd_4bit.o(.text)
    lcd_read_status                          0x0800351f   Thumb Code   164  lcd_4bit.o(.text)
    wait_while_busy                          0x080035c3   Thumb Code    18  lcd_4bit.o(.text)
    lcd_write_data                           0x08003645   Thumb Code    38  lcd_4bit.o(.text)
    .text                                    0x08003860   Section        0  usbhw.o(.text)
    .text                                    0x08003d58   Section        0  usbuser.o(.text)
    .text                                    0x08003df0   Section        0  mscuser.o(.text)
    .text                                    0x08004814   Section        0  usbcore.o(.text)
    .text                                    0x08004b28   Section       36  init.o(.text)
    .text                                    0x08004b4c   Section        0  __dczerorl.o(.text)
    i.USB_GetDescriptor                      0x08004b88   Section        0  usbcore.o(i.USB_GetDescriptor)
    i.USB_GetStatus                          0x08004c30   Section        0  usbcore.o(i.USB_GetStatus)
    i.USB_SetClrFeature                      0x08004d00   Section        0  usbcore.o(i.USB_SetClrFeature)
    i.USB_SetConfiguration                   0x08004ddc   Section        0  usbcore.o(i.USB_SetConfiguration)
    i.USB_SetInterface                       0x08004f6c   Section        0  usbcore.o(i.USB_SetInterface)
    i.__scatterload_copy                     0x08005080   Section       14  handlers.o(i.__scatterload_copy)
    i.__scatterload_null                     0x0800508e   Section        2  handlers.o(i.__scatterload_null)
    i.__scatterload_zeroinit                 0x08005090   Section       14  handlers.o(i.__scatterload_zeroinit)
    .constdata                               0x0800509e   Section       64  lcd_4bit.o(.constdata)
    .constdata                               0x080050de   Section     4096  diskimg.o(.constdata)
    .constdata                               0x080060e0   Section       64  usbuser.o(.constdata)
    .constdata                               0x08006120   Section      165  usbdesc.o(.constdata)
    .data                                    0x60000000   Section      512  usbmem.o(.data)
    .data                                    0x60000200   Section        6  usbhw.o(.data)
    .data                                    0x60000208   Section       44  mscuser.o(.data)
    .data                                    0x60000234   Section       44  usbcore.o(.data)
    .bss                                     0x60000260   Section      512  usbmem.o(.bss)
    .bss                                     0x60000460   Section     8300  mscuser.o(.bss)

    Global Symbols

    Symbol Name                              Value     Ov Type        Size  Object(Section)

    BuildAttributes$$THM_ISAv4$P$D$K$B$S$PE$A:L22UL41UL21$X:L11$S22US41US21$IEEE1$IW$USESV6$~STKCKD$USESV7$~SHL$OSPACE$EBA8$MICROLIB$REQ8$PRES8$EABIv2 0x00000000   Number         0  anon$$obj.o ABSOLUTE
    __ARM_use_no_argv                        0x00000000   Number         0  usbmem.o ABSOLUTE
    __cpp_initialize__aeabi_                  - Undefined Weak Reference
    __cxa_finalize                            - Undefined Weak Reference
    _clock_init                               - Undefined Weak Reference
    _microlib_exit                            - Undefined Weak Reference
    __Vectors                                0x08003000   Data           4  stm32f10x_vector.o(RESET)
    __main                                   0x08003131   Thumb Code     0  entry.o(.ARM.Collect$$$$00000000)
    _main_stk                                0x08003131   Thumb Code     0  entry2.o(.ARM.Collect$$$$00000001)
    _main_scatterload                        0x08003135   Thumb Code     0  entry5.o(.ARM.Collect$$$$00000004)
    __main_after_scatterload                 0x08003139   Thumb Code     0  entry5.o(.ARM.Collect$$$$00000004)
    _main_clock                              0x08003139   Thumb Code     0  entry7b.o(.ARM.Collect$$$$00000008)
    _main_cpp_init                           0x08003139   Thumb Code     0  entry8b.o(.ARM.Collect$$$$0000000A)
    _main_init                               0x08003139   Thumb Code     0  entry9a.o(.ARM.Collect$$$$0000000B)
    __rt_final_cpp                           0x08003141   Thumb Code     0  entry10a.o(.ARM.Collect$$$$0000000D)
    __rt_final_exit                          0x08003141   Thumb Code     0  entry11a.o(.ARM.Collect$$$$0000000F)
    Reset_Handler                            0x08003145   Thumb Code    84  stm32f10x_vector.o(.text)
    stm32_EfiSetup                           0x080031d5   Thumb Code     8  stm32_init.o(.text)
    stm32_ClockSetup                         0x080031dd   Thumb Code    54  stm32_init.o(.text)
    stm32_NvicSetup                          0x08003213   Thumb Code    10  stm32_init.o(.text)
    stm32_IwdgSetup                          0x0800321d   Thumb Code    32  stm32_init.o(.text)
    stm32_SysTickSetup                       0x0800323d   Thumb Code    28  stm32_init.o(.text)
    stm32_RtcSetup                           0x08003259   Thumb Code   174  stm32_init.o(.text)
    stm32_TimerSetup                         0x08003307   Thumb Code     2  stm32_init.o(.text)
    stm32_GpioSetup                          0x08003309   Thumb Code    76  stm32_init.o(.text)
    stm32_UsartSetup                         0x08003355   Thumb Code     2  stm32_init.o(.text)
    stm32_ExtiSetup                          0x08003357   Thumb Code     2  stm32_init.o(.text)
    stm32_AfRemapSetup                       0x08003359   Thumb Code     2  stm32_init.o(.text)
    stm32_TamperSetup                        0x0800335b   Thumb Code    96  stm32_init.o(.text)
    stm32_Init                               0x080033bb   Thumb Code    20  stm32_init.o(.text)
    stm32_GetPCLK1                           0x080033cf   Thumb Code     4  stm32_init.o(.text)
    NMIException                             0x08003411   Thumb Code     2  stm32f10x_it.o(.text)
    HardFaultException                       0x08003413   Thumb Code     4  stm32f10x_it.o(.text)
    MemManageException                       0x08003417   Thumb Code     4  stm32f10x_it.o(.text)
    BusFaultException                        0x0800341b   Thumb Code     4  stm32f10x_it.o(.text)
    UsageFaultException                      0x0800341f   Thumb Code     4  stm32f10x_it.o(.text)
    DebugMonitor                             0x08003423   Thumb Code     2  stm32f10x_it.o(.text)
    SVCHandler                               0x08003425   Thumb Code     2  stm32f10x_it.o(.text)
    PendSVC                                  0x08003427   Thumb Code     2  stm32f10x_it.o(.text)
    SysTickHandler                           0x08003429   Thumb Code     2  stm32f10x_it.o(.text)
    WWDG_IRQHandler                          0x0800342b   Thumb Code     2  stm32f10x_it.o(.text)
    PVD_IRQHandler                           0x0800342d   Thumb Code     2  stm32f10x_it.o(.text)
    TAMPER_IRQHandler                        0x0800342f   Thumb Code     2  stm32f10x_it.o(.text)
    RTC_IRQHandler                           0x08003431   Thumb Code     2  stm32f10x_it.o(.text)
    FLASH_IRQHandler                         0x08003433   Thumb Code     2  stm32f10x_it.o(.text)
    RCC_IRQHandler                           0x08003435   Thumb Code     2  stm32f10x_it.o(.text)
    EXTI0_IRQHandler                         0x08003437   Thumb Code     2  stm32f10x_it.o(.text)
    EXTI1_IRQHandler                         0x08003439   Thumb Code     2  stm32f10x_it.o(.text)
    EXTI2_IRQHandler                         0x0800343b   Thumb Code     2  stm32f10x_it.o(.text)
    EXTI3_IRQHandler                         0x0800343d   Thumb Code     2  stm32f10x_it.o(.text)
    EXTI4_IRQHandler                         0x0800343f   Thumb Code     2  stm32f10x_it.o(.text)
    DMA1_Channel1_IRQHandler                 0x08003441   Thumb Code     2  stm32f10x_it.o(.text)
    DMA1_Channel2_IRQHandler                 0x08003443   Thumb Code     2  stm32f10x_it.o(.text)
    DMA1_Channel3_IRQHandler                 0x08003445   Thumb Code     2  stm32f10x_it.o(.text)
    DMA1_Channel4_IRQHandler                 0x08003447   Thumb Code     2  stm32f10x_it.o(.text)
    DMA1_Channel5_IRQHandler                 0x08003449   Thumb Code     2  stm32f10x_it.o(.text)
    DMA1_Channel6_IRQHandler                 0x0800344b   Thumb Code     2  stm32f10x_it.o(.text)
    DMA1_Channel7_IRQHandler                 0x0800344d   Thumb Code     2  stm32f10x_it.o(.text)
    ADC1_2_IRQHandler                        0x0800344f   Thumb Code     2  stm32f10x_it.o(.text)
    USB_HP_CAN_TX_IRQHandler                 0x08003451   Thumb Code     2  stm32f10x_it.o(.text)
    CAN_RX1_IRQHandler                       0x08003453   Thumb Code     2  stm32f10x_it.o(.text)
    CAN_SCE_IRQHandler                       0x08003455   Thumb Code     2  stm32f10x_it.o(.text)
    EXTI9_5_IRQHandler                       0x08003457   Thumb Code     2  stm32f10x_it.o(.text)
    TIM1_BRK_IRQHandler                      0x08003459   Thumb Code     2  stm32f10x_it.o(.text)
    TIM1_UP_IRQHandler                       0x0800345b   Thumb Code     2  stm32f10x_it.o(.text)
    TIM1_TRG_COM_IRQHandler                  0x0800345d   Thumb Code     2  stm32f10x_it.o(.text)
    TIM1_CC_IRQHandler                       0x0800345f   Thumb Code     2  stm32f10x_it.o(.text)
    TIM2_IRQHandler                          0x08003461   Thumb Code     2  stm32f10x_it.o(.text)
    TIM3_IRQHandler                          0x08003463   Thumb Code     2  stm32f10x_it.o(.text)
    TIM4_IRQHandler                          0x08003465   Thumb Code     2  stm32f10x_it.o(.text)
    I2C1_EV_IRQHandler                       0x08003467   Thumb Code     2  stm32f10x_it.o(.text)
    I2C1_ER_IRQHandler                       0x08003469   Thumb Code     2  stm32f10x_it.o(.text)
    I2C2_EV_IRQHandler                       0x0800346b   Thumb Code     2  stm32f10x_it.o(.text)
    I2C2_ER_IRQHandler                       0x0800346d   Thumb Code     2  stm32f10x_it.o(.text)
    SPI1_IRQHandler                          0x0800346f   Thumb Code     2  stm32f10x_it.o(.text)
    SPI2_IRQHandler                          0x08003471   Thumb Code     2  stm32f10x_it.o(.text)
    USART1_IRQHandler                        0x08003473   Thumb Code     2  stm32f10x_it.o(.text)
    USART2_IRQHandler                        0x08003475   Thumb Code     2  stm32f10x_it.o(.text)
    USART3_IRQHandler                        0x08003477   Thumb Code     2  stm32f10x_it.o(.text)
    EXTI15_10_IRQHandler                     0x08003479   Thumb Code     2  stm32f10x_it.o(.text)
    RTCAlarm_IRQHandler                      0x0800347b   Thumb Code     2  stm32f10x_it.o(.text)
    USBWakeUp_IRQHandler                     0x0800347d   Thumb Code     2  stm32f10x_it.o(.text)
    TIM8_BRK_IRQHandler                      0x0800347f   Thumb Code     2  stm32f10x_it.o(.text)
    TIM8_UP_IRQHandler                       0x08003481   Thumb Code     2  stm32f10x_it.o(.text)
    TIM8_TRG_COM_IRQHandler                  0x08003483   Thumb Code     2  stm32f10x_it.o(.text)
    TIM8_CC_IRQHandler                       0x08003485   Thumb Code     2  stm32f10x_it.o(.text)
    ADC3_IRQHandler                          0x08003487   Thumb Code     2  stm32f10x_it.o(.text)
    FSMC_IRQHandler                          0x08003489   Thumb Code     2  stm32f10x_it.o(.text)
    SDIO_IRQHandler                          0x0800348b   Thumb Code     2  stm32f10x_it.o(.text)
    TIM5_IRQHandler                          0x0800348d   Thumb Code     2  stm32f10x_it.o(.text)
    SPI3_IRQHandler                          0x0800348f   Thumb Code     2  stm32f10x_it.o(.text)
    UART4_IRQHandler                         0x08003491   Thumb Code     2  stm32f10x_it.o(.text)
    UART5_IRQHandler                         0x08003493   Thumb Code     2  stm32f10x_it.o(.text)
    TIM6_IRQHandler                          0x08003495   Thumb Code     2  stm32f10x_it.o(.text)
    TIM7_IRQHandler                          0x08003497   Thumb Code     2  stm32f10x_it.o(.text)
    DMA2_Channel1_IRQHandler                 0x08003499   Thumb Code     2  stm32f10x_it.o(.text)
    DMA2_Channel2_IRQHandler                 0x0800349b   Thumb Code     2  stm32f10x_it.o(.text)
    DMA2_Channel3_IRQHandler                 0x0800349d   Thumb Code     2  stm32f10x_it.o(.text)
    DMA2_Channel4_5_IRQHandler               0x0800349f   Thumb Code     2  stm32f10x_it.o(.text)
    main                                     0x080034a1   Thumb Code   104  usbmem.o(.text)
    lcd_write_4bit                           0x080035d5   Thumb Code    74  lcd_4bit.o(.text)
    lcd_write_cmd                            0x0800361f   Thumb Code    38  lcd_4bit.o(.text)
    lcd_putchar                              0x0800366b   Thumb Code    12  lcd_4bit.o(.text)
    lcd_init                                 0x08003677   Thumb Code   186  lcd_4bit.o(.text)
    set_cursor                               0x08003731   Thumb Code    32  lcd_4bit.o(.text)
    lcd_clear                                0x08003751   Thumb Code    18  lcd_4bit.o(.text)
    lcd_print                                0x08003763   Thumb Code    22  lcd_4bit.o(.text)
    lcd_bargraph                             0x08003779   Thumb Code    52  lcd_4bit.o(.text)
    lcd_bargraphXY                           0x080037ad   Thumb Code    68  lcd_4bit.o(.text)
    FormatDec                                0x080037f1   Thumb Code    94  lcd_4bit.o(.text)
    EP_Reset                                 0x08003861   Thumb Code    64  usbhw.o(.text)
    EP_Status                                0x080038a1   Thumb Code    76  usbhw.o(.text)
    USB_Init                                 0x080038ed   Thumb Code   112  usbhw.o(.text)
    USB_Connect                              0x0800395d   Thumb Code    32  usbhw.o(.text)
    USB_Reset                                0x0800397d   Thumb Code   104  usbhw.o(.text)
    USB_Suspend                              0x080039e5   Thumb Code    30  usbhw.o(.text)
    USB_Resume                               0x08003a03   Thumb Code     2  usbhw.o(.text)
    USB_WakeUp                               0x08003a05   Thumb Code    16  usbhw.o(.text)
    USB_WakeUpCfg                            0x08003a15   Thumb Code     2  usbhw.o(.text)
    USB_SetAddress                           0x08003a17   Thumb Code    12  usbhw.o(.text)
    USB_Configure                            0x08003a23   Thumb Code     4  usbhw.o(.text)
    USB_ConfigEP                             0x08003a27   Thumb Code   190  usbhw.o(.text)
    USB_DirCtrlEP                            0x08003ae5   Thumb Code     2  usbhw.o(.text)
    USB_EnableEP                             0x08003ae7   Thumb Code    16  usbhw.o(.text)
    USB_DisableEP                            0x08003af7   Thumb Code    14  usbhw.o(.text)
    USB_ResetEP                              0x08003b05   Thumb Code    12  usbhw.o(.text)
    USB_SetStallEP                           0x08003b11   Thumb Code    16  usbhw.o(.text)
    USB_ClrStallEP                           0x08003b21   Thumb Code    16  usbhw.o(.text)
    USB_ReadEP                               0x08003b31   Thumb Code    86  usbhw.o(.text)
    USB_WriteEP                              0x08003b87   Thumb Code    78  usbhw.o(.text)
    USB_GetFrame                             0x08003bd5   Thumb Code    12  usbhw.o(.text)
    USB_LP_CAN_RX0_IRQHandler                0x08003be1   Thumb Code   298  usbhw.o(.text)
    USB_SetBuffer                            0x08003d0b   Thumb Code    10  usbhw.o(.text)
    USB_GetBuffer                            0x08003d15   Thumb Code     6  usbhw.o(.text)
    USB_SetInBuffer                          0x08003d1b   Thumb Code    10  usbhw.o(.text)
    USB_SetOutBuffer                         0x08003d25   Thumb Code    10  usbhw.o(.text)
    USB_Reset_Event                          0x08003d59   Thumb Code    22  usbuser.o(.text)
    USB_Suspend_Event                        0x08003d6f   Thumb Code    16  usbuser.o(.text)
    USB_WakeUp_Event                         0x08003d7f   Thumb Code    16  usbuser.o(.text)
    USB_Configure_Event                      0x08003d8f   Thumb Code    38  usbuser.o(.text)
    USB_EndPoint1                            0x08003db5   Thumb Code    10  usbuser.o(.text)
    USB_EndPoint2                            0x08003dbf   Thumb Code    10  usbuser.o(.text)
    USB_EndPoint3                            0x08003dc9   Thumb Code     2  usbuser.o(.text)
    USB_EndPoint4                            0x08003dcb   Thumb Code     2  usbuser.o(.text)
    USB_EndPoint5                            0x08003dcd   Thumb Code     2  usbuser.o(.text)
    USB_EndPoint6                            0x08003dcf   Thumb Code     2  usbuser.o(.text)
    USB_EndPoint7                            0x08003dd1   Thumb Code     2  usbuser.o(.text)
    USB_EndPoint8                            0x08003dd3   Thumb Code     2  usbuser.o(.text)
    USB_EndPoint9                            0x08003dd5   Thumb Code     2  usbuser.o(.text)
    USB_EndPoint10                           0x08003dd7   Thumb Code     2  usbuser.o(.text)
    USB_EndPoint11                           0x08003dd9   Thumb Code     2  usbuser.o(.text)
    USB_EndPoint12                           0x08003ddb   Thumb Code     2  usbuser.o(.text)
    USB_EndPoint13                           0x08003ddd   Thumb Code     2  usbuser.o(.text)
    USB_EndPoint14                           0x08003ddf   Thumb Code     2  usbuser.o(.text)
    USB_EndPoint15                           0x08003de1   Thumb Code     2  usbuser.o(.text)
    MSC_Reset                                0x08003df1   Thumb Code    24  mscuser.o(.text)
    MSC_GetMaxLUN                            0x08003e09   Thumb Code    10  mscuser.o(.text)
    MSC_MemoryRead                           0x08003e13   Thumb Code   132  mscuser.o(.text)
    MSC_SetCSW                               0x08003e97   Thumb Code    24  mscuser.o(.text)
    MSC_MemoryWrite                          0x08003eaf   Thumb Code   150  mscuser.o(.text)
    MSC_MemoryVerify                         0x08003f45   Thumb Code   160  mscuser.o(.text)
    InBufferWrite                            0x08003fe5   Thumb Code   158  mscuser.o(.text)
    MSC_RWSetup                              0x08004083   Thumb Code    94  mscuser.o(.text)
    DataInFormat                             0x080040e1   Thumb Code    56  mscuser.o(.text)
    DataInTransfer                           0x08004119   Thumb Code    60  mscuser.o(.text)
    MSC_TestUnitReady                        0x08004155   Thumb Code    44  mscuser.o(.text)
    MSC_RequestSense                         0x08004181   Thumb Code    78  mscuser.o(.text)
    MSC_Inquiry                              0x080041cf   Thumb Code   224  mscuser.o(.text)
    MSC_ModeSense6                           0x080042af   Thumb Code    36  mscuser.o(.text)
    MSC_ModeSense10                          0x080042d3   Thumb Code    46  mscuser.o(.text)
    MSC_ReadCapacity                         0x08004301   Thumb Code    50  mscuser.o(.text)
    MSC_ReadFormatCapacity                   0x08004333   Thumb Code    64  mscuser.o(.text)
    OutBufferRead                            0x08004373   Thumb Code   138  mscuser.o(.text)
    MSC_CAMBufferRead                        0x080043fd   Thumb Code   138  mscuser.o(.text)
    MSC_GetCBW                               0x08004487   Thumb Code   676  mscuser.o(.text)
    MSC_BulkIn                               0x0800472b   Thumb Code    94  mscuser.o(.text)
    MSC_BulkOut                              0x08004789   Thumb Code    94  mscuser.o(.text)
    USB_ResetCore                            0x08004815   Thumb Code    30  usbcore.o(.text)
    USB_SetupStage                           0x08004833   Thumb Code    12  usbcore.o(.text)
    USB_DataInStage                          0x0800483f   Thumb Code    52  usbcore.o(.text)
    USB_DataOutStage                         0x08004873   Thumb Code    34  usbcore.o(.text)
    USB_StatusInStage                        0x08004895   Thumb Code    14  usbcore.o(.text)
    USB_StatusOutStage                       0x080048a3   Thumb Code    12  usbcore.o(.text)
    USB_EndPoint0                            0x080048af   Thumb Code   594  usbcore.o(.text)
    __scatterload                            0x08004b29   Thumb Code    28  init.o(.text)
    __scatterload_rt2                        0x08004b29   Thumb Code     0  init.o(.text)
    __decompress                             0x08004b4d   Thumb Code     0  __dczerorl.o(.text)
    __decompress0                            0x08004b4d   Thumb Code    58  __dczerorl.o(.text)
    USB_GetDescriptor                        0x08004b89   Thumb Code   146  usbcore.o(i.USB_GetDescriptor)
    USB_GetStatus                            0x08004c31   Thumb Code   174  usbcore.o(i.USB_GetStatus)
    USB_SetClrFeature                        0x08004d01   Thumb Code   198  usbcore.o(i.USB_SetClrFeature)
    USB_SetConfiguration                     0x08004ddd   Thumb Code   368  usbcore.o(i.USB_SetConfiguration)
    USB_SetInterface                         0x08004f6d   Thumb Code   252  usbcore.o(i.USB_SetInterface)
    __scatterload_copy                       0x08005081   Thumb Code    14  handlers.o(i.__scatterload_copy)
    __scatterload_null                       0x0800508f   Thumb Code     2  handlers.o(i.__scatterload_null)
    __scatterload_zeroinit                   0x08005091   Thumb Code    14  handlers.o(i.__scatterload_zeroinit)
    UserFont                                 0x0800509e   Data          64  lcd_4bit.o(.constdata)
    DiskImage                                0x080050de   Data        4096  diskimg.o(.constdata)
    USB_P_EP                                 0x080060e0   Data          64  usbuser.o(.constdata)
    USB_DeviceDescriptor                     0x08006120   Data          18  usbdesc.o(.constdata)
    USB_ConfigDescriptor                     0x08006132   Data          33  usbdesc.o(.constdata)
    USB_StringDescriptor                     0x08006153   Data         114  usbdesc.o(.constdata)
    Region$$Table$$Base                      0x080061c8   Number         0  anon$$obj.o(Region$$Table)
    Region$$Table$$Limit                     0x080061e8   Number         0  anon$$obj.o(Region$$Table)
    __initial_sp                             0x20000400   Number         0  stm32f10x_vector.o ABSOLUTE
    OUT_Buffer                               0x60000000   Data         512  usbmem.o(.data)
    pBUF_DSCR                                0x60000200   Data           4  usbhw.o(.data)
    FreeBufAddr                              0x60000204   Data           2  usbhw.o(.data)
    MemOK                                    0x60000208   Data           4  mscuser.o(.data)
    Offset                                   0x6000020c   Data           4  mscuser.o(.data)
    Length                                   0x60000210   Data           4  mscuser.o(.data)
    BulkStage                                0x60000214   Data           1  mscuser.o(.data)
    BulkLen                                  0x60000215   Data           1  mscuser.o(.data)
    MEM_Buffer                               0x60000218   Data           4  mscuser.o(.data)
    MSC_MEM_BufferSize                       0x6000021c   Data           4  mscuser.o(.data)
    USB_IN_Buffer                            0x60000220   Data           4  mscuser.o(.data)
    USB_IN_BufferSize                        0x60000224   Data           4  mscuser.o(.data)
    USB_OUT_Buffer                           0x60000228   Data           4  mscuser.o(.data)
    USB_OUT_BufferSize                       0x6000022c   Data           4  mscuser.o(.data)
    MSC_GetBuffer                            0x60000230   Data           4  mscuser.o(.data)
    USB_DeviceStatus                         0x60000234   Data           2  usbcore.o(.data)
    USB_DeviceAddress                        0x60000236   Data           1  usbcore.o(.data)
    USB_Configuration                        0x60000237   Data           1  usbcore.o(.data)
    USB_EndPointMask                         0x60000238   Data           4  usbcore.o(.data)
    USB_EndPointHalt                         0x6000023c   Data           4  usbcore.o(.data)
    USB_NumInterfaces                        0x60000240   Data           1  usbcore.o(.data)
    USB_AltSetting                           0x60000241   Data           4  usbcore.o(.data)
    EP0Buf                                   0x60000245   Data           8  usbcore.o(.data)
    EP0Data                                  0x60000250   Data           8  usbcore.o(.data)
    SetupPacket                              0x60000258   Data           8  usbcore.o(.data)
    IN_Buffer                                0x60000260   Data         512  usbmem.o(.bss)
    Memory                                   0x60000460   Data        8192  mscuser.o(.bss)
    BulkBuf                                  0x60002460   Data          64  mscuser.o(.bss)
    CBW                                      0x600024a0   Data          31  mscuser.o(.bss)
    CSW                                      0x600024bf   Data          13  mscuser.o(.bss)



==============================================================================

Memory Map of the image

  Image Entry point : 0x08003131

  Load Region LR_IROM1 (Base: 0x08003000, Size: 0x00003448, Max: 0x0003d000, ABSOLUTE, COMPRESSED[0x00003204])

    Execution Region ER_IROM1 (Exec base: 0x08003000, Load base: 0x08003000, Size: 0x000031e8, Max: 0x0003d000, ABSOLUTE)

    Exec Addr    Load Addr    Size         Type   Attr      Idx    E Section Name        Object

    0x08003000   0x08003000   0x00000130   Data   RO            3    RESET               stm32f10x_vector.o
    0x08003130   0x08003130   0x00000000   Code   RO          411  * .ARM.Collect$$$$00000000  mc_w.l(entry.o)
    0x08003130   0x08003130   0x00000004   Code   RO          414    .ARM.Collect$$$$00000001  mc_w.l(entry2.o)
    0x08003134   0x08003134   0x00000004   Code   RO          417    .ARM.Collect$$$$00000004  mc_w.l(entry5.o)
    0x08003138   0x08003138   0x00000000   Code   RO          419    .ARM.Collect$$$$00000008  mc_w.l(entry7b.o)
    0x08003138   0x08003138   0x00000000   Code   RO          421    .ARM.Collect$$$$0000000A  mc_w.l(entry8b.o)
    0x08003138   0x08003138   0x00000008   Code   RO          422    .ARM.Collect$$$$0000000B  mc_w.l(entry9a.o)
    0x08003140   0x08003140   0x00000000   Code   RO          424    .ARM.Collect$$$$0000000D  mc_w.l(entry10a.o)
    0x08003140   0x08003140   0x00000000   Code   RO          426    .ARM.Collect$$$$0000000F  mc_w.l(entry11a.o)
    0x08003140   0x08003140   0x00000004   Code   RO          415    .ARM.Collect$$$$00002712  mc_w.l(entry2.o)
    0x08003144   0x08003144   0x00000090   Code   RO            4    .text               stm32f10x_vector.o
    0x080031d4   0x080031d4   0x0000023c   Code   RO           10    .text               stm32_init.o
    0x08003410   0x08003410   0x00000090   Code   RO          110    .text               stm32f10x_it.o
    0x080034a0   0x080034a0   0x00000070   Code   RO          125    .text               usbmem.o
    0x08003510   0x08003510   0x00000350   Code   RO          153    .text               lcd_4bit.o
    0x08003860   0x08003860   0x000004f8   Code   RO          168    .text               USBMEM.lib(usbhw.o)
    0x08003d58   0x08003d58   0x00000098   Code   RO          306    .text               USBMEM.lib(usbuser.o)
    0x08003df0   0x08003df0   0x00000a24   Code   RO          328    .text               USBMEM.lib(mscuser.o)
    0x08004814   0x08004814   0x00000314   Code   RO          347    .text               USBMEM.lib(usbcore.o)
    0x08004b28   0x08004b28   0x00000024   Code   RO          428    .text               mc_w.l(init.o)
    0x08004b4c   0x08004b4c   0x0000003a   Code   RO          438    .text               mc_w.l(__dczerorl.o)
    0x08004b86   0x08004b86   0x00000002   PAD
    0x08004b88   0x08004b88   0x000000a8   Code   RO          371    i.USB_GetDescriptor  USBMEM.lib(usbcore.o)
    0x08004c30   0x08004c30   0x000000d0   Code   RO          359    i.USB_GetStatus     USBMEM.lib(usbcore.o)
    0x08004d00   0x08004d00   0x000000dc   Code   RO          365    i.USB_SetClrFeature  USBMEM.lib(usbcore.o)
    0x08004ddc   0x08004ddc   0x00000190   Code   RO          377    i.USB_SetConfiguration  USBMEM.lib(usbcore.o)
    0x08004f6c   0x08004f6c   0x00000114   Code   RO          383    i.USB_SetInterface  USBMEM.lib(usbcore.o)
    0x08005080   0x08005080   0x0000000e   Code   RO          432    i.__scatterload_copy  mc_w.l(handlers.o)
    0x0800508e   0x0800508e   0x00000002   Code   RO          433    i.__scatterload_null  mc_w.l(handlers.o)
    0x08005090   0x08005090   0x0000000e   Code   RO          434    i.__scatterload_zeroinit  mc_w.l(handlers.o)
    0x0800509e   0x0800509e   0x00000040   Data   RO          154    .constdata          lcd_4bit.o
    0x080050de   0x080050de   0x00001000   Data   RO          294    .constdata          USBMEM.lib(diskimg.o)
    0x080060de   0x080060de   0x00000002   PAD
    0x080060e0   0x080060e0   0x00000040   Data   RO          307    .constdata          USBMEM.lib(usbuser.o)
    0x08006120   0x08006120   0x000000a5   Data   RO          399    .constdata          USBMEM.lib(usbdesc.o)
    0x080061c5   0x080061c5   0x00000003   PAD
    0x080061c8   0x080061c8   0x00000020   Data   RO          430    Region$$Table       anon$$obj.o


    Execution Region RW_IRAM1 (Exec base: 0x20000000, Load base: 0x08006204, Size: 0x00000000, Max: 0x0000c000, ABSOLUTE)

    **** No section assigned to this execution region ****


    Execution Region RW_RAM1 (Exec base: 0x60000000, Load base: 0x080061e8, Size: 0x000024cc, Max: 0x00040000, ABSOLUTE, COMPRESSED[0x0000001c])

    Exec Addr    Load Addr    Size         Type   Attr      Idx    E Section Name        Object

    0x60000000   COMPRESSED   0x00000200   Data   RW          127    .data               usbmem.o
    0x60000200   COMPRESSED   0x00000006   Data   RW          169    .data               USBMEM.lib(usbhw.o)
    0x60000206   COMPRESSED   0x00000002   PAD
    0x60000208   COMPRESSED   0x0000002c   Data   RW          330    .data               USBMEM.lib(mscuser.o)
    0x60000234   COMPRESSED   0x0000002c   Data   RW          348    .data               USBMEM.lib(usbcore.o)
    0x60000260        -       0x00000200   Zero   RW          126    .bss                usbmem.o
    0x60000460        -       0x0000206c   Zero   RW          329    .bss                USBMEM.lib(mscuser.o)


==============================================================================

Image component sizes


      Code (inc. data)   RO Data    RW Data    ZI Data      Debug   Object Name

       848         18         64          0          0       4616   lcd_4bit.o
       572         62          0          0          0       3577   stm32_init.o
       144          0          0          0          0       7238   stm32f10x_it.o
       144         60        304          0          0        416   stm32f10x_vector.o
       112          8          0        512        512       1214   usbmem.o

    ----------------------------------------------------------------------
      1820        148        400        512        512      17061   Object Totals
         0          0         32          0          0          0   (incl. Generated)
         0          0          0          0          0          0   (incl. Padding)

    ----------------------------------------------------------------------

      Code (inc. data)   RO Data    RW Data    ZI Data      Debug   Library Member Name

         0          0       4096          0          0        432   diskimg.o
      2596        162          0         44       8300       8016   mscuser.o
      2060        194          0         44          0       6714   usbcore.o
         0          0        165          0          0        629   usbdesc.o
      1272         90          0          6          0      12695   usbhw.o
       152         14         64          0          0       3492   usbuser.o
        58          0          0          0          0          0   __dczerorl.o
         0          0          0          0          0          0   entry.o
         0          0          0          0          0          0   entry10a.o
         0          0          0          0          0          0   entry11a.o
         8          4          0          0          0          0   entry2.o
         4          0          0          0          0          0   entry5.o
         0          0          0          0          0          0   entry7b.o
         0          0          0          0          0          0   entry8b.o
         8          4          0          0          0          0   entry9a.o
        30          0          0          0          0          0   handlers.o
        36          8          0          0          0         68   init.o

    ----------------------------------------------------------------------
      6226        476       4330         96       8300      32046   Library Totals
         2          0          5          2          0          0   (incl. Padding)

    ----------------------------------------------------------------------

      Code (inc. data)   RO Data    RW Data    ZI Data      Debug   Library Name

      6080        460       4325         94       8300      31978   USBMEM.lib
       144         16          0          0          0         68   mc_w.l

    ----------------------------------------------------------------------
      6226        476       4330         96       8300      32046   Library Totals

    ----------------------------------------------------------------------

==============================================================================


      Code (inc. data)   RO Data    RW Data    ZI Data      Debug   

      8046        624       4730        608       8812      48635   Grand Totals
      8046        624       4730         28       8812      48635   ELF Image Totals (compressed)
      8046        624       4730         28          0          0   ROM Totals

==============================================================================

    Total RO  Size (Code + RO Data)                12776 (  12.48kB)
    Total RW  Size (RW Data + ZI Data)              9420 (   9.20kB)
    Total ROM Size (Code + RO Data + RW Data)      12804 (  12.50kB)

==============================================================================

