Component: ARM Compiler 5.06 update 5 (build 528) Tool: armlink [4d35e2]

==============================================================================

Section Cross References

    main.o(i.fputc) refers to stm32f10x_usart.o(i.USART_SendData) for USART_SendData
    main.o(i.fputc) refers to stm32f10x_usart.o(i.USART_GetFlagStatus) for USART_GetFlagStatus
    main.o(i.main) refers to init_sys.o(i.RCC_Configuration) for RCC_Configuration
    main.o(i.main) refers to init_sys.o(i.NVIC_Configuration) for NVIC_Configuration
    main.o(i.main) refers to init_sys.o(i.GPIO_Configuration) for GPIO_Configuration
    main.o(i.main) refers to init_sys.o(i.SysTick_init) for SysTick_init
    main.o(i.main) refers to init_sys.o(i.SPI1_Configuration) for SPI1_Configuration
    main.o(i.main) refers to init_sys.o(i.USART_Configuration) for USART_Configuration
    main.o(i.main) refers to init_sys.o(i.EXTI_Configuration) for EXTI_Configuration
    main.o(i.main) refers to printf5.o(i.__0printf$5) for __2printf
    main.o(i.main) refers to timedelay.o(i.Delay) for Delay
    main.o(i.main) refers to rf_ctrl.o(i.RF_ConfigureMode) for RF_ConfigureMode
    main.o(i.main) refers to rf_ctrl.o(i.RF_FlushTxBuf) for RF_FlushTxBuf
    main.o(i.main) refers to rf_ctrl.o(i.RF_FlushRxBuf) for RF_FlushRxBuf
    main.o(i.main) refers to rf_ctrl.o(i.RF_Init) for RF_Init
    main.o(i.main) refers to rf_ctrl.o(i.RF_NormalMode) for RF_NormalMode
    stm32f10x_it.o(i.EXTI2_IRQHandler) refers to stm32f10x_exti.o(i.EXTI_GetITStatus) for EXTI_GetITStatus
    stm32f10x_it.o(i.EXTI2_IRQHandler) refers to rf_ctrl.o(i.RF_IrqStatus) for RF_IrqStatus
    stm32f10x_it.o(i.EXTI2_IRQHandler) refers to rf_ctrl.o(i.RF_ReceiveData) for RF_ReceiveData
    stm32f10x_it.o(i.EXTI2_IRQHandler) refers to printf5.o(i.__0printf$5) for __2printf
    stm32f10x_it.o(i.EXTI2_IRQHandler) refers to stm32f10x_exti.o(i.EXTI_ClearITPendingBit) for EXTI_ClearITPendingBit
    stm32f10x_it.o(i.EXTI2_IRQHandler) refers to main.o(.bss) for rfrx_payload
    stm32f10x_it.o(i.SysTickHandler) refers to timedelay.o(i.TimingDelay_Decrement) for TimingDelay_Decrement
    stm32f10x_vector.o(RESET) refers to stm32f10x_vector.o(STACK) for __initial_sp
    stm32f10x_vector.o(RESET) refers to stm32f10x_vector.o(.text) for Reset_Handler
    stm32f10x_vector.o(RESET) refers to stm32f10x_it.o(i.NMIException) for NMIException
    stm32f10x_vector.o(RESET) refers to stm32f10x_it.o(i.HardFaultException) for HardFaultException
    stm32f10x_vector.o(RESET) refers to stm32f10x_it.o(i.MemManageException) for MemManageException
    stm32f10x_vector.o(RESET) refers to stm32f10x_it.o(i.BusFaultException) for BusFaultException
    stm32f10x_vector.o(RESET) refers to stm32f10x_it.o(i.UsageFaultException) for UsageFaultException
    stm32f10x_vector.o(RESET) refers to stm32f10x_it.o(i.SVCHandler) for SVCHandler
    stm32f10x_vector.o(RESET) refers to stm32f10x_it.o(i.DebugMonitor) for DebugMonitor
    stm32f10x_vector.o(RESET) refers to stm32f10x_it.o(i.PendSVC) for PendSVC
    stm32f10x_vector.o(RESET) refers to stm32f10x_it.o(i.SysTickHandler) for SysTickHandler
    stm32f10x_vector.o(RESET) refers to stm32f10x_it.o(i.WWDG_IRQHandler) for WWDG_IRQHandler
    stm32f10x_vector.o(RESET) refers to stm32f10x_it.o(i.PVD_IRQHandler) for PVD_IRQHandler
    stm32f10x_vector.o(RESET) refers to stm32f10x_it.o(i.TAMPER_IRQHandler) for TAMPER_IRQHandler
    stm32f10x_vector.o(RESET) refers to stm32f10x_it.o(i.RTC_IRQHandler) for RTC_IRQHandler
    stm32f10x_vector.o(RESET) refers to stm32f10x_it.o(i.FLASH_IRQHandler) for FLASH_IRQHandler
    stm32f10x_vector.o(RESET) refers to stm32f10x_it.o(i.RCC_IRQHandler) for RCC_IRQHandler
    stm32f10x_vector.o(RESET) refers to stm32f10x_it.o(i.EXTI0_IRQHandler) for EXTI0_IRQHandler
    stm32f10x_vector.o(RESET) refers to stm32f10x_it.o(i.EXTI1_IRQHandler) for EXTI1_IRQHandler
    stm32f10x_vector.o(RESET) refers to stm32f10x_it.o(i.EXTI2_IRQHandler) for EXTI2_IRQHandler
    stm32f10x_vector.o(RESET) refers to stm32f10x_it.o(i.EXTI3_IRQHandler) for EXTI3_IRQHandler
    stm32f10x_vector.o(RESET) refers to stm32f10x_it.o(i.EXTI4_IRQHandler) for EXTI4_IRQHandler
    stm32f10x_vector.o(RESET) refers to stm32f10x_it.o(i.DMA1_Channel1_IRQHandler) for DMA1_Channel1_IRQHandler
    stm32f10x_vector.o(RESET) refers to stm32f10x_it.o(i.DMA1_Channel2_IRQHandler) for DMA1_Channel2_IRQHandler
    stm32f10x_vector.o(RESET) refers to stm32f10x_it.o(i.DMA1_Channel3_IRQHandler) for DMA1_Channel3_IRQHandler
    stm32f10x_vector.o(RESET) refers to stm32f10x_it.o(i.DMA1_Channel4_IRQHandler) for DMA1_Channel4_IRQHandler
    stm32f10x_vector.o(RESET) refers to stm32f10x_it.o(i.DMA1_Channel5_IRQHandler) for DMA1_Channel5_IRQHandler
    stm32f10x_vector.o(RESET) refers to stm32f10x_it.o(i.DMA1_Channel6_IRQHandler) for DMA1_Channel6_IRQHandler
    stm32f10x_vector.o(RESET) refers to stm32f10x_it.o(i.DMA1_Channel7_IRQHandler) for DMA1_Channel7_IRQHandler
[...]
    printf2.o(i.__0vfprintf$2) refers to main.o(i.fputc) for fputc
    printf2.o(i.__0vprintf$2) refers to printf2.o(i._printf_core) for _printf_core
    printf2.o(i.__0vprintf$2) refers to main.o(i.fputc) for fputc
    printf2.o(i.__0vprintf$2) refers to stdout.o(.data) for __stdout
    printf2.o(i.__0vsnprintf$2) refers to printf2.o(i._printf_core) for _printf_core
    printf2.o(i.__0vsnprintf$2) refers to printf2.o(i._snputc) for _snputc
    printf2.o(i.__0vsprintf$2) refers to printf2.o(i._printf_core) for _printf_core
    printf2.o(i.__0vsprintf$2) refers to printf2.o(i._sputc) for _sputc
    printf3.o(i.__0fprintf$3) refers to printf3.o(i._printf_core) for _printf_core
    printf3.o(i.__0fprintf$3) refers to main.o(i.fputc) for fputc
    printf3.o(i.__0printf$3) refers to printf3.o(i._printf_core) for _printf_core
    printf3.o(i.__0printf$3) refers to main.o(i.fputc) for fputc
    printf3.o(i.__0printf$3) refers to stdout.o(.data) for __stdout
    printf3.o(i.__0snprintf$3) refers to printf3.o(i._printf_core) for _printf_core
    printf3.o(i.__0snprintf$3) refers to printf3.o(i._snputc) for _snputc
    printf3.o(i.__0sprintf$3) refers to printf3.o(i._printf_core) for _printf_core
    printf3.o(i.__0sprintf$3) refers to printf3.o(i._sputc) for _sputc
    printf3.o(i.__0vfprintf$3) refers to printf3.o(i._printf_core) for _printf_core
    printf3.o(i.__0vfprintf$3) refers to main.o(i.fputc) for fputc
    printf3.o(i.__0vprintf$3) refers to printf3.o(i._printf_core) for _printf_core
    printf3.o(i.__0vprintf$3) refers to main.o(i.fputc) for fputc
    printf3.o(i.__0vprintf$3) refers to stdout.o(.data) for __stdout
    printf3.o(i.__0vsnprintf$3) refers to printf3.o(i._printf_core) for _printf_core
    printf3.o(i.__0vsnprintf$3) refers to printf3.o(i._snputc) for _snputc
    printf3.o(i.__0vsprintf$3) refers to printf3.o(i._printf_core) for _printf_core
    printf3.o(i.__0vsprintf$3) refers to printf3.o(i._sputc) for _sputc
    printf3.o(i._printf_core) refers to uidiv.o(.text) for __aeabi_uidivmod
    printf4.o(i.__0fprintf$4) refers to printf4.o(i._printf_core) for _printf_core
    printf4.o(i.__0fprintf$4) refers to main.o(i.fputc) for fputc
    printf4.o(i.__0printf$4) refers to printf4.o(i._printf_core) for _printf_core
    printf4.o(i.__0printf$4) refers to main.o(i.fputc) for fputc
    printf4.o(i.__0printf$4) refers to stdout.o(.data) for __stdout
    printf4.o(i.__0snprintf$4) refers to printf4.o(i._printf_core) for _printf_core
    printf4.o(i.__0snprintf$4) refers to printf4.o(i._snputc) for _snputc
    printf4.o(i.__0sprintf$4) refers to printf4.o(i._printf_core) for _printf_core
    printf4.o(i.__0sprintf$4) refers to printf4.o(i._sputc) for _sputc
    printf4.o(i.__0vfprintf$4) refers to printf4.o(i._printf_core) for _printf_core
    printf4.o(i.__0vfprintf$4) refers to main.o(i.fputc) for fputc
    printf4.o(i.__0vprintf$4) refers to printf4.o(i._printf_core) for _printf_core
    printf4.o(i.__0vprintf$4) refers to main.o(i.fputc) for fputc
    printf4.o(i.__0vprintf$4) refers to stdout.o(.data) for __stdout
    printf4.o(i.__0vsnprintf$4) refers to printf4.o(i._printf_core) for _printf_core
    printf4.o(i.__0vsnprintf$4) refers to printf4.o(i._snputc) for _snputc
    printf4.o(i.__0vsprintf$4) refers to printf4.o(i._printf_core) for _printf_core
    printf4.o(i.__0vsprintf$4) refers to printf4.o(i._sputc) for _sputc
    printf4.o(i._printf_core) refers to uldiv.o(.text) for __aeabi_uldivmod
    printf5.o(i.__0fprintf$5) refers to printf5.o(i._printf_core) for _printf_core
    printf5.o(i.__0fprintf$5) refers to main.o(i.fputc) for fputc
    printf5.o(i.__0printf$5) refers to printf5.o(i._printf_core) for _printf_core
    printf5.o(i.__0printf$5) refers to main.o(i.fputc) for fputc
    printf5.o(i.__0printf$5) refers to stdout.o(.data) for __stdout
    printf5.o(i.__0snprintf$5) refers to printf5.o(i._printf_core) for _printf_core
    printf5.o(i.__0snprintf$5) refers to printf5.o(i._snputc) for _snputc
    printf5.o(i.__0sprintf$5) refers to printf5.o(i._printf_core) for _printf_core
    printf5.o(i.__0sprintf$5) refers to printf5.o(i._sputc) for _sputc
    printf5.o(i.__0vfprintf$5) refers to printf5.o(i._printf_core) for _printf_core
    printf5.o(i.__0vfprintf$5) refers to main.o(i.fputc) for fputc
    printf5.o(i.__0vprintf$5) refers to printf5.o(i._printf_core) for _printf_core
    printf5.o(i.__0vprintf$5) refers to main.o(i.fputc) for fputc
    printf5.o(i.__0vprintf$5) refers to stdout.o(.data) for __stdout
    printf5.o(i.__0vsnprintf$5) refers to printf5.o(i._printf_core) for _printf_core
    printf5.o(i.__0vsnprintf$5) refers to printf5.o(i._snputc) for _snputc
    printf5.o(i.__0vsprintf$5) refers to printf5.o(i._printf_core) for _printf_core
    printf5.o(i.__0vsprintf$5) refers to printf5.o(i._sputc) for _sputc
    printf5.o(i._printf_core) refers to uldiv.o(.text) for __aeabi_uldivmod
    printf6.o(i.__0fprintf$6) refers to printf6.o(i._printf_core) for _printf_core
    printf6.o(i.__0fprintf$6) refers to main.o(i.fputc) for fputc
    printf6.o(i.__0printf$6) refers to printf6.o(i._printf_core) for _printf_core
    printf6.o(i.__0printf$6) refers to main.o(i.fputc) for fputc
    printf6.o(i.__0printf$6) refers to stdout.o(.data) for __stdout
    printf6.o(i.__0snprintf$6) refers to printf6.o(i._printf_core) for _printf_core
    printf6.o(i.__0snprintf$6) refers to printf6.o(i._snputc) for _snputc
    printf6.o(i.__0sprintf$6) refers to printf6.o(i._printf_core) for _printf_core
    printf6.o(i.__0sprintf$6) refers to printf6.o(i._sputc) for _sputc
    printf6.o(i.__0vfprintf$6) refers to printf6.o(i._printf_core) for _printf_core
    printf6.o(i.__0vfprintf$6) refers to main.o(i.fputc) for fputc
    printf6.o(i.__0vprintf$6) refers to printf6.o(i._printf_core) for _printf_core
    printf6.o(i.__0vprintf$6) refers to main.o(i.fputc) for fputc
    printf6.o(i.__0vprintf$6) refers to stdout.o(.data) for __stdout
    printf6.o(i.__0vsnprintf$6) refers to printf6.o(i._printf_core) for _printf_core
    printf6.o(i.__0vsnprintf$6) refers to printf6.o(i._snputc) for _snputc
    printf6.o(i.__0vsprintf$6) refers to printf6.o(i._printf_core) for _printf_core
    printf6.o(i.__0vsprintf$6) refers to printf6.o(i._sputc) for _sputc
    printf6.o(i._printf_core) refers to printf6.o(i._printf_pre_padding) for _printf_pre_padding
    printf6.o(i._printf_core) refers to uidiv.o(.text) for __aeabi_uidivmod
    printf6.o(i._printf_core) refers to printf6.o(i._printf_post_padding) for _printf_post_padding
    printf7.o(i.__0fprintf$7) refers to printf7.o(i._printf_core) for _printf_core
    printf7.o(i.__0fprintf$7) refers to main.o(i.fputc) for fputc
    printf7.o(i.__0printf$7) refers to printf7.o(i._printf_core) for _printf_core
    printf7.o(i.__0printf$7) refers to main.o(i.fputc) for fputc
    printf7.o(i.__0printf$7) refers to stdout.o(.data) for __stdout
    printf7.o(i.__0snprintf$7) refers to printf7.o(i._printf_core) for _printf_core
    printf7.o(i.__0snprintf$7) refers to printf7.o(i._snputc) for _snputc
    printf7.o(i.__0sprintf$7) refers to printf7.o(i._printf_core) for _printf_core
    printf7.o(i.__0sprintf$7) refers to printf7.o(i._sputc) for _sputc
    printf7.o(i.__0vfprintf$7) refers to printf7.o(i._printf_core) for _printf_core
    printf7.o(i.__0vfprintf$7) refers to main.o(i.fputc) for fputc
    printf7.o(i.__0vprintf$7) refers to printf7.o(i._printf_core) for _printf_core
    printf7.o(i.__0vprintf$7) refers to main.o(i.fputc) for fputc
    printf7.o(i.__0vprintf$7) refers to stdout.o(.data) for __stdout
    printf7.o(i.__0vsnprintf$7) refers to printf7.o(i._printf_core) for _printf_core
    printf7.o(i.__0vsnprintf$7) refers to printf7.o(i._snputc) for _snputc
    printf7.o(i.__0vsprintf$7) refers to printf7.o(i._printf_core) for _printf_core
    printf7.o(i.__0vsprintf$7) refers to printf7.o(i._sputc) for _sputc
    printf7.o(i._printf_core) refers to printf7.o(i._printf_pre_padding) for _printf_pre_padding
    printf7.o(i._printf_core) refers to uldiv.o(.text) for __aeabi_uldivmod
    printf7.o(i._printf_core) refers to printf7.o(i._printf_post_padding) for _printf_post_padding
    printf8.o(i.__0fprintf$8) refers to printf8.o(i._printf_core) for _printf_core
    printf8.o(i.__0fprintf$8) refers to main.o(i.fputc) for fputc
    printf8.o(i.__0printf$8) refers to printf8.o(i._printf_core) for _printf_core
    printf8.o(i.__0printf$8) refers to main.o(i.fputc) for fputc
    printf8.o(i.__0printf$8) refers to stdout.o(.data) for __stdout
    printf8.o(i.__0snprintf$8) refers to printf8.o(i._printf_core) for _printf_core
    printf8.o(i.__0snprintf$8) refers to printf8.o(i._snputc) for _snputc
    printf8.o(i.__0sprintf$8) refers to printf8.o(i._printf_core) for _printf_core
    printf8.o(i.__0sprintf$8) refers to printf8.o(i._sputc) for _sputc
    printf8.o(i.__0vfprintf$8) refers to printf8.o(i._printf_core) for _printf_core
    printf8.o(i.__0vfprintf$8) refers to main.o(i.fputc) for fputc
    printf8.o(i.__0vprintf$8) refers to printf8.o(i._printf_core) for _printf_core
    printf8.o(i.__0vprintf$8) refers to main.o(i.fputc) for fputc
    printf8.o(i.__0vprintf$8) refers to stdout.o(.data) for __stdout
    printf8.o(i.__0vsnprintf$8) refers to printf8.o(i._printf_core) for _printf_core
    printf8.o(i.__0vsnprintf$8) refers to printf8.o(i._snputc) for _snputc
    printf8.o(i.__0vsprintf$8) refers to printf8.o(i._printf_core) for _printf_core
    printf8.o(i.__0vsprintf$8) refers to printf8.o(i._sputc) for _sputc
    printf8.o(i._printf_core) refers to printf8.o(i._printf_pre_padding) for _printf_pre_padding
    printf8.o(i._printf_core) refers to uldiv.o(.text) for __aeabi_uldivmod
    printf8.o(i._printf_core) refers to printf8.o(i._printf_post_padding) for _printf_post_padding
    printfa.o(i.__0fprintf) refers (Special) to iusefp.o(.text) for __I$use$fp
    printfa.o(i.__0fprintf) refers to printfa.o(i._printf_core) for _printf_core
    printfa.o(i.__0fprintf) refers to main.o(i.fputc) for fputc
    printfa.o(i.__0printf) refers (Special) to iusefp.o(.text) for __I$use$fp
    printfa.o(i.__0printf) refers to printfa.o(i._printf_core) for _printf_core
    printfa.o(i.__0printf) refers to main.o(i.fputc) for fputc
    printfa.o(i.__0printf) refers to stdout.o(.data) for __stdout
    printfa.o(i.__0snprintf) refers (Special) to iusefp.o(.text) for __I$use$fp
    printfa.o(i.__0snprintf) refers to printfa.o(i._printf_core) for _printf_core
    printfa.o(i.__0snprintf) refers to printfa.o(i._snputc) for _snputc
    printfa.o(i.__0sprintf) refers (Special) to iusefp.o(.text) for __I$use$fp
    printfa.o(i.__0sprintf) refers to printfa.o(i._printf_core) for _printf_core
    printfa.o(i.__0sprintf) refers to printfa.o(i._sputc) for _sputc
    printfa.o(i.__0vfprintf) refers (Special) to iusefp.o(.text) for __I$use$fp
    printfa.o(i.__0vfprintf) refers to printfa.o(i._printf_core) for _printf_core
    printfa.o(i.__0vfprintf) refers to main.o(i.fputc) for fputc
    printfa.o(i.__0vprintf) refers (Special) to iusefp.o(.text) for __I$use$fp
    printfa.o(i.__0vprintf) refers to printfa.o(i._printf_core) for _printf_core
    printfa.o(i.__0vprintf) refers to main.o(i.fputc) for fputc
    printfa.o(i.__0vprintf) refers to stdout.o(.data) for __stdout
    printfa.o(i.__0vsnprintf) refers (Special) to iusefp.o(.text) for __I$use$fp
    printfa.o(i.__0vsnprintf) refers to printfa.o(i._printf_core) for _printf_core
    printfa.o(i.__0vsnprintf) refers to printfa.o(i._snputc) for _snputc
    printfa.o(i.__0vsprintf) refers (Special) to iusefp.o(.text) for __I$use$fp
    printfa.o(i.__0vsprintf) refers to printfa.o(i._printf_core) for _printf_core
    printfa.o(i.__0vsprintf) refers to printfa.o(i._sputc) for _sputc
    printfa.o(i._fp_digits) refers (Special) to iusefp.o(.text) for __I$use$fp
    printfa.o(i._fp_digits) refers to dmul.o(.text) for __aeabi_dmul
    printfa.o(i._fp_digits) refers to ddiv.o(.text) for __aeabi_ddiv
    printfa.o(i._fp_digits) refers to cdrcmple.o(.text) for __aeabi_cdrcmple
    printfa.o(i._fp_digits) refers to dadd.o(.text) for __aeabi_dadd
    printfa.o(i._fp_digits) refers to dfixul.o(.text) for __aeabi_d2ulz
    printfa.o(i._fp_digits) refers to uldiv.o(.text) for __aeabi_uldivmod
    printfa.o(i._printf_core) refers (Special) to iusefp.o(.text) for __I$use$fp
    printfa.o(i._printf_core) refers to printfa.o(i._printf_pre_padding) for _printf_pre_padding
    printfa.o(i._printf_core) refers to uldiv.o(.text) for __aeabi_uldivmod
    printfa.o(i._printf_core) refers to printfa.o(i._printf_post_padding) for _printf_post_padding
    printfa.o(i._printf_core) refers to printfa.o(i._fp_digits) for _fp_digits
    printfa.o(i._printf_core) refers to uidiv.o(.text) for __aeabi_uidivmod
    printfa.o(i._printf_post_padding) refers (Special) to iusefp.o(.text) for __I$use$fp
    printfa.o(i._printf_pre_padding) refers (Special) to iusefp.o(.text) for __I$use$fp
    printfa.o(i._snputc) refers (Special) to iusefp.o(.text) for __I$use$fp
    printfa.o(i._sputc) refers (Special) to iusefp.o(.text) for __I$use$fp
    entry2.o(.ARM.Collect$$$$00000001) refers to entry2.o(.ARM.Collect$$$$00002712) for __lit__00000000
    entry2.o(.ARM.Collect$$$$00002712) refers to stm32f10x_vector.o(STACK) for __initial_sp
    entry2.o(__vectab_stack_and_reset_area) refers to stm32f10x_vector.o(STACK) for __initial_sp
    entry2.o(__vectab_stack_and_reset_area) refers to entry.o(.ARM.Collect$$$$00000000) for __main
    entry5.o(.ARM.Collect$$$$00000004) refers to init.o(.text) for __scatterload
    entry9a.o(.ARM.Collect$$$$0000000B) refers to main.o(i.main) for main
    entry9b.o(.ARM.Collect$$$$0000000C) refers to main.o(i.main) for main
    uldiv.o(.text) refers to llushr.o(.text) for __aeabi_llsr
    uldiv.o(.text) refers to llshl.o(.text) for __aeabi_llsl
    dadd.o(.text) refers to llshl.o(.text) for __aeabi_llsl
    dadd.o(.text) refers to llsshr.o(.text) for __aeabi_lasr
    dadd.o(.text) refers to depilogue.o(.text) for _double_epilogue
    dmul.o(.text) refers to depilogue.o(.text) for _double_epilogue
    ddiv.o(.text) refers to depilogue.o(.text) for _double_round
    dfixul.o(.text) refers to llushr.o(.text) for __aeabi_llsr
    dfixul.o(.text) refers to llshl.o(.text) for __aeabi_llsl
    init.o(.text) refers to entry5.o(.ARM.Collect$$$$00000004) for __main_after_scatterload
    depilogue.o(.text) refers to llshl.o(.text) for __aeabi_llsl
    depilogue.o(.text) refers to llushr.o(.text) for __aeabi_llsr


==============================================================================

Removing Unused input sections from the image.

    Removing stm32f10x_vector.o(HEAP), (1024 bytes).
    Removing cortexm3_macro.o(.text), (122 bytes).
    Removing rf_ctrl.o(i.RF_TransmitData), (64 bytes).
    Removing stm32f10x_exti.o(i.EXTI_DeInit), (28 bytes).
    Removing stm32f10x_exti.o(i.EXTI_StructInit), (14 bytes).
    Removing stm32f10x_exti.o(i.EXTI_GetFlagStatus), (20 bytes).
    Removing stm32f10x_exti.o(i.EXTI_ClearFlag), (12 bytes).
    Removing stm32f10x_usart.o(i.USART_DeInit), (108 bytes).
    Removing stm32f10x_usart.o(i.USART_StructInit), (22 bytes).
    Removing stm32f10x_usart.o(i.USART_ClockStructInit), (12 bytes).
    Removing stm32f10x_usart.o(i.USART_ITConfig), (48 bytes).
    Removing stm32f10x_usart.o(i.USART_DMACmd), (16 bytes).
    Removing stm32f10x_usart.o(i.USART_SetAddress), (16 bytes).
    Removing stm32f10x_usart.o(i.USART_WakeUpConfig), (16 bytes).
    Removing stm32f10x_usart.o(i.USART_ReceiverWakeUpCmd), (20 bytes).
    Removing stm32f10x_usart.o(i.USART_LINBreakDetectLengthConfig), (16 bytes).
    Removing stm32f10x_usart.o(i.USART_LINCmd), (20 bytes).
    Removing stm32f10x_usart.o(i.USART_ReceiveData), (8 bytes).
    Removing stm32f10x_usart.o(i.USART_SendBreak), (10 bytes).
    Removing stm32f10x_usart.o(i.USART_SetGuardTime), (16 bytes).
    Removing stm32f10x_usart.o(i.USART_SetPrescaler), (16 bytes).
    Removing stm32f10x_usart.o(i.USART_SmartCardCmd), (20 bytes).
    Removing stm32f10x_usart.o(i.USART_SmartCardNACKCmd), (20 bytes).
    Removing stm32f10x_usart.o(i.USART_HalfDuplexCmd), (20 bytes).
    Removing stm32f10x_usart.o(i.USART_IrDAConfig), (16 bytes).
    Removing stm32f10x_usart.o(i.USART_IrDACmd), (20 bytes).
    Removing stm32f10x_usart.o(i.USART_ClearFlag), (6 bytes).
    Removing stm32f10x_usart.o(i.USART_GetITStatus), (62 bytes).
    Removing stm32f10x_usart.o(i.USART_ClearITPendingBit), (12 bytes).
    Removing stm32f10x_flash.o(i.FLASH_HalfCycleAccessCmd), (24 bytes).
    Removing stm32f10x_flash.o(i.FLASH_Unlock), (24 bytes).
    Removing stm32f10x_flash.o(i.FLASH_Lock), (16 bytes).
    Removing stm32f10x_flash.o(i.FLASH_GetStatus), (40 bytes).
    Removing stm32f10x_flash.o(i.FLASH_WaitForLastOperation), (40 bytes).
    Removing stm32f10x_flash.o(i.FLASH_ErasePage), (64 bytes).
    Removing stm32f10x_flash.o(i.FLASH_EraseAllPages), (60 bytes).
    Removing stm32f10x_flash.o(i.FLASH_EraseOptionBytes), (116 bytes).
    Removing stm32f10x_flash.o(i.FLASH_ProgramWord), (68 bytes).
    Removing stm32f10x_flash.o(i.FLASH_ProgramHalfWord), (56 bytes).
    Removing stm32f10x_flash.o(i.FLASH_ProgramOptionByteData), (72 bytes).
    Removing stm32f10x_flash.o(i.FLASH_EnableWriteProtection), (168 bytes).
    Removing stm32f10x_flash.o(i.FLASH_ReadOutProtection), (136 bytes).
    Removing stm32f10x_flash.o(i.FLASH_UserOptionByteConfig), (88 bytes).
    Removing stm32f10x_flash.o(i.FLASH_GetUserOptionByte), (12 bytes).
    Removing stm32f10x_flash.o(i.FLASH_GetWriteProtectionOptionByte), (12 bytes).
    Removing stm32f10x_flash.o(i.FLASH_GetReadOutProtectionStatus), (20 bytes).
    Removing stm32f10x_flash.o(i.FLASH_GetPrefetchBufferStatus), (20 bytes).
    Removing stm32f10x_flash.o(i.FLASH_ITConfig), (24 bytes).
    Removing stm32f10x_flash.o(i.FLASH_GetFlagStatus), (32 bytes).
    Removing stm32f10x_flash.o(i.FLASH_ClearFlag), (12 bytes).
    Removing stm32f10x_gpio.o(i.GPIO_DeInit), (160 bytes).
    Removing stm32f10x_gpio.o(i.GPIO_AFIODeInit), (22 bytes).
    Removing stm32f10x_gpio.o(i.GPIO_StructInit), (16 bytes).
    Removing stm32f10x_gpio.o(i.GPIO_ReadInputDataBit), (14 bytes).
    Removing stm32f10x_gpio.o(i.GPIO_ReadInputData), (6 bytes).
    Removing stm32f10x_gpio.o(i.GPIO_ReadOutputDataBit), (14 bytes).
    Removing stm32f10x_gpio.o(i.GPIO_ReadOutputData), (6 bytes).
    Removing stm32f10x_gpio.o(i.GPIO_SetBits), (4 bytes).
    Removing stm32f10x_gpio.o(i.GPIO_ResetBits), (4 bytes).
    Removing stm32f10x_gpio.o(i.GPIO_Write), (4 bytes).
    Removing stm32f10x_gpio.o(i.GPIO_PinLockConfig), (16 bytes).
    Removing stm32f10x_gpio.o(i.GPIO_EventOutputConfig), (28 bytes).
    Removing stm32f10x_gpio.o(i.GPIO_EventOutputCmd), (12 bytes).
    Removing stm32f10x_gpio.o(i.GPIO_PinRemapConfig), (72 bytes).
    Removing stm32f10x_nvic.o(i.NVIC_DeInit), (44 bytes).
    Removing stm32f10x_nvic.o(i.NVIC_SCBDeInit), (68 bytes).
    Removing stm32f10x_nvic.o(i.NVIC_StructInit), (12 bytes).
    Removing stm32f10x_nvic.o(i.NVIC_SETPRIMASK), (4 bytes).
    Removing stm32f10x_nvic.o(i.NVIC_RESETPRIMASK), (4 bytes).
    Removing stm32f10x_nvic.o(i.NVIC_SETFAULTMASK), (4 bytes).
    Removing stm32f10x_nvic.o(i.NVIC_RESETFAULTMASK), (4 bytes).
    Removing stm32f10x_nvic.o(i.NVIC_BASEPRICONFIG), (6 bytes).
    Removing stm32f10x_nvic.o(i.NVIC_GetBASEPRI), (4 bytes).
    Removing stm32f10x_nvic.o(i.NVIC_GetCurrentPendingIRQChannel), (16 bytes).
    Removing stm32f10x_nvic.o(i.NVIC_GetIRQChannelPendingBitStatus), (34 bytes).
    Removing stm32f10x_nvic.o(i.NVIC_SetIRQChannelPendingBit), (12 bytes).
    Removing stm32f10x_nvic.o(i.NVIC_ClearIRQChannelPendingBit), (24 bytes).
    Removing stm32f10x_nvic.o(i.NVIC_GetCurrentActiveHandler), (16 bytes).
    Removing stm32f10x_nvic.o(i.NVIC_GetIRQChannelActiveBitStatus), (34 bytes).
    Removing stm32f10x_nvic.o(i.NVIC_GetCPUID), (12 bytes).
    Removing stm32f10x_nvic.o(i.NVIC_GenerateSystemReset), (16 bytes).
    Removing stm32f10x_nvic.o(i.NVIC_GenerateCoreReset), (16 bytes).
    Removing stm32f10x_nvic.o(i.NVIC_SystemLPConfig), (24 bytes).
    Removing stm32f10x_nvic.o(i.NVIC_SystemHandlerConfig), (32 bytes).
    Removing stm32f10x_nvic.o(i.NVIC_GetSystemHandlerPendingBitStatus), (32 bytes).
    Removing stm32f10x_nvic.o(i.NVIC_SetSystemHandlerPendingBit), (24 bytes).
    Removing stm32f10x_nvic.o(i.NVIC_ClearSystemHandlerPendingBit), (24 bytes).
    Removing stm32f10x_nvic.o(i.NVIC_GetSystemHandlerActiveBitStatus), (32 bytes).
    Removing stm32f10x_nvic.o(i.NVIC_GetFaultHandlerSources), (54 bytes).
    Removing stm32f10x_nvic.o(i.NVIC_GetFaultAddress), (22 bytes).
    Removing stm32f10x_rcc.o(i.RCC_AdjustHSICalibrationValue), (20 bytes).
    Removing stm32f10x_rcc.o(i.RCC_HSICmd), (12 bytes).
    Removing stm32f10x_rcc.o(i.RCC_ITConfig), (24 bytes).
    Removing stm32f10x_rcc.o(i.RCC_USBCLKConfig), (12 bytes).
    Removing stm32f10x_rcc.o(i.RCC_ADCCLKConfig), (20 bytes).
    Removing stm32f10x_rcc.o(i.RCC_LSEConfig), (32 bytes).
    Removing stm32f10x_rcc.o(i.RCC_LSICmd), (12 bytes).
    Removing stm32f10x_rcc.o(i.RCC_RTCCLKConfig), (16 bytes).
    Removing stm32f10x_rcc.o(i.RCC_RTCCLKCmd), (12 bytes).
    Removing stm32f10x_rcc.o(i.RCC_AHBPeriphClockCmd), (24 bytes).
    Removing stm32f10x_rcc.o(i.RCC_APB1PeriphClockCmd), (24 bytes).
    Removing stm32f10x_rcc.o(i.RCC_APB2PeriphResetCmd), (24 bytes).
    Removing stm32f10x_rcc.o(i.RCC_APB1PeriphResetCmd), (24 bytes).
    Removing stm32f10x_rcc.o(i.RCC_BackupResetCmd), (12 bytes).
    Removing stm32f10x_rcc.o(i.RCC_ClockSecuritySystemCmd), (12 bytes).
    Removing stm32f10x_rcc.o(i.RCC_MCOConfig), (12 bytes).
    Removing stm32f10x_rcc.o(i.RCC_ClearFlag), (16 bytes).
    Removing stm32f10x_rcc.o(i.RCC_GetITStatus), (20 bytes).
    Removing stm32f10x_rcc.o(i.RCC_ClearITPendingBit), (12 bytes).
    Removing stm32f10x_spi.o(i.SPI_I2S_DeInit), (76 bytes).
    Removing stm32f10x_spi.o(i.I2S_Init), (148 bytes).
    Removing stm32f10x_spi.o(i.SPI_StructInit), (24 bytes).
    Removing stm32f10x_spi.o(i.I2S_StructInit), (18 bytes).
    Removing stm32f10x_spi.o(i.I2S_Cmd), (20 bytes).
    Removing stm32f10x_spi.o(i.SPI_I2S_ITConfig), (24 bytes).
    Removing stm32f10x_spi.o(i.SPI_I2S_DMACmd), (16 bytes).
    Removing stm32f10x_spi.o(i.SPI_NSSInternalSoftwareConfig), (24 bytes).
    Removing stm32f10x_spi.o(i.SPI_SSOutputCmd), (20 bytes).
    Removing stm32f10x_spi.o(i.SPI_DataSizeConfig), (16 bytes).
    Removing stm32f10x_spi.o(i.SPI_TransmitCRC), (10 bytes).
    Removing stm32f10x_spi.o(i.SPI_CalculateCRC), (20 bytes).
    Removing stm32f10x_spi.o(i.SPI_GetCRC), (12 bytes).
    Removing stm32f10x_spi.o(i.SPI_GetCRCPolynomial), (4 bytes).
    Removing stm32f10x_spi.o(i.SPI_BiDirectionalLineConfig), (22 bytes).
    Removing stm32f10x_spi.o(i.SPI_I2S_ClearFlag), (34 bytes).
    Removing stm32f10x_spi.o(i.SPI_I2S_GetITStatus), (44 bytes).
    Removing stm32f10x_spi.o(i.SPI_I2S_ClearITPendingBit), (42 bytes).
    Removing stm32f10x_systick.o(i.SysTick_GetCounter), (8 bytes).
    Removing stm32f10x_systick.o(i.SysTick_GetFlagStatus), (32 bytes).
    Removing dadd.o(.text), (334 bytes).
    Removing dmul.o(.text), (228 bytes).
    Removing ddiv.o(.text), (222 bytes).
    Removing dfixul.o(.text), (48 bytes).
    Removing cdrcmple.o(.text), (48 bytes).
    Removing depilogue.o(.text), (186 bytes).

135 unused section(s) (total 5880 bytes) removed from the image.

==============================================================================

Image Symbol Table

    Local Symbols

    Symbol Name                              Value     Ov Type        Size  Object(Section)

    ../clib/microlib/division.c              0x00000000   Number         0  uldiv.o ABSOLUTE
    ../clib/microlib/division.c              0x00000000   Number         0  uidiv.o ABSOLUTE
    ../clib/microlib/init/entry.s            0x00000000   Number         0  entry2.o ABSOLUTE
    ../clib/microlib/init/entry.s            0x00000000   Number         0  entry10a.o ABSOLUTE
    ../clib/microlib/init/entry.s            0x00000000   Number         0  entry8a.o ABSOLUTE
    ../clib/microlib/init/entry.s            0x00000000   Number         0  entry8b.o ABSOLUTE
    ../clib/microlib/init/entry.s            0x00000000   Number         0  entry9b.o ABSOLUTE
    ../clib/microlib/init/entry.s            0x00000000   Number         0  entry9a.o ABSOLUTE
    ../clib/microlib/init/entry.s            0x00000000   Number         0  entry10b.o ABSOLUTE
    ../clib/microlib/init/entry.s            0x00000000   Number         0  entry11a.o ABSOLUTE
    ../clib/microlib/init/entry.s            0x00000000   Number         0  entry.o ABSOLUTE
    ../clib/microlib/init/entry.s            0x00000000   Number         0  entry5.o ABSOLUTE
    ../clib/microlib/init/entry.s            0x00000000   Number         0  entry11b.o ABSOLUTE
    ../clib/microlib/init/entry.s            0x00000000   Number         0  entry7a.o ABSOLUTE
    ../clib/microlib/init/entry.s            0x00000000   Number         0  entry7b.o ABSOLUTE
    ../clib/microlib/longlong.c              0x00000000   Number         0  llshl.o ABSOLUTE
    ../clib/microlib/longlong.c              0x00000000   Number         0  llsshr.o ABSOLUTE
    ../clib/microlib/longlong.c              0x00000000   Number         0  llushr.o ABSOLUTE
    ../clib/microlib/printf/printf.c         0x00000000   Number         0  printf0.o ABSOLUTE
    ../clib/microlib/printf/printf.c         0x00000000   Number         0  printf5.o ABSOLUTE
    ../clib/microlib/printf/printf.c         0x00000000   Number         0  printf4.o ABSOLUTE
    ../clib/microlib/printf/printf.c         0x00000000   Number         0  printf6.o ABSOLUTE
    ../clib/microlib/printf/printf.c         0x00000000   Number         0  printf7.o ABSOLUTE
    ../clib/microlib/printf/printf.c         0x00000000   Number         0  printf8.o ABSOLUTE
    ../clib/microlib/printf/printf.c         0x00000000   Number         0  printf3.o ABSOLUTE
    ../clib/microlib/printf/printf.c         0x00000000   Number         0  printfa.o ABSOLUTE
    ../clib/microlib/printf/printf.c         0x00000000   Number         0  printf2.o ABSOLUTE
    ../clib/microlib/printf/printf.c         0x00000000   Number         0  printf1.o ABSOLUTE
    ../clib/microlib/printf/printf.c         0x00000000   Number         0  printfb.o ABSOLUTE
    ../clib/microlib/printf/stubs.s          0x00000000   Number         0  stubs.o ABSOLUTE
    ../clib/microlib/stdio/streams.c         0x00000000   Number         0  stdout.o ABSOLUTE
    ../clib/microlib/stubs.s                 0x00000000   Number         0  iusefp.o ABSOLUTE
    ../fplib/microlib/fpadd.c                0x00000000   Number         0  dadd.o ABSOLUTE
    ../fplib/microlib/fpdiv.c                0x00000000   Number         0  ddiv.o ABSOLUTE
    ../fplib/microlib/fpepilogue.c           0x00000000   Number         0  depilogue.o ABSOLUTE
    ../fplib/microlib/fpfix.c                0x00000000   Number         0  dfixul.o ABSOLUTE
    ../fplib/microlib/fpmul.c                0x00000000   Number         0  dmul.o ABSOLUTE
    ..\source\main.c                         0x00000000   Number         0  main.o ABSOLUTE
    ..\source\stm32f10x_it.c                 0x00000000   Number         0  stm32f10x_it.o ABSOLUTE
    G:\WorkSpace\MIAT_STM32DS\Project\RFRxLib\source\init_sys.c 0x00000000   Number         0  init_sys.o ABSOLUTE
    G:\WorkSpace\MIAT_STM32DS\Project\RFRxLib\source\rf_ctrl.c 0x00000000   Number         0  rf_ctrl.o ABSOLUTE
    G:\WorkSpace\MIAT_STM32DS\Project\RFRxLib\source\rf_spi.c 0x00000000   Number         0  rf_spi.o ABSOLUTE
    G:\WorkSpace\MIAT_STM32DS\Project\RFRxLib\source\timedelay.c 0x00000000   Number         0  timedelay.o ABSOLUTE
    cdrcmple.s                               0x00000000   Number         0  cdrcmple.o ABSOLUTE
    cortexm3_macro.s                         0x00000000   Number         0  cortexm3_macro.o ABSOLUTE
    dc.s                                     0x00000000   Number         0  dc.o ABSOLUTE
    handlers.s                               0x00000000   Number         0  handlers.o ABSOLUTE
    init.s                                   0x00000000   Number         0  init.o ABSOLUTE
    stm32f10x_exti.c                         0x00000000   Number         0  stm32f10x_exti.o ABSOLUTE
    stm32f10x_flash.c                        0x00000000   Number         0  stm32f10x_flash.o ABSOLUTE
    stm32f10x_gpio.c                         0x00000000   Number         0  stm32f10x_gpio.o ABSOLUTE
    stm32f10x_nvic.c                         0x00000000   Number         0  stm32f10x_nvic.o ABSOLUTE
    stm32f10x_rcc.c                          0x00000000   Number         0  stm32f10x_rcc.o ABSOLUTE
    stm32f10x_spi.c                          0x00000000   Number         0  stm32f10x_spi.o ABSOLUTE
    stm32f10x_systick.c                      0x00000000   Number         0  stm32f10x_systick.o ABSOLUTE
    stm32f10x_usart.c                        0x00000000   Number         0  stm32f10x_usart.o ABSOLUTE
    stm32f10x_vector.s                       0x00000000   Number         0  stm32f10x_vector.o ABSOLUTE
    RESET                                    0x08000000   Section      304  stm32f10x_vector.o(RESET)
    .ARM.Collect$$$$00000000                 0x08000130   Section        0  entry.o(.ARM.Collect$$$$00000000)
    .ARM.Collect$$$$00000001                 0x08000130   Section        4  entry2.o(.ARM.Collect$$$$00000001)
    .ARM.Collect$$$$00000004                 0x08000134   Section        4  entry5.o(.ARM.Collect$$$$00000004)
    .ARM.Collect$$$$00000008                 0x08000138   Section        0  entry7b.o(.ARM.Collect$$$$00000008)
    .ARM.Collect$$$$0000000A                 0x08000138   Section        0  entry8b.o(.ARM.Collect$$$$0000000A)
    .ARM.Collect$$$$0000000B                 0x08000138   Section        8  entry9a.o(.ARM.Collect$$$$0000000B)
    .ARM.Collect$$$$0000000D                 0x08000140   Section        0  entry10a.o(.ARM.Collect$$$$0000000D)
    .ARM.Collect$$$$0000000F                 0x08000140   Section        0  entry11a.o(.ARM.Collect$$$$0000000F)
    .ARM.Collect$$$$00002712                 0x08000140   Section        4  entry2.o(.ARM.Collect$$$$00002712)
    __lit__00000000                          0x08000140   Data           4  entry2.o(.ARM.Collect$$$$00002712)
    .text                                    0x08000144   Section        8  stm32f10x_vector.o(.text)
    .text                                    0x0800014c   Section        0  uldiv.o(.text)
    .text                                    0x080001b0   Section       36  init.o(.text)
    .text                                    0x080001d4   Section        0  llshl.o(.text)
    .text                                    0x080001f2   Section        0  llushr.o(.text)
    i.ADC1_2_IRQHandler                      0x08000212   Section        0  stm32f10x_it.o(i.ADC1_2_IRQHandler)
    i.ADC3_IRQHandler                        0x08000214   Section        0  stm32f10x_it.o(i.ADC3_IRQHandler)
    i.BusFaultException                      0x08000216   Section        0  stm32f10x_it.o(i.BusFaultException)
    i.CAN_RX1_IRQHandler                     0x08000218   Section        0  stm32f10x_it.o(i.CAN_RX1_IRQHandler)
    i.CAN_SCE_IRQHandler                     0x0800021a   Section        0  stm32f10x_it.o(i.CAN_SCE_IRQHandler)
    i.DMA1_Channel1_IRQHandler               0x0800021c   Section        0  stm32f10x_it.o(i.DMA1_Channel1_IRQHandler)
    i.DMA1_Channel2_IRQHandler               0x0800021e   Section        0  stm32f10x_it.o(i.DMA1_Channel2_IRQHandler)
    i.DMA1_Channel3_IRQHandler               0x08000220   Section        0  stm32f10x_it.o(i.DMA1_Channel3_IRQHandler)
    i.DMA1_Channel4_IRQHandler               0x08000222   Section        0  stm32f10x_it.o(i.DMA1_Channel4_IRQHandler)
    i.DMA1_Channel5_IRQHandler               0x08000224   Section        0  stm32f10x_it.o(i.DMA1_Channel5_IRQHandler)
    i.DMA1_Channel6_IRQHandler               0x08000226   Section        0  stm32f10x_it.o(i.DMA1_Channel6_IRQHandler)
    i.DMA1_Channel7_IRQHandler               0x08000228   Section        0  stm32f10x_it.o(i.DMA1_Channel7_IRQHandler)
    i.DMA2_Channel1_IRQHandler               0x0800022a   Section        0  stm32f10x_it.o(i.DMA2_Channel1_IRQHandler)
    i.DMA2_Channel2_IRQHandler               0x0800022c   Section        0  stm32f10x_it.o(i.DMA2_Channel2_IRQHandler)
    i.DMA2_Channel3_IRQHandler               0x0800022e   Section        0  stm32f10x_it.o(i.DMA2_Channel3_IRQHandler)
    i.DMA2_Channel4_5_IRQHandler             0x08000230   Section        0  stm32f10x_it.o(i.DMA2_Channel4_5_IRQHandler)
    i.DebugMonitor                           0x08000232   Section        0  stm32f10x_it.o(i.DebugMonitor)
    i.Delay                                  0x08000234   Section        0  timedelay.o(i.Delay)
    i.EXTI0_IRQHandler                       0x0800025c   Section        0  stm32f10x_it.o(i.EXTI0_IRQHandler)
    i.EXTI15_10_IRQHandler                   0x0800025e   Section        0  stm32f10x_it.o(i.EXTI15_10_IRQHandler)
    i.EXTI1_IRQHandler                       0x08000260   Section        0  stm32f10x_it.o(i.EXTI1_IRQHandler)
    i.EXTI2_IRQHandler                       0x08000264   Section        0  stm32f10x_it.o(i.EXTI2_IRQHandler)
    i.EXTI3_IRQHandler                       0x080002dc   Section        0  stm32f10x_it.o(i.EXTI3_IRQHandler)
    i.EXTI4_IRQHandler                       0x080002de   Section        0  stm32f10x_it.o(i.EXTI4_IRQHandler)
    i.EXTI9_5_IRQHandler                     0x080002e0   Section        0  stm32f10x_it.o(i.EXTI9_5_IRQHandler)
    i.EXTI_ClearITPendingBit                 0x080002e4   Section        0  stm32f10x_exti.o(i.EXTI_ClearITPendingBit)
    i.EXTI_Configuration                     0x080002f0   Section        0  init_sys.o(i.EXTI_Configuration)
    i.EXTI_GenerateSWInterrupt               0x08000320   Section        0  stm32f10x_exti.o(i.EXTI_GenerateSWInterrupt)
    i.EXTI_GetITStatus                       0x08000330   Section        0  stm32f10x_exti.o(i.EXTI_GetITStatus)
    i.EXTI_Init                              0x0800034c   Section        0  stm32f10x_exti.o(i.EXTI_Init)
    i.FLASH_IRQHandler                       0x080003d8   Section        0  stm32f10x_it.o(i.FLASH_IRQHandler)
    i.FLASH_PrefetchBufferCmd                0x080003dc   Section        0  stm32f10x_flash.o(i.FLASH_PrefetchBufferCmd)
    i.FLASH_SetLatency                       0x080003f4   Section        0  stm32f10x_flash.o(i.FLASH_SetLatency)
    i.FSMC_IRQHandler                        0x0800040c   Section        0  stm32f10x_it.o(i.FSMC_IRQHandler)
    i.GPIO_Configuration                     0x08000410   Section        0  init_sys.o(i.GPIO_Configuration)
    i.GPIO_EXTILineConfig                    0x080004d0   Section        0  stm32f10x_gpio.o(i.GPIO_EXTILineConfig)
    i.GPIO_Init                              0x080004f8   Section        0  stm32f10x_gpio.o(i.GPIO_Init)
    i.GPIO_WriteBit                          0x08000598   Section        0  stm32f10x_gpio.o(i.GPIO_WriteBit)
    i.HardFaultException                     0x080005a2   Section        0  stm32f10x_it.o(i.HardFaultException)
    i.I2C1_ER_IRQHandler                     0x080005a4   Section        0  stm32f10x_it.o(i.I2C1_ER_IRQHandler)
    i.I2C1_EV_IRQHandler                     0x080005a6   Section        0  stm32f10x_it.o(i.I2C1_EV_IRQHandler)
    i.I2C2_ER_IRQHandler                     0x080005a8   Section        0  stm32f10x_it.o(i.I2C2_ER_IRQHandler)
    i.I2C2_EV_IRQHandler                     0x080005aa   Section        0  stm32f10x_it.o(i.I2C2_EV_IRQHandler)
    i.MemManageException                     0x080005ac   Section        0  stm32f10x_it.o(i.MemManageException)
    i.NMIException                           0x080005ae   Section        0  stm32f10x_it.o(i.NMIException)
    i.NVIC_Configuration                     0x080005b0   Section        0  init_sys.o(i.NVIC_Configuration)
    i.NVIC_Init                              0x080005f0   Section        0  stm32f10x_nvic.o(i.NVIC_Init)
    i.NVIC_PriorityGroupConfig               0x08000664   Section        0  stm32f10x_nvic.o(i.NVIC_PriorityGroupConfig)
    i.NVIC_SetVectorTable                    0x08000678   Section        0  stm32f10x_nvic.o(i.NVIC_SetVectorTable)
    i.NVIC_SystemHandlerPriorityConfig       0x0800068c   Section        0  stm32f10x_nvic.o(i.NVIC_SystemHandlerPriorityConfig)
    i.PVD_IRQHandler                         0x080006d8   Section        0  stm32f10x_it.o(i.PVD_IRQHandler)
    i.PendSVC                                0x080006da   Section        0  stm32f10x_it.o(i.PendSVC)
    i.RCC_APB2PeriphClockCmd                 0x080006dc   Section        0  stm32f10x_rcc.o(i.RCC_APB2PeriphClockCmd)
    i.RCC_Configuration                      0x080006f4   Section        0  init_sys.o(i.RCC_Configuration)
    i.RCC_DeInit                             0x08000770   Section        0  stm32f10x_rcc.o(i.RCC_DeInit)
    i.RCC_GetClocksFreq                      0x080007ac   Section        0  stm32f10x_rcc.o(i.RCC_GetClocksFreq)
    i.RCC_GetFlagStatus                      0x08000840   Section        0  stm32f10x_rcc.o(i.RCC_GetFlagStatus)
    i.RCC_GetSYSCLKSource                    0x08000870   Section        0  stm32f10x_rcc.o(i.RCC_GetSYSCLKSource)
    i.RCC_HCLKConfig                         0x08000880   Section        0  stm32f10x_rcc.o(i.RCC_HCLKConfig)
    i.RCC_HSEConfig                          0x08000894   Section        0  stm32f10x_rcc.o(i.RCC_HSEConfig)
    i.RCC_IRQHandler                         0x080008c8   Section        0  stm32f10x_it.o(i.RCC_IRQHandler)
    i.RCC_PCLK1Config                        0x080008cc   Section        0  stm32f10x_rcc.o(i.RCC_PCLK1Config)
    i.RCC_PCLK2Config                        0x080008e0   Section        0  stm32f10x_rcc.o(i.RCC_PCLK2Config)
    i.RCC_PLLCmd                             0x080008f4   Section        0  stm32f10x_rcc.o(i.RCC_PLLCmd)
    i.RCC_PLLConfig                          0x08000900   Section        0  stm32f10x_rcc.o(i.RCC_PLLConfig)
    i.RCC_SYSCLKConfig                       0x08000914   Section        0  stm32f10x_rcc.o(i.RCC_SYSCLKConfig)
    i.RCC_WaitForHSEStartUp                  0x08000928   Section        0  stm32f10x_rcc.o(i.RCC_WaitForHSEStartUp)
    i.RF_ConfigureMode                       0x0800095c   Section        0  rf_ctrl.o(i.RF_ConfigureMode)
    i.RF_FlushRxBuf                          0x08000978   Section        0  rf_ctrl.o(i.RF_FlushRxBuf)
    i.RF_FlushTxBuf                          0x0800098c   Section        0  rf_ctrl.o(i.RF_FlushTxBuf)
    i.RF_Init                                0x080009a0   Section        0  rf_ctrl.o(i.RF_Init)
    i.RF_IrqStatus                           0x08000a0c   Section        0  rf_ctrl.o(i.RF_IrqStatus)
    i.RF_NormalMode                          0x08000a1c   Section        0  rf_ctrl.o(i.RF_NormalMode)
    i.RF_ReceiveData                         0x08000a30   Section        0  rf_ctrl.o(i.RF_ReceiveData)
    i.RTCAlarm_IRQHandler                    0x08000a50   Section        0  stm32f10x_it.o(i.RTCAlarm_IRQHandler)
    i.RTC_IRQHandler                         0x08000a52   Section        0  stm32f10x_it.o(i.RTC_IRQHandler)
    i.SDIO_IRQHandler                        0x08000a54   Section        0  stm32f10x_it.o(i.SDIO_IRQHandler)
    i.SPI1_Configuration                     0x08000a58   Section        0  init_sys.o(i.SPI1_Configuration)
    i.SPI1_IRQHandler                        0x08000aa8   Section        0  stm32f10x_it.o(i.SPI1_IRQHandler)
    i.SPI2_IRQHandler                        0x08000aaa   Section        0  stm32f10x_it.o(i.SPI2_IRQHandler)
    i.SPI3_IRQHandler                        0x08000aac   Section        0  stm32f10x_it.o(i.SPI3_IRQHandler)
    i.SPI_Cmd                                0x08000aae   Section        0  stm32f10x_spi.o(i.SPI_Cmd)
    i.SPI_I2S_GetFlagStatus                  0x08000ac2   Section        0  stm32f10x_spi.o(i.SPI_I2S_GetFlagStatus)
    i.SPI_I2S_ReceiveData                    0x08000ad0   Section        0  stm32f10x_spi.o(i.SPI_I2S_ReceiveData)
    i.SPI_I2S_SendData                       0x08000ad4   Section        0  stm32f10x_spi.o(i.SPI_I2S_SendData)
    i.SPI_Init                               0x08000ad8   Section        0  stm32f10x_spi.o(i.SPI_Init)
    i.SVCHandler                             0x08000b10   Section        0  stm32f10x_it.o(i.SVCHandler)
    i.SysTickHandler                         0x08000b12   Section        0  stm32f10x_it.o(i.SysTickHandler)
    i.SysTick_CLKSourceConfig                0x08000b16   Section        0  stm32f10x_systick.o(i.SysTick_CLKSourceConfig)
    i.SysTick_CounterCmd                     0x08000b2e   Section        0  stm32f10x_systick.o(i.SysTick_CounterCmd)
    i.SysTick_ITConfig                       0x08000b52   Section        0  stm32f10x_systick.o(i.SysTick_ITConfig)
    i.SysTick_SetReload                      0x08000b6a   Section        0  stm32f10x_systick.o(i.SysTick_SetReload)
    i.SysTick_init                           0x08000b72   Section        0  init_sys.o(i.SysTick_init)
    i.TAMPER_IRQHandler                      0x08000b8c   Section        0  stm32f10x_it.o(i.TAMPER_IRQHandler)
    i.TIM1_BRK_IRQHandler                    0x08000b8e   Section        0  stm32f10x_it.o(i.TIM1_BRK_IRQHandler)
    i.TIM1_CC_IRQHandler                     0x08000b90   Section        0  stm32f10x_it.o(i.TIM1_CC_IRQHandler)
    i.TIM1_TRG_COM_IRQHandler                0x08000b92   Section        0  stm32f10x_it.o(i.TIM1_TRG_COM_IRQHandler)
    i.TIM1_UP_IRQHandler                     0x08000b94   Section        0  stm32f10x_it.o(i.TIM1_UP_IRQHandler)
    i.TIM2_IRQHandler                        0x08000b96   Section        0  stm32f10x_it.o(i.TIM2_IRQHandler)
    i.TIM3_IRQHandler                        0x08000b98   Section        0  stm32f10x_it.o(i.TIM3_IRQHandler)
    i.TIM4_IRQHandler                        0x08000b9a   Section        0  stm32f10x_it.o(i.TIM4_IRQHandler)
    i.TIM5_IRQHandler                        0x08000b9c   Section        0  stm32f10x_it.o(i.TIM5_IRQHandler)
    i.TIM6_IRQHandler                        0x08000b9e   Section        0  stm32f10x_it.o(i.TIM6_IRQHandler)
    i.TIM7_IRQHandler                        0x08000ba0   Section        0  stm32f10x_it.o(i.TIM7_IRQHandler)
    i.TIM8_BRK_IRQHandler                    0x08000ba2   Section        0  stm32f10x_it.o(i.TIM8_BRK_IRQHandler)
    i.TIM8_CC_IRQHandler                     0x08000ba4   Section        0  stm32f10x_it.o(i.TIM8_CC_IRQHandler)
    i.TIM8_TRG_COM_IRQHandler                0x08000ba6   Section        0  stm32f10x_it.o(i.TIM8_TRG_COM_IRQHandler)
    i.TIM8_UP_IRQHandler                     0x08000ba8   Section        0  stm32f10x_it.o(i.TIM8_UP_IRQHandler)
    i.TimingDelay_Decrement                  0x08000bac   Section        0  timedelay.o(i.TimingDelay_Decrement)
    i.UART4_IRQHandler                       0x08000bc0   Section        0  stm32f10x_it.o(i.UART4_IRQHandler)
    i.UART5_IRQHandler                       0x08000bc2   Section        0  stm32f10x_it.o(i.UART5_IRQHandler)
    i.USART1_IRQHandler                      0x08000bc4   Section        0  stm32f10x_it.o(i.USART1_IRQHandler)
    i.USART2_IRQHandler                      0x08000bc6   Section        0  stm32f10x_it.o(i.USART2_IRQHandler)
    i.USART3_IRQHandler                      0x08000bc8   Section        0  stm32f10x_it.o(i.USART3_IRQHandler)
    i.USART_ClockInit                        0x08000bca   Section        0  stm32f10x_usart.o(i.USART_ClockInit)
    i.USART_Cmd                              0x08000be8   Section        0  stm32f10x_usart.o(i.USART_Cmd)
    i.USART_Configuration                    0x08000bfc   Section        0  init_sys.o(i.USART_Configuration)
    i.USART_GetFlagStatus                    0x08000c54   Section        0  stm32f10x_usart.o(i.USART_GetFlagStatus)
    i.USART_Init                             0x08000c64   Section        0  stm32f10x_usart.o(i.USART_Init)
    i.USART_SendData                         0x08000cec   Section        0  stm32f10x_usart.o(i.USART_SendData)
    i.USBWakeUp_IRQHandler                   0x08000cf4   Section        0  stm32f10x_it.o(i.USBWakeUp_IRQHandler)
    i.USB_HP_CAN_TX_IRQHandler               0x08000cf6   Section        0  stm32f10x_it.o(i.USB_HP_CAN_TX_IRQHandler)
    i.USB_LP_CAN_RX0_IRQHandler              0x08000cf8   Section        0  stm32f10x_it.o(i.USB_LP_CAN_RX0_IRQHandler)
    i.UsageFaultException                    0x08000cfa   Section        0  stm32f10x_it.o(i.UsageFaultException)
    i.WWDG_IRQHandler                        0x08000cfc   Section        0  stm32f10x_it.o(i.WWDG_IRQHandler)
    i.__0printf$5                            0x08000d00   Section        0  printf5.o(i.__0printf$5)
    i.__scatterload_copy                     0x08000d20   Section       14  handlers.o(i.__scatterload_copy)
    i.__scatterload_null                     0x08000d2e   Section        2  handlers.o(i.__scatterload_null)
    i.__scatterload_zeroinit                 0x08000d30   Section       14  handlers.o(i.__scatterload_zeroinit)
    i._printf_core                           0x08000d40   Section        0  printf5.o(i._printf_core)
    _printf_core                             0x08000d41   Thumb Code   658  printf5.o(i._printf_core)
    i.fputc                                  0x08001000   Section        0  main.o(i.fputc)
    i.main                                   0x08001024   Section        0  main.o(i.main)
    i.spi_get_cur_pipenum                    0x0800111c   Section        0  rf_spi.o(i.spi_get_cur_pipenum)
    i.spi_get_pipe_dwidth                    0x08001128   Section        0  rf_spi.o(i.spi_get_pipe_dwidth)
    i.spi_get_status                         0x08001130   Section        0  rf_spi.o(i.spi_get_status)
    i.spi_push                               0x08001138   Section        0  rf_spi.o(i.spi_push)
    i.spi_push_reg                           0x08001174   Section        0  rf_spi.o(i.spi_push_reg)
    i.spi_read                               0x080011b8   Section        0  rf_spi.o(i.spi_read)
    i.spi_read_buf                           0x080011e8   Section        0  rf_spi.o(i.spi_read_buf)
    i.spi_read_rxpayload                     0x08001230   Section        0  rf_spi.o(i.spi_read_rxpayload)
    i.spi_write_buf                          0x08001258   Section        0  rf_spi.o(i.spi_write_buf)
    .constdata                               0x080012b0   Section       20  stm32f10x_rcc.o(.constdata)
    ADCPrescTable                            0x080012b0   Data           4  stm32f10x_rcc.o(.constdata)
    APBAHBPrescTable                         0x080012b4   Data          16  stm32f10x_rcc.o(.constdata)
    .data                                    0x20000000   Section        4  timedelay.o(.data)
    .data                                    0x20000004   Section        8  stm32f10x_rcc.o(.data)
    HSEStatus                                0x20000004   Data           1  stm32f10x_rcc.o(.data)
    StartUpCounter                           0x20000008   Data           4  stm32f10x_rcc.o(.data)
    .data                                    0x2000000c   Section        4  stdout.o(.data)
    .bss                                     0x20000010   Section       32  main.o(.bss)
    STACK                                    0x20000030   Section     1024  stm32f10x_vector.o(STACK)

    Global Symbols

    Symbol Name                              Value     Ov Type        Size  Object(Section)

    BuildAttributes$$THM_ISAv4$P$D$K$B$S$PE$A:L22UL41UL21$X:L11$S22US41US21$IEEE1$IW$USESV6$~STKCKD$USESV7$~SHL$OSPACE$ROPI$EBA8$MICROLIB$REQ8$PRES8$EABIv2 0x00000000   Number         0  anon$$obj.o ABSOLUTE
    __ARM_use_no_argv                        0x00000000   Number         0  main.o ABSOLUTE
    _printf_a                                0x00000000   Number         0  stubs.o ABSOLUTE
    _printf_c                                0x00000000   Number         0  stubs.o ABSOLUTE
    _printf_charcount                        0x00000000   Number         0  stubs.o ABSOLUTE
    _printf_d                                0x00000000   Number         0  stubs.o ABSOLUTE
    _printf_e                                0x00000000   Number         0  stubs.o ABSOLUTE
    _printf_f                                0x00000000   Number         0  stubs.o ABSOLUTE
    _printf_flags                            0x00000000   Number         0  stubs.o ABSOLUTE
    _printf_fp_dec                           0x00000000   Number         0  stubs.o ABSOLUTE
    _printf_fp_hex                           0x00000000   Number         0  stubs.o ABSOLUTE
    _printf_g                                0x00000000   Number         0  stubs.o ABSOLUTE
    _printf_i                                0x00000000   Number         0  stubs.o ABSOLUTE
    _printf_int_dec                          0x00000000   Number         0  stubs.o ABSOLUTE
    _printf_l                                0x00000000   Number         0  stubs.o ABSOLUTE
    _printf_lc                               0x00000000   Number         0  stubs.o ABSOLUTE
    _printf_ll                               0x00000000   Number         0  stubs.o ABSOLUTE
    _printf_lld                              0x00000000   Number         0  stubs.o ABSOLUTE
    _printf_lli                              0x00000000   Number         0  stubs.o ABSOLUTE
    _printf_llo                              0x00000000   Number         0  stubs.o ABSOLUTE
    _printf_llu                              0x00000000   Number         0  stubs.o ABSOLUTE
    _printf_llx                              0x00000000   Number         0  stubs.o ABSOLUTE
    _printf_longlong_dec                     0x00000000   Number         0  stubs.o ABSOLUTE
    _printf_longlong_hex                     0x00000000   Number         0  stubs.o ABSOLUTE
    _printf_longlong_oct                     0x00000000   Number         0  stubs.o ABSOLUTE
    _printf_ls                               0x00000000   Number         0  stubs.o ABSOLUTE
    _printf_mbtowc                           0x00000000   Number         0  stubs.o ABSOLUTE
    _printf_n                                0x00000000   Number         0  stubs.o ABSOLUTE
    _printf_o                                0x00000000   Number         0  stubs.o ABSOLUTE
    _printf_p                                0x00000000   Number         0  stubs.o ABSOLUTE
    _printf_percent                          0x00000000   Number         0  stubs.o ABSOLUTE
    _printf_pre_padding                      0x00000000   Number         0  stubs.o ABSOLUTE
    _printf_return_value                     0x00000000   Number         0  stubs.o ABSOLUTE
    _printf_s                                0x00000000   Number         0  stubs.o ABSOLUTE
    _printf_sizespec                         0x00000000   Number         0  stubs.o ABSOLUTE
    _printf_str                              0x00000000   Number         0  stubs.o ABSOLUTE
    _printf_truncate_signed                  0x00000000   Number         0  stubs.o ABSOLUTE
    _printf_truncate_unsigned                0x00000000   Number         0  stubs.o ABSOLUTE
    _printf_u                                0x00000000   Number         0  stubs.o ABSOLUTE
    _printf_wc                               0x00000000   Number         0  stubs.o ABSOLUTE
    _printf_wctomb                           0x00000000   Number         0  stubs.o ABSOLUTE
    _printf_widthprec                        0x00000000   Number         0  stubs.o ABSOLUTE
    _printf_x                                0x00000000   Number         0  stubs.o ABSOLUTE
    __cpp_initialize__aeabi_                  - Undefined Weak Reference
    __cxa_finalize                            - Undefined Weak Reference
    __decompress                              - Undefined Weak Reference
    _clock_init                               - Undefined Weak Reference
    _microlib_exit                            - Undefined Weak Reference
    __Vectors                                0x08000000   Data           4  stm32f10x_vector.o(RESET)
    __main                                   0x08000131   Thumb Code     0  entry.o(.ARM.Collect$$$$00000000)
    _main_stk                                0x08000131   Thumb Code     0  entry2.o(.ARM.Collect$$$$00000001)
    _main_scatterload                        0x08000135   Thumb Code     0  entry5.o(.ARM.Collect$$$$00000004)
    __main_after_scatterload                 0x08000139   Thumb Code     0  entry5.o(.ARM.Collect$$$$00000004)
    _main_clock                              0x08000139   Thumb Code     0  entry7b.o(.ARM.Collect$$$$00000008)
    _main_cpp_init                           0x08000139   Thumb Code     0  entry8b.o(.ARM.Collect$$$$0000000A)
    _main_init                               0x08000139   Thumb Code     0  entry9a.o(.ARM.Collect$$$$0000000B)
    __rt_final_cpp                           0x08000141   Thumb Code     0  entry10a.o(.ARM.Collect$$$$0000000D)
    __rt_final_exit                          0x08000141   Thumb Code     0  entry11a.o(.ARM.Collect$$$$0000000F)
    Reset_Handler                            0x08000145   Thumb Code     4  stm32f10x_vector.o(.text)
    __aeabi_uldivmod                         0x0800014d   Thumb Code    98  uldiv.o(.text)
    __scatterload                            0x080001b1   Thumb Code    28  init.o(.text)
    __scatterload_rt2                        0x080001b1   Thumb Code     0  init.o(.text)
    __aeabi_llsl                             0x080001d5   Thumb Code    30  llshl.o(.text)
    _ll_shift_l                              0x080001d5   Thumb Code     0  llshl.o(.text)
    __aeabi_llsr                             0x080001f3   Thumb Code    32  llushr.o(.text)
    _ll_ushift_r                             0x080001f3   Thumb Code     0  llushr.o(.text)
    ADC1_2_IRQHandler                        0x08000213   Thumb Code     2  stm32f10x_it.o(i.ADC1_2_IRQHandler)
    ADC3_IRQHandler                          0x08000215   Thumb Code     2  stm32f10x_it.o(i.ADC3_IRQHandler)
    BusFaultException                        0x08000217   Thumb Code     2  stm32f10x_it.o(i.BusFaultException)
    CAN_RX1_IRQHandler                       0x08000219   Thumb Code     2  stm32f10x_it.o(i.CAN_RX1_IRQHandler)
    CAN_SCE_IRQHandler                       0x0800021b   Thumb Code     2  stm32f10x_it.o(i.CAN_SCE_IRQHandler)
    DMA1_Channel1_IRQHandler                 0x0800021d   Thumb Code     2  stm32f10x_it.o(i.DMA1_Channel1_IRQHandler)
    DMA1_Channel2_IRQHandler                 0x0800021f   Thumb Code     2  stm32f10x_it.o(i.DMA1_Channel2_IRQHandler)
    DMA1_Channel3_IRQHandler                 0x08000221   Thumb Code     2  stm32f10x_it.o(i.DMA1_Channel3_IRQHandler)
    DMA1_Channel4_IRQHandler                 0x08000223   Thumb Code     2  stm32f10x_it.o(i.DMA1_Channel4_IRQHandler)
    DMA1_Channel5_IRQHandler                 0x08000225   Thumb Code     2  stm32f10x_it.o(i.DMA1_Channel5_IRQHandler)
    DMA1_Channel6_IRQHandler                 0x08000227   Thumb Code     2  stm32f10x_it.o(i.DMA1_Channel6_IRQHandler)
    DMA1_Channel7_IRQHandler                 0x08000229   Thumb Code     2  stm32f10x_it.o(i.DMA1_Channel7_IRQHandler)
    DMA2_Channel1_IRQHandler                 0x0800022b   Thumb Code     2  stm32f10x_it.o(i.DMA2_Channel1_IRQHandler)
    DMA2_Channel2_IRQHandler                 0x0800022d   Thumb Code     2  stm32f10x_it.o(i.DMA2_Channel2_IRQHandler)
    DMA2_Channel3_IRQHandler                 0x0800022f   Thumb Code     2  stm32f10x_it.o(i.DMA2_Channel3_IRQHandler)
    DMA2_Channel4_5_IRQHandler               0x08000231   Thumb Code     2  stm32f10x_it.o(i.DMA2_Channel4_5_IRQHandler)
    DebugMonitor                             0x08000233   Thumb Code     2  stm32f10x_it.o(i.DebugMonitor)
    Delay                                    0x08000235   Thumb Code    36  timedelay.o(i.Delay)
    EXTI0_IRQHandler                         0x0800025d   Thumb Code     2  stm32f10x_it.o(i.EXTI0_IRQHandler)
    EXTI15_10_IRQHandler                     0x0800025f   Thumb Code     2  stm32f10x_it.o(i.EXTI15_10_IRQHandler)
    EXTI1_IRQHandler                         0x08000261   Thumb Code     2  stm32f10x_it.o(i.EXTI1_IRQHandler)
    EXTI2_IRQHandler                         0x08000265   Thumb Code    78  stm32f10x_it.o(i.EXTI2_IRQHandler)
    EXTI3_IRQHandler                         0x080002dd   Thumb Code     2  stm32f10x_it.o(i.EXTI3_IRQHandler)
    EXTI4_IRQHandler                         0x080002df   Thumb Code     2  stm32f10x_it.o(i.EXTI4_IRQHandler)
    EXTI9_5_IRQHandler                       0x080002e1   Thumb Code     2  stm32f10x_it.o(i.EXTI9_5_IRQHandler)
    EXTI_ClearITPendingBit                   0x080002e5   Thumb Code     6  stm32f10x_exti.o(i.EXTI_ClearITPendingBit)
    EXTI_Configuration                       0x080002f1   Thumb Code    46  init_sys.o(i.EXTI_Configuration)
    EXTI_GenerateSWInterrupt                 0x08000321   Thumb Code    10  stm32f10x_exti.o(i.EXTI_GenerateSWInterrupt)
    EXTI_GetITStatus                         0x08000331   Thumb Code    24  stm32f10x_exti.o(i.EXTI_GetITStatus)
    EXTI_Init                                0x0800034d   Thumb Code   134  stm32f10x_exti.o(i.EXTI_Init)
    FLASH_IRQHandler                         0x080003d9   Thumb Code     2  stm32f10x_it.o(i.FLASH_IRQHandler)
    FLASH_PrefetchBufferCmd                  0x080003dd   Thumb Code    18  stm32f10x_flash.o(i.FLASH_PrefetchBufferCmd)
    FLASH_SetLatency                         0x080003f5   Thumb Code    18  stm32f10x_flash.o(i.FLASH_SetLatency)
    FSMC_IRQHandler                          0x0800040d   Thumb Code     2  stm32f10x_it.o(i.FSMC_IRQHandler)
    GPIO_Configuration                       0x08000411   Thumb Code   184  init_sys.o(i.GPIO_Configuration)
    GPIO_EXTILineConfig                      0x080004d1   Thumb Code    34  stm32f10x_gpio.o(i.GPIO_EXTILineConfig)
    GPIO_Init                                0x080004f9   Thumb Code   160  stm32f10x_gpio.o(i.GPIO_Init)
    GPIO_WriteBit                            0x08000599   Thumb Code    10  stm32f10x_gpio.o(i.GPIO_WriteBit)
    HardFaultException                       0x080005a3   Thumb Code     2  stm32f10x_it.o(i.HardFaultException)
    I2C1_ER_IRQHandler                       0x080005a5   Thumb Code     2  stm32f10x_it.o(i.I2C1_ER_IRQHandler)
    I2C1_EV_IRQHandler                       0x080005a7   Thumb Code     2  stm32f10x_it.o(i.I2C1_EV_IRQHandler)
    I2C2_ER_IRQHandler                       0x080005a9   Thumb Code     2  stm32f10x_it.o(i.I2C2_ER_IRQHandler)
    I2C2_EV_IRQHandler                       0x080005ab   Thumb Code     2  stm32f10x_it.o(i.I2C2_EV_IRQHandler)
    MemManageException                       0x080005ad   Thumb Code     2  stm32f10x_it.o(i.MemManageException)
    NMIException                             0x080005af   Thumb Code     2  stm32f10x_it.o(i.NMIException)
    NVIC_Configuration                       0x080005b1   Thumb Code    56  init_sys.o(i.NVIC_Configuration)
    NVIC_Init                                0x080005f1   Thumb Code   116  stm32f10x_nvic.o(i.NVIC_Init)
    NVIC_PriorityGroupConfig                 0x08000665   Thumb Code    10  stm32f10x_nvic.o(i.NVIC_PriorityGroupConfig)
    NVIC_SetVectorTable                      0x08000679   Thumb Code    12  stm32f10x_nvic.o(i.NVIC_SetVectorTable)
    NVIC_SystemHandlerPriorityConfig         0x0800068d   Thumb Code    76  stm32f10x_nvic.o(i.NVIC_SystemHandlerPriorityConfig)
    PVD_IRQHandler                           0x080006d9   Thumb Code     2  stm32f10x_it.o(i.PVD_IRQHandler)
    PendSVC                                  0x080006db   Thumb Code     2  stm32f10x_it.o(i.PendSVC)
    RCC_APB2PeriphClockCmd                   0x080006dd   Thumb Code    18  stm32f10x_rcc.o(i.RCC_APB2PeriphClockCmd)
    RCC_Configuration                        0x080006f5   Thumb Code   124  init_sys.o(i.RCC_Configuration)
    RCC_DeInit                               0x08000771   Thumb Code    48  stm32f10x_rcc.o(i.RCC_DeInit)
    RCC_GetClocksFreq                        0x080007ad   Thumb Code   132  stm32f10x_rcc.o(i.RCC_GetClocksFreq)
    RCC_GetFlagStatus                        0x08000841   Thumb Code    42  stm32f10x_rcc.o(i.RCC_GetFlagStatus)
    RCC_GetSYSCLKSource                      0x08000871   Thumb Code    10  stm32f10x_rcc.o(i.RCC_GetSYSCLKSource)
    RCC_HCLKConfig                           0x08000881   Thumb Code    14  stm32f10x_rcc.o(i.RCC_HCLKConfig)
    RCC_HSEConfig                            0x08000895   Thumb Code    48  stm32f10x_rcc.o(i.RCC_HSEConfig)
    RCC_IRQHandler                           0x080008c9   Thumb Code     2  stm32f10x_it.o(i.RCC_IRQHandler)
    RCC_PCLK1Config                          0x080008cd   Thumb Code    14  stm32f10x_rcc.o(i.RCC_PCLK1Config)
    RCC_PCLK2Config                          0x080008e1   Thumb Code    16  stm32f10x_rcc.o(i.RCC_PCLK2Config)
    RCC_PLLCmd                               0x080008f5   Thumb Code     6  stm32f10x_rcc.o(i.RCC_PLLCmd)
    RCC_PLLConfig                            0x08000901   Thumb Code    16  stm32f10x_rcc.o(i.RCC_PLLConfig)
    RCC_SYSCLKConfig                         0x08000915   Thumb Code    14  stm32f10x_rcc.o(i.RCC_SYSCLKConfig)
    RCC_WaitForHSEStartUp                    0x08000929   Thumb Code    46  stm32f10x_rcc.o(i.RCC_WaitForHSEStartUp)
    RF_ConfigureMode                         0x0800095d   Thumb Code    24  rf_ctrl.o(i.RF_ConfigureMode)
    RF_FlushRxBuf                            0x08000979   Thumb Code    20  rf_ctrl.o(i.RF_FlushRxBuf)
    RF_FlushTxBuf                            0x0800098d   Thumb Code    20  rf_ctrl.o(i.RF_FlushTxBuf)
    RF_Init                                  0x080009a1   Thumb Code   108  rf_ctrl.o(i.RF_Init)
    RF_IrqStatus                             0x08000a0d   Thumb Code    16  rf_ctrl.o(i.RF_IrqStatus)
    RF_NormalMode                            0x08000a1d   Thumb Code    16  rf_ctrl.o(i.RF_NormalMode)
    RF_ReceiveData                           0x08000a31   Thumb Code    32  rf_ctrl.o(i.RF_ReceiveData)
    RTCAlarm_IRQHandler                      0x08000a51   Thumb Code     2  stm32f10x_it.o(i.RTCAlarm_IRQHandler)
    RTC_IRQHandler                           0x08000a53   Thumb Code     2  stm32f10x_it.o(i.RTC_IRQHandler)
    SDIO_IRQHandler                          0x08000a55   Thumb Code     2  stm32f10x_it.o(i.SDIO_IRQHandler)
    SPI1_Configuration                       0x08000a59   Thumb Code    76  init_sys.o(i.SPI1_Configuration)
    SPI1_IRQHandler                          0x08000aa9   Thumb Code     2  stm32f10x_it.o(i.SPI1_IRQHandler)
    SPI2_IRQHandler                          0x08000aab   Thumb Code     2  stm32f10x_it.o(i.SPI2_IRQHandler)
    SPI3_IRQHandler                          0x08000aad   Thumb Code     2  stm32f10x_it.o(i.SPI3_IRQHandler)
    SPI_Cmd                                  0x08000aaf   Thumb Code    20  stm32f10x_spi.o(i.SPI_Cmd)
    SPI_I2S_GetFlagStatus                    0x08000ac3   Thumb Code    14  stm32f10x_spi.o(i.SPI_I2S_GetFlagStatus)
    SPI_I2S_ReceiveData                      0x08000ad1   Thumb Code     4  stm32f10x_spi.o(i.SPI_I2S_ReceiveData)
    SPI_I2S_SendData                         0x08000ad5   Thumb Code     4  stm32f10x_spi.o(i.SPI_I2S_SendData)
    SPI_Init                                 0x08000ad9   Thumb Code    56  stm32f10x_spi.o(i.SPI_Init)
    SVCHandler                               0x08000b11   Thumb Code     2  stm32f10x_it.o(i.SVCHandler)
    SysTickHandler                           0x08000b13   Thumb Code     4  stm32f10x_it.o(i.SysTickHandler)
    SysTick_CLKSourceConfig                  0x08000b17   Thumb Code    24  stm32f10x_systick.o(i.SysTick_CLKSourceConfig)
    SysTick_CounterCmd                       0x08000b2f   Thumb Code    36  stm32f10x_systick.o(i.SysTick_CounterCmd)
    SysTick_ITConfig                         0x08000b53   Thumb Code    24  stm32f10x_systick.o(i.SysTick_ITConfig)
    SysTick_SetReload                        0x08000b6b   Thumb Code     8  stm32f10x_systick.o(i.SysTick_SetReload)
    SysTick_init                             0x08000b73   Thumb Code    26  init_sys.o(i.SysTick_init)
    TAMPER_IRQHandler                        0x08000b8d   Thumb Code     2  stm32f10x_it.o(i.TAMPER_IRQHandler)
    TIM1_BRK_IRQHandler                      0x08000b8f   Thumb Code     2  stm32f10x_it.o(i.TIM1_BRK_IRQHandler)
    TIM1_CC_IRQHandler                       0x08000b91   Thumb Code     2  stm32f10x_it.o(i.TIM1_CC_IRQHandler)
    TIM1_TRG_COM_IRQHandler                  0x08000b93   Thumb Code     2  stm32f10x_it.o(i.TIM1_TRG_COM_IRQHandler)
    TIM1_UP_IRQHandler                       0x08000b95   Thumb Code     2  stm32f10x_it.o(i.TIM1_UP_IRQHandler)
    TIM2_IRQHandler                          0x08000b97   Thumb Code     2  stm32f10x_it.o(i.TIM2_IRQHandler)
    TIM3_IRQHandler                          0x08000b99   Thumb Code     2  stm32f10x_it.o(i.TIM3_IRQHandler)
    TIM4_IRQHandler                          0x08000b9b   Thumb Code     2  stm32f10x_it.o(i.TIM4_IRQHandler)
    TIM5_IRQHandler                          0x08000b9d   Thumb Code     2  stm32f10x_it.o(i.TIM5_IRQHandler)
    TIM6_IRQHandler                          0x08000b9f   Thumb Code     2  stm32f10x_it.o(i.TIM6_IRQHandler)
    TIM7_IRQHandler                          0x08000ba1   Thumb Code     2  stm32f10x_it.o(i.TIM7_IRQHandler)
    TIM8_BRK_IRQHandler                      0x08000ba3   Thumb Code     2  stm32f10x_it.o(i.TIM8_BRK_IRQHandler)
    TIM8_CC_IRQHandler                       0x08000ba5   Thumb Code     2  stm32f10x_it.o(i.TIM8_CC_IRQHandler)
    TIM8_TRG_COM_IRQHandler                  0x08000ba7   Thumb Code     2  stm32f10x_it.o(i.TIM8_TRG_COM_IRQHandler)
    TIM8_UP_IRQHandler                       0x08000ba9   Thumb Code     2  stm32f10x_it.o(i.TIM8_UP_IRQHandler)
    TimingDelay_Decrement                    0x08000bad   Thumb Code    16  timedelay.o(i.TimingDelay_Decrement)
    UART4_IRQHandler                         0x08000bc1   Thumb Code     2  stm32f10x_it.o(i.UART4_IRQHandler)
    UART5_IRQHandler                         0x08000bc3   Thumb Code     2  stm32f10x_it.o(i.UART5_IRQHandler)
    USART1_IRQHandler                        0x08000bc5   Thumb Code     2  stm32f10x_it.o(i.USART1_IRQHandler)
    USART2_IRQHandler                        0x08000bc7   Thumb Code     2  stm32f10x_it.o(i.USART2_IRQHandler)
    USART3_IRQHandler                        0x08000bc9   Thumb Code     2  stm32f10x_it.o(i.USART3_IRQHandler)
    USART_ClockInit                          0x08000bcb   Thumb Code    30  stm32f10x_usart.o(i.USART_ClockInit)
    USART_Cmd                                0x08000be9   Thumb Code    20  stm32f10x_usart.o(i.USART_Cmd)
    USART_Configuration                      0x08000bfd   Thumb Code    84  init_sys.o(i.USART_Configuration)
    USART_GetFlagStatus                      0x08000c55   Thumb Code    14  stm32f10x_usart.o(i.USART_GetFlagStatus)
    USART_Init                               0x08000c65   Thumb Code   130  stm32f10x_usart.o(i.USART_Init)
    USART_SendData                           0x08000ced   Thumb Code     8  stm32f10x_usart.o(i.USART_SendData)
    USBWakeUp_IRQHandler                     0x08000cf5   Thumb Code     2  stm32f10x_it.o(i.USBWakeUp_IRQHandler)
    USB_HP_CAN_TX_IRQHandler                 0x08000cf7   Thumb Code     2  stm32f10x_it.o(i.USB_HP_CAN_TX_IRQHandler)
    USB_LP_CAN_RX0_IRQHandler                0x08000cf9   Thumb Code     2  stm32f10x_it.o(i.USB_LP_CAN_RX0_IRQHandler)
    UsageFaultException                      0x08000cfb   Thumb Code     2  stm32f10x_it.o(i.UsageFaultException)
    WWDG_IRQHandler                          0x08000cfd   Thumb Code     2  stm32f10x_it.o(i.WWDG_IRQHandler)
    __0printf$5                              0x08000d01   Thumb Code    22  printf5.o(i.__0printf$5)
    __1printf$5                              0x08000d01   Thumb Code     0  printf5.o(i.__0printf$5)
    __2printf                                0x08000d01   Thumb Code     0  printf5.o(i.__0printf$5)
    __scatterload_copy                       0x08000d21   Thumb Code    14  handlers.o(i.__scatterload_copy)
    __scatterload_null                       0x08000d2f   Thumb Code     2  handlers.o(i.__scatterload_null)
    __scatterload_zeroinit                   0x08000d31   Thumb Code    14  handlers.o(i.__scatterload_zeroinit)
    fputc                                    0x08001001   Thumb Code    30  main.o(i.fputc)
    main                                     0x08001025   Thumb Code   178  main.o(i.main)
    spi_get_cur_pipenum                      0x0800111d   Thumb Code    12  rf_spi.o(i.spi_get_cur_pipenum)
    spi_get_pipe_dwidth                      0x08001129   Thumb Code     8  rf_spi.o(i.spi_get_pipe_dwidth)
    spi_get_status                           0x08001131   Thumb Code     6  rf_spi.o(i.spi_get_status)
    spi_push                                 0x08001139   Thumb Code    54  rf_spi.o(i.spi_push)
    spi_push_reg                             0x08001175   Thumb Code    62  rf_spi.o(i.spi_push_reg)
    spi_read                                 0x080011b9   Thumb Code    44  rf_spi.o(i.spi_read)
    spi_read_buf                             0x080011e9   Thumb Code    68  rf_spi.o(i.spi_read_buf)
    spi_read_rxpayload                       0x08001231   Thumb Code    40  rf_spi.o(i.spi_read_rxpayload)
    spi_write_buf                            0x08001259   Thumb Code    84  rf_spi.o(i.spi_write_buf)
    Region$$Table$$Base                      0x080012c4   Number         0  anon$$obj.o(Region$$Table)
    Region$$Table$$Limit                     0x080012e4   Number         0  anon$$obj.o(Region$$Table)
    TimingDelay                              0x20000000   Data           4  timedelay.o(.data)
    __stdout                                 0x2000000c   Data           4  stdout.o(.data)
    rfrx_payload                             0x20000010   Data          32  main.o(.bss)
    __initial_sp                             0x20000430   Data           0  stm32f10x_vector.o(STACK)



==============================================================================

Memory Map of the image

  Image Entry point : 0x08000131

  Load Region LR_IROM1 (Base: 0x08000000, Size: 0x000012f4, Max: 0x00040000, ABSOLUTE)

    Execution Region ER_IROM1 (Exec base: 0x08000000, Load base: 0x08000000, Size: 0x000012e4, Max: 0x00040000, ABSOLUTE)

    Exec Addr    Load Addr    Size         Type   Attr      Idx    E Section Name        Object

    0x08000000   0x08000000   0x00000130   Data   RO          547    RESET               stm32f10x_vector.o
    0x08000130   0x08000130   0x00000000   Code   RO         1923  * .ARM.Collect$$$$00000000  mc_w.l(entry.o)
    0x08000130   0x08000130   0x00000004   Code   RO         2187    .ARM.Collect$$$$00000001  mc_w.l(entry2.o)
    0x08000134   0x08000134   0x00000004   Code   RO         2190    .ARM.Collect$$$$00000004  mc_w.l(entry5.o)
    0x08000138   0x08000138   0x00000000   Code   RO         2192    .ARM.Collect$$$$00000008  mc_w.l(entry7b.o)
    0x08000138   0x08000138   0x00000000   Code   RO         2194    .ARM.Collect$$$$0000000A  mc_w.l(entry8b.o)
    0x08000138   0x08000138   0x00000008   Code   RO         2195    .ARM.Collect$$$$0000000B  mc_w.l(entry9a.o)
    0x08000140   0x08000140   0x00000000   Code   RO         2197    .ARM.Collect$$$$0000000D  mc_w.l(entry10a.o)
    0x08000140   0x08000140   0x00000000   Code   RO         2199    .ARM.Collect$$$$0000000F  mc_w.l(entry11a.o)
    0x08000140   0x08000140   0x00000004   Code   RO         2188    .ARM.Collect$$$$00002712  mc_w.l(entry2.o)
    0x08000144   0x08000144   0x00000008   Code   RO          548    .text               stm32f10x_vector.o
    0x0800014c   0x0800014c   0x00000062   Code   RO         2204    .text               mc_w.l(uldiv.o)
    0x080001ae   0x080001ae   0x00000002   PAD
    0x080001b0   0x080001b0   0x00000024   Code   RO         2217    .text               mc_w.l(init.o)
    0x080001d4   0x080001d4   0x0000001e   Code   RO         2219    .text               mc_w.l(llshl.o)
    0x080001f2   0x080001f2   0x00000020   Code   RO         2221    .text               mc_w.l(llushr.o)
    0x08000212   0x08000212   0x00000002   Code   RO          121    i.ADC1_2_IRQHandler  stm32f10x_it.o
    0x08000214   0x08000214   0x00000002   Code   RO          122    i.ADC3_IRQHandler   stm32f10x_it.o
    0x08000216   0x08000216   0x00000002   Code   RO          123    i.BusFaultException  stm32f10x_it.o
    0x08000218   0x08000218   0x00000002   Code   RO          124    i.CAN_RX1_IRQHandler  stm32f10x_it.o
    0x0800021a   0x0800021a   0x00000002   Code   RO          125    i.CAN_SCE_IRQHandler  stm32f10x_it.o
    0x0800021c   0x0800021c   0x00000002   Code   RO          126    i.DMA1_Channel1_IRQHandler  stm32f10x_it.o
    0x0800021e   0x0800021e   0x00000002   Code   RO          127    i.DMA1_Channel2_IRQHandler  stm32f10x_it.o
    0x08000220   0x08000220   0x00000002   Code   RO          128    i.DMA1_Channel3_IRQHandler  stm32f10x_it.o
    0x08000222   0x08000222   0x00000002   Code   RO          129    i.DMA1_Channel4_IRQHandler  stm32f10x_it.o
    0x08000224   0x08000224   0x00000002   Code   RO          130    i.DMA1_Channel5_IRQHandler  stm32f10x_it.o
    0x08000226   0x08000226   0x00000002   Code   RO          131    i.DMA1_Channel6_IRQHandler  stm32f10x_it.o
    0x08000228   0x08000228   0x00000002   Code   RO          132    i.DMA1_Channel7_IRQHandler  stm32f10x_it.o
    0x0800022a   0x0800022a   0x00000002   Code   RO          133    i.DMA2_Channel1_IRQHandler  stm32f10x_it.o
    0x0800022c   0x0800022c   0x00000002   Code   RO          134    i.DMA2_Channel2_IRQHandler  stm32f10x_it.o
    0x0800022e   0x0800022e   0x00000002   Code   RO          135    i.DMA2_Channel3_IRQHandler  stm32f10x_it.o
    0x08000230   0x08000230   0x00000002   Code   RO          136    i.DMA2_Channel4_5_IRQHandler  stm32f10x_it.o
    0x08000232   0x08000232   0x00000002   Code   RO          137    i.DebugMonitor      stm32f10x_it.o
    0x08000234   0x08000234   0x00000028   Code   RO          692    i.Delay             stm32f10xrfrx.lib(timedelay.o)
    0x0800025c   0x0800025c   0x00000002   Code   RO          138    i.EXTI0_IRQHandler  stm32f10x_it.o
    0x0800025e   0x0800025e   0x00000002   Code   RO          139    i.EXTI15_10_IRQHandler  stm32f10x_it.o
    0x08000260   0x08000260   0x00000002   Code   RO          140    i.EXTI1_IRQHandler  stm32f10x_it.o
    0x08000262   0x08000262   0x00000002   PAD
    0x08000264   0x08000264   0x00000078   Code   RO          141    i.EXTI2_IRQHandler  stm32f10x_it.o
    0x080002dc   0x080002dc   0x00000002   Code   RO          142    i.EXTI3_IRQHandler  stm32f10x_it.o
    0x080002de   0x080002de   0x00000002   Code   RO          143    i.EXTI4_IRQHandler  stm32f10x_it.o
    0x080002e0   0x080002e0   0x00000002   Code   RO          144    i.EXTI9_5_IRQHandler  stm32f10x_it.o
    0x080002e2   0x080002e2   0x00000002   PAD
    0x080002e4   0x080002e4   0x0000000c   Code   RO          786    i.EXTI_ClearITPendingBit  stm32f10xrfrx.lib(stm32f10x_exti.o)
    0x080002f0   0x080002f0   0x0000002e   Code   RO          562    i.EXTI_Configuration  stm32f10xrfrx.lib(init_sys.o)
    0x0800031e   0x0800031e   0x00000002   PAD
    0x08000320   0x08000320   0x00000010   Code   RO          782    i.EXTI_GenerateSWInterrupt  stm32f10xrfrx.lib(stm32f10x_exti.o)
    0x08000330   0x08000330   0x0000001c   Code   RO          785    i.EXTI_GetITStatus  stm32f10xrfrx.lib(stm32f10x_exti.o)
    0x0800034c   0x0800034c   0x0000008c   Code   RO          780    i.EXTI_Init         stm32f10xrfrx.lib(stm32f10x_exti.o)
    0x080003d8   0x080003d8   0x00000002   Code   RO          145    i.FLASH_IRQHandler  stm32f10x_it.o
    0x080003da   0x080003da   0x00000002   PAD
    0x080003dc   0x080003dc   0x00000018   Code   RO         1083    i.FLASH_PrefetchBufferCmd  stm32f10xrfrx.lib(stm32f10x_flash.o)
    0x080003f4   0x080003f4   0x00000018   Code   RO         1081    i.FLASH_SetLatency  stm32f10xrfrx.lib(stm32f10x_flash.o)
    0x0800040c   0x0800040c   0x00000002   Code   RO          146    i.FSMC_IRQHandler   stm32f10x_it.o
    0x0800040e   0x0800040e   0x00000002   PAD
    0x08000410   0x08000410   0x000000c0   Code   RO          559    i.GPIO_Configuration  stm32f10xrfrx.lib(init_sys.o)
    0x080004d0   0x080004d0   0x00000028   Code   RO         1246    i.GPIO_EXTILineConfig  stm32f10xrfrx.lib(stm32f10x_gpio.o)
    0x080004f8   0x080004f8   0x000000a0   Code   RO         1232    i.GPIO_Init         stm32f10xrfrx.lib(stm32f10x_gpio.o)
    0x08000598   0x08000598   0x0000000a   Code   RO         1240    i.GPIO_WriteBit     stm32f10xrfrx.lib(stm32f10x_gpio.o)
    0x080005a2   0x080005a2   0x00000002   Code   RO          147    i.HardFaultException  stm32f10x_it.o
    0x080005a4   0x080005a4   0x00000002   Code   RO          148    i.I2C1_ER_IRQHandler  stm32f10x_it.o
    0x080005a6   0x080005a6   0x00000002   Code   RO          149    i.I2C1_EV_IRQHandler  stm32f10x_it.o
    0x080005a8   0x080005a8   0x00000002   Code   RO          150    i.I2C2_ER_IRQHandler  stm32f10x_it.o
    0x080005aa   0x080005aa   0x00000002   Code   RO          151    i.I2C2_EV_IRQHandler  stm32f10x_it.o
    0x080005ac   0x080005ac   0x00000002   Code   RO          152    i.MemManageException  stm32f10x_it.o
    0x080005ae   0x080005ae   0x00000002   Code   RO          153    i.NMIException      stm32f10x_it.o
    0x080005b0   0x080005b0   0x00000040   Code   RO          558    i.NVIC_Configuration  stm32f10xrfrx.lib(init_sys.o)
    0x080005f0   0x080005f0   0x00000074   Code   RO         1344    i.NVIC_Init         stm32f10xrfrx.lib(stm32f10x_nvic.o)
    0x08000664   0x08000664   0x00000014   Code   RO         1343    i.NVIC_PriorityGroupConfig  stm32f10xrfrx.lib(stm32f10x_nvic.o)
    0x08000678   0x08000678   0x00000014   Code   RO         1359    i.NVIC_SetVectorTable  stm32f10xrfrx.lib(stm32f10x_nvic.o)
    0x0800068c   0x0800068c   0x0000004c   Code   RO         1364    i.NVIC_SystemHandlerPriorityConfig  stm32f10xrfrx.lib(stm32f10x_nvic.o)
    0x080006d8   0x080006d8   0x00000002   Code   RO          154    i.PVD_IRQHandler    stm32f10x_it.o
    0x080006da   0x080006da   0x00000002   Code   RO          155    i.PendSVC           stm32f10x_it.o
    0x080006dc   0x080006dc   0x00000018   Code   RO         1552    i.RCC_APB2PeriphClockCmd  stm32f10xrfrx.lib(stm32f10x_rcc.o)
    0x080006f4   0x080006f4   0x0000007c   Code   RO          557    i.RCC_Configuration  stm32f10xrfrx.lib(init_sys.o)
    0x08000770   0x08000770   0x0000003c   Code   RO         1530    i.RCC_DeInit        stm32f10xrfrx.lib(stm32f10x_rcc.o)
    0x080007ac   0x080007ac   0x00000094   Code   RO         1550    i.RCC_GetClocksFreq  stm32f10xrfrx.lib(stm32f10x_rcc.o)
    0x08000840   0x08000840   0x00000030   Code   RO         1532    i.RCC_GetFlagStatus  stm32f10xrfrx.lib(stm32f10x_rcc.o)
    0x08000870   0x08000870   0x00000010   Code   RO         1539    i.RCC_GetSYSCLKSource  stm32f10xrfrx.lib(stm32f10x_rcc.o)
    0x08000880   0x08000880   0x00000014   Code   RO         1540    i.RCC_HCLKConfig    stm32f10xrfrx.lib(stm32f10x_rcc.o)
    0x08000894   0x08000894   0x00000034   Code   RO         1531    i.RCC_HSEConfig     stm32f10xrfrx.lib(stm32f10x_rcc.o)
    0x080008c8   0x080008c8   0x00000002   Code   RO          156    i.RCC_IRQHandler    stm32f10x_it.o
    0x080008ca   0x080008ca   0x00000002   PAD
    0x080008cc   0x080008cc   0x00000014   Code   RO         1541    i.RCC_PCLK1Config   stm32f10xrfrx.lib(stm32f10x_rcc.o)
    0x080008e0   0x080008e0   0x00000014   Code   RO         1542    i.RCC_PCLK2Config   stm32f10xrfrx.lib(stm32f10x_rcc.o)
    0x080008f4   0x080008f4   0x0000000c   Code   RO         1537    i.RCC_PLLCmd        stm32f10xrfrx.lib(stm32f10x_rcc.o)
    0x08000900   0x08000900   0x00000014   Code   RO         1536    i.RCC_PLLConfig     stm32f10xrfrx.lib(stm32f10x_rcc.o)
    0x08000914   0x08000914   0x00000014   Code   RO         1538    i.RCC_SYSCLKConfig  stm32f10xrfrx.lib(stm32f10x_rcc.o)
    0x08000928   0x08000928   0x00000034   Code   RO         1533    i.RCC_WaitForHSEStartUp  stm32f10xrfrx.lib(stm32f10x_rcc.o)
    0x0800095c   0x0800095c   0x0000001c   Code   RO          716    i.RF_ConfigureMode  stm32f10xrfrx.lib(rf_ctrl.o)
    0x08000978   0x08000978   0x00000014   Code   RO          719    i.RF_FlushRxBuf     stm32f10xrfrx.lib(rf_ctrl.o)
    0x0800098c   0x0800098c   0x00000014   Code   RO          718    i.RF_FlushTxBuf     stm32f10xrfrx.lib(rf_ctrl.o)
    0x080009a0   0x080009a0   0x0000006c   Code   RO          722    i.RF_Init           stm32f10xrfrx.lib(rf_ctrl.o)
    0x08000a0c   0x08000a0c   0x00000010   Code   RO          723    i.RF_IrqStatus      stm32f10xrfrx.lib(rf_ctrl.o)
    0x08000a1c   0x08000a1c   0x00000014   Code   RO          717    i.RF_NormalMode     stm32f10xrfrx.lib(rf_ctrl.o)
    0x08000a30   0x08000a30   0x00000020   Code   RO          721    i.RF_ReceiveData    stm32f10xrfrx.lib(rf_ctrl.o)
    0x08000a50   0x08000a50   0x00000002   Code   RO          157    i.RTCAlarm_IRQHandler  stm32f10x_it.o
    0x08000a52   0x08000a52   0x00000002   Code   RO          158    i.RTC_IRQHandler    stm32f10x_it.o
    0x08000a54   0x08000a54   0x00000002   Code   RO          159    i.SDIO_IRQHandler   stm32f10x_it.o
    0x08000a56   0x08000a56   0x00000002   PAD
    0x08000a58   0x08000a58   0x00000050   Code   RO          560    i.SPI1_Configuration  stm32f10xrfrx.lib(init_sys.o)
    0x08000aa8   0x08000aa8   0x00000002   Code   RO          160    i.SPI1_IRQHandler   stm32f10x_it.o
    0x08000aaa   0x08000aaa   0x00000002   Code   RO          161    i.SPI2_IRQHandler   stm32f10x_it.o
    0x08000aac   0x08000aac   0x00000002   Code   RO          162    i.SPI3_IRQHandler   stm32f10x_it.o
    0x08000aae   0x08000aae   0x00000014   Code   RO         1736    i.SPI_Cmd           stm32f10xrfrx.lib(stm32f10x_spi.o)
    0x08000ac2   0x08000ac2   0x0000000e   Code   RO         1750    i.SPI_I2S_GetFlagStatus  stm32f10xrfrx.lib(stm32f10x_spi.o)
    0x08000ad0   0x08000ad0   0x00000004   Code   RO         1741    i.SPI_I2S_ReceiveData  stm32f10xrfrx.lib(stm32f10x_spi.o)
    0x08000ad4   0x08000ad4   0x00000004   Code   RO         1740    i.SPI_I2S_SendData  stm32f10xrfrx.lib(stm32f10x_spi.o)
    0x08000ad8   0x08000ad8   0x00000038   Code   RO         1732    i.SPI_Init          stm32f10xrfrx.lib(stm32f10x_spi.o)
    0x08000b10   0x08000b10   0x00000002   Code   RO          163    i.SVCHandler        stm32f10x_it.o
    0x08000b12   0x08000b12   0x00000004   Code   RO          164    i.SysTickHandler    stm32f10x_it.o
    0x08000b16   0x08000b16   0x00000018   Code   RO         1878    i.SysTick_CLKSourceConfig  stm32f10xrfrx.lib(stm32f10x_systick.o)
    0x08000b2e   0x08000b2e   0x00000024   Code   RO         1880    i.SysTick_CounterCmd  stm32f10xrfrx.lib(stm32f10x_systick.o)
    0x08000b52   0x08000b52   0x00000018   Code   RO         1881    i.SysTick_ITConfig  stm32f10xrfrx.lib(stm32f10x_systick.o)
    0x08000b6a   0x08000b6a   0x00000008   Code   RO         1879    i.SysTick_SetReload  stm32f10xrfrx.lib(stm32f10x_systick.o)
    0x08000b72   0x08000b72   0x0000001a   Code   RO          556    i.SysTick_init      stm32f10xrfrx.lib(init_sys.o)
    0x08000b8c   0x08000b8c   0x00000002   Code   RO          165    i.TAMPER_IRQHandler  stm32f10x_it.o
    0x08000b8e   0x08000b8e   0x00000002   Code   RO          166    i.TIM1_BRK_IRQHandler  stm32f10x_it.o
    0x08000b90   0x08000b90   0x00000002   Code   RO          167    i.TIM1_CC_IRQHandler  stm32f10x_it.o
    0x08000b92   0x08000b92   0x00000002   Code   RO          168    i.TIM1_TRG_COM_IRQHandler  stm32f10x_it.o
    0x08000b94   0x08000b94   0x00000002   Code   RO          169    i.TIM1_UP_IRQHandler  stm32f10x_it.o
    0x08000b96   0x08000b96   0x00000002   Code   RO          170    i.TIM2_IRQHandler   stm32f10x_it.o
    0x08000b98   0x08000b98   0x00000002   Code   RO          171    i.TIM3_IRQHandler   stm32f10x_it.o
    0x08000b9a   0x08000b9a   0x00000002   Code   RO          172    i.TIM4_IRQHandler   stm32f10x_it.o
    0x08000b9c   0x08000b9c   0x00000002   Code   RO          173    i.TIM5_IRQHandler   stm32f10x_it.o
    0x08000b9e   0x08000b9e   0x00000002   Code   RO          174    i.TIM6_IRQHandler   stm32f10x_it.o
    0x08000ba0   0x08000ba0   0x00000002   Code   RO          175    i.TIM7_IRQHandler   stm32f10x_it.o
    0x08000ba2   0x08000ba2   0x00000002   Code   RO          176    i.TIM8_BRK_IRQHandler  stm32f10x_it.o
    0x08000ba4   0x08000ba4   0x00000002   Code   RO          177    i.TIM8_CC_IRQHandler  stm32f10x_it.o
    0x08000ba6   0x08000ba6   0x00000002   Code   RO          178    i.TIM8_TRG_COM_IRQHandler  stm32f10x_it.o
    0x08000ba8   0x08000ba8   0x00000002   Code   RO          179    i.TIM8_UP_IRQHandler  stm32f10x_it.o
    0x08000baa   0x08000baa   0x00000002   PAD
    0x08000bac   0x08000bac   0x00000014   Code   RO          693    i.TimingDelay_Decrement  stm32f10xrfrx.lib(timedelay.o)
    0x08000bc0   0x08000bc0   0x00000002   Code   RO          180    i.UART4_IRQHandler  stm32f10x_it.o
    0x08000bc2   0x08000bc2   0x00000002   Code   RO          181    i.UART5_IRQHandler  stm32f10x_it.o
    0x08000bc4   0x08000bc4   0x00000002   Code   RO          182    i.USART1_IRQHandler  stm32f10x_it.o
    0x08000bc6   0x08000bc6   0x00000002   Code   RO          183    i.USART2_IRQHandler  stm32f10x_it.o
    0x08000bc8   0x08000bc8   0x00000002   Code   RO          184    i.USART3_IRQHandler  stm32f10x_it.o
    0x08000bca   0x08000bca   0x0000001e   Code   RO          851    i.USART_ClockInit   stm32f10xrfrx.lib(stm32f10x_usart.o)
    0x08000be8   0x08000be8   0x00000014   Code   RO          853    i.USART_Cmd         stm32f10xrfrx.lib(stm32f10x_usart.o)
    0x08000bfc   0x08000bfc   0x00000058   Code   RO          561    i.USART_Configuration  stm32f10xrfrx.lib(init_sys.o)
    0x08000c54   0x08000c54   0x0000000e   Code   RO          871    i.USART_GetFlagStatus  stm32f10xrfrx.lib(stm32f10x_usart.o)
    0x08000c62   0x08000c62   0x00000002   PAD
    0x08000c64   0x08000c64   0x00000088   Code   RO          849    i.USART_Init        stm32f10xrfrx.lib(stm32f10x_usart.o)
    0x08000cec   0x08000cec   0x00000008   Code   RO          861    i.USART_SendData    stm32f10xrfrx.lib(stm32f10x_usart.o)
    0x08000cf4   0x08000cf4   0x00000002   Code   RO          185    i.USBWakeUp_IRQHandler  stm32f10x_it.o
    0x08000cf6   0x08000cf6   0x00000002   Code   RO          186    i.USB_HP_CAN_TX_IRQHandler  stm32f10x_it.o
    0x08000cf8   0x08000cf8   0x00000002   Code   RO          187    i.USB_LP_CAN_RX0_IRQHandler  stm32f10x_it.o
    0x08000cfa   0x08000cfa   0x00000002   Code   RO          188    i.UsageFaultException  stm32f10x_it.o
    0x08000cfc   0x08000cfc   0x00000002   Code   RO          189    i.WWDG_IRQHandler   stm32f10x_it.o
    0x08000cfe   0x08000cfe   0x00000002   PAD
    0x08000d00   0x08000d00   0x00000020   Code   RO         2059    i.__0printf$5       mc_w.l(printf5.o)
    0x08000d20   0x08000d20   0x0000000e   Code   RO         2229    i.__scatterload_copy  mc_w.l(handlers.o)
    0x08000d2e   0x08000d2e   0x00000002   Code   RO         2230    i.__scatterload_null  mc_w.l(handlers.o)
    0x08000d30   0x08000d30   0x0000000e   Code   RO         2231    i.__scatterload_zeroinit  mc_w.l(handlers.o)
    0x08000d3e   0x08000d3e   0x00000002   PAD
    0x08000d40   0x08000d40   0x000002c0   Code   RO         2066    i._printf_core      mc_w.l(printf5.o)
    0x08001000   0x08001000   0x00000024   Code   RO            1    i.fputc             main.o
    0x08001024   0x08001024   0x000000f8   Code   RO            2    i.main              main.o
    0x0800111c   0x0800111c   0x0000000c   Code   RO         1028    i.spi_get_cur_pipenum  stm32f10xrfrx.lib(rf_spi.o)
    0x08001128   0x08001128   0x00000008   Code   RO         1029    i.spi_get_pipe_dwidth  stm32f10xrfrx.lib(rf_spi.o)
    0x08001130   0x08001130   0x00000006   Code   RO         1027    i.spi_get_status    stm32f10xrfrx.lib(rf_spi.o)
    0x08001136   0x08001136   0x00000002   PAD
    0x08001138   0x08001138   0x0000003c   Code   RO         1022    i.spi_push          stm32f10xrfrx.lib(rf_spi.o)
    0x08001174   0x08001174   0x00000044   Code   RO         1023    i.spi_push_reg      stm32f10xrfrx.lib(rf_spi.o)
    0x080011b8   0x080011b8   0x00000030   Code   RO         1026    i.spi_read          stm32f10xrfrx.lib(rf_spi.o)
    0x080011e8   0x080011e8   0x00000048   Code   RO         1025    i.spi_read_buf      stm32f10xrfrx.lib(rf_spi.o)
    0x08001230   0x08001230   0x00000028   Code   RO         1030    i.spi_read_rxpayload  stm32f10xrfrx.lib(rf_spi.o)
    0x08001258   0x08001258   0x00000058   Code   RO         1024    i.spi_write_buf     stm32f10xrfrx.lib(rf_spi.o)
    0x080012b0   0x080012b0   0x00000014   Data   RO         1563    .constdata          stm32f10xrfrx.lib(stm32f10x_rcc.o)
    0x080012c4   0x080012c4   0x00000020   Data   RO         2227    Region$$Table       anon$$obj.o


    Execution Region RW_IRAM1 (Exec base: 0x20000000, Load base: 0x080012e4, Size: 0x00000430, Max: 0x0000c000, ABSOLUTE)

    Exec Addr    Load Addr    Size         Type   Attr      Idx    E Section Name        Object

    0x20000000   0x080012e4   0x00000004   Data   RW          694    .data               stm32f10xrfrx.lib(timedelay.o)
    0x20000004   0x080012e8   0x00000008   Data   RW         1562    .data               stm32f10xrfrx.lib(stm32f10x_rcc.o)
    0x2000000c   0x080012f0   0x00000004   Data   RW         2201    .data               mc_w.l(stdout.o)
    0x20000010        -       0x00000020   Zero   RW            3    .bss                main.o
    0x20000030        -       0x00000400   Zero   RW          545    STACK               stm32f10x_vector.o


==============================================================================

Image component sizes


      Code (inc. data)   RO Data    RW Data    ZI Data      Debug   Object Name

       284         76          0          0         32       6226   main.o
       258         42          0          0          0      29928   stm32f10x_it.o
         8          4        304          0       1024        372   stm32f10x_vector.o

    ----------------------------------------------------------------------
       566        122        336          0       1056      36526   Object Totals
         0          0         32          0          0          0   (incl. Generated)
        16          0          0          0          0          0   (incl. Padding)

    ----------------------------------------------------------------------

      Code (inc. data)   RO Data    RW Data    ZI Data      Debug   Library Member Name

         0          0          0          0          0          0   entry.o
         0          0          0          0          0          0   entry10a.o
         0          0          0          0          0          0   entry11a.o
         8          4          0          0          0          0   entry2.o
         4          0          0          0          0          0   entry5.o
         0          0          0          0          0          0   entry7b.o
         0          0          0          0          0          0   entry8b.o
         8          4          0          0          0          0   entry9a.o
        30          0          0          0          0          0   handlers.o
        36          8          0          0          0         68   init.o
        30          0          0          0          0         68   llshl.o
        32          0          0          0          0         68   llushr.o
       736         56          0          0          0        184   printf5.o
         0          0          0          4          0          0   stdout.o
        98          0          0          0          0         92   uldiv.o
       620         24          0          0          0      35301   init_sys.o
       244          8          0          0          0       4497   rf_ctrl.o
       402         24          0          0          0       5920   rf_spi.o
       196         22          0          0          0      18991   stm32f10x_exti.o
        48         12          0          0          0        893   stm32f10x_flash.o
       210          6          0          0          0       9014   stm32f10x_gpio.o
       232         18          0          0          0      10400   stm32f10x_nvic.o
       512         88         20          8          0       8637   stm32f10x_rcc.o
        98          0          0          0          0       9830   stm32f10x_spi.o
        92          0          0          0          0       1854   stm32f10x_systick.o
       208          6          0          0          0      17898   stm32f10x_usart.o
        60          8          0          4          0       1174   timedelay.o

    ----------------------------------------------------------------------
      3914        288         20         16          0     124889   Library Totals
        10          0          0          0          0          0   (incl. Padding)

    ----------------------------------------------------------------------

      Code (inc. data)   RO Data    RW Data    ZI Data      Debug   Library Name

       982         72          0          4          0        480   mc_w.l
      2922        216         20         12          0     124409   stm32f10xrfrx.lib

    ----------------------------------------------------------------------
      3914        288         20         16          0     124889   Library Totals

    ----------------------------------------------------------------------

==============================================================================


      Code (inc. data)   RO Data    RW Data    ZI Data      Debug   

      4480        410        356         16       1056     154771   Grand Totals
      4480        410        356         16       1056     154771   ELF Image Totals
      4480        410        356         16          0          0   ROM Totals

==============================================================================

    Total RO  Size (Code + RO Data)                 4836 (   4.72kB)
    Total RW  Size (RW Data + ZI Data)              1072 (   1.05kB)
    Total ROM Size (Code + RO Data + RW Data)       4852 (   4.74kB)

==============================================================================

