Component: ARM Compiler 5.06 update 5 (build 528) Tool: armlink [4d35e2]

==============================================================================

Section Cross References

    stm32f10x_vector.o(RESET) refers to stm32f10x_vector.o(.text) for Reset_Handler
    stm32f10x_vector.o(RESET) refers to stm32f10x_it.o(.text) for NMIException
    stm32f10x_vector.o(RESET) refers to usbhw.o(.text) for USB_LP_CAN_RX0_IRQHandler
    stm32f10x_vector.o(.text) refers to entry.o(.ARM.Collect$$$$00000000) for __main
    usbmemcam.o(.text) refers to stm32_init.o(.text) for stm32_Init
    usbmemcam.o(.text) refers to cmos.o(.text) for CMOS_Init
    usbmemcam.o(.text) refers to usbhw.o(.text) for UBS_SetBuffer
    usbmemcam.o(.text) refers to usbmemcam.o(.bss) for CAM_Buffer
    cmos.o(.text) refers to i2c.o(.text) for I2C_Write
    cmos.o(.text) refers to timer.o(.text) for Timer_Init
    cmos.o(.text) refers to dma.o(.text) for Init_DMA
    cmos.o(.text) refers to cmos.o(.data) for Image_Row_Width
    usbhw.o(.text) refers to usbuser.o(.text) for USB_Reset_Event
    usbhw.o(.text) refers to diskimg.o(.constdata) for DiskImage
    usbhw.o(.text) refers to mscuser.o(.bss) for Memory
    usbhw.o(.text) refers to usbhw.o(.data) for FreeBufAddr
    usbhw.o(.text) refers to usbuser.o(.constdata) for USB_P_EP
    usbhw.o(.text) refers to mscuser.o(.data) for MEM_Buffer
    usbuser.o(.text) refers to usbcore.o(.text) for USB_ResetCore
    usbuser.o(.text) refers to mscuser.o(.text) for MSC_BulkIn
    usbuser.o(.text) refers to usbcore.o(.data) for USB_Configuration
    usbuser.o(.constdata) refers to usbcore.o(.text) for USB_EndPoint0
    usbuser.o(.constdata) refers to usbuser.o(.text) for USB_EndPoint1
    mscuser.o(.text) refers to usbhw.o(.text) for USB_WriteEP
    mscuser.o(.text) refers to mscuser.o(.data) for BulkStage
    mscuser.o(.text) refers to usbcore.o(.data) for EP0Buf
    mscuser.o(.text) refers to mscuser.o(.bss) for Memory
    usbcore.o(.text) refers to usbhw.o(.text) for USB_ReadEP
    usbcore.o(.text) refers to usbcore.o(i.USB_GetStatus) for USB_GetStatus
    usbcore.o(.text) refers to usbcore.o(i.USB_SetClrFeature) for USB_SetClrFeature
    usbcore.o(.text) refers to usbcore.o(i.USB_GetDescriptor) for USB_GetDescriptor
    usbcore.o(.text) refers to usbcore.o(i.USB_SetConfiguration) for USB_SetConfiguration
    usbcore.o(.text) refers to usbuser.o(.text) for USB_Configure_Event
    usbcore.o(.text) refers to usbcore.o(i.USB_SetInterface) for USB_SetInterface
    usbcore.o(.text) refers to mscuser.o(.text) for MSC_Reset
    usbcore.o(.text) refers to usbcore.o(.data) for USB_DeviceStatus
    entry.o(.ARM.Collect$$$$00000000) refers (Special) to entry10a.o(.ARM.Collect$$$$0000000D) for __rt_final_cpp
    entry.o(.ARM.Collect$$$$00000000) refers (Special) to entry11a.o(.ARM.Collect$$$$0000000F) for __rt_final_exit
    entry.o(.ARM.Collect$$$$00000000) refers (Special) to entry7b.o(.ARM.Collect$$$$00000008) for _main_clock
    entry.o(.ARM.Collect$$$$00000000) refers (Special) to entry8b.o(.ARM.Collect$$$$0000000A) for _main_cpp_init
    entry.o(.ARM.Collect$$$$00000000) refers (Special) to entry9a.o(.ARM.Collect$$$$0000000B) for _main_init
    entry.o(.ARM.Collect$$$$00000000) refers (Special) to entry5.o(.ARM.Collect$$$$00000004) for _main_scatterload
    entry.o(.ARM.Collect$$$$00000000) refers (Special) to entry2.o(.ARM.Collect$$$$00000001) for _main_stk
    entry2.o(.ARM.Collect$$$$00000001) refers to entry2.o(.ARM.Collect$$$$00002712) for __lit__00000000
    entry2.o(__vectab_stack_and_reset_area) refers to entry.o(.ARM.Collect$$$$00000000) for __main
    entry5.o(.ARM.Collect$$$$00000004) refers to init.o(.text) for __scatterload
    entry9a.o(.ARM.Collect$$$$0000000B) refers to usbmemcam.o(.text) for main
    entry9b.o(.ARM.Collect$$$$0000000C) refers to usbmemcam.o(.text) for main
    init.o(.text) refers to entry5.o(.ARM.Collect$$$$00000004) for __main_after_scatterload
    usbcore.o(i.USB_GetStatus) refers to usbcore.o(.text) for USB_DataInStage
    usbcore.o(i.USB_GetStatus) refers to usbcore.o(.data) for SetupPacket
    usbcore.o(i.USB_SetClrFeature) refers to usbhw.o(.text) for USB_WakeUpCfg
    usbcore.o(i.USB_SetClrFeature) refers to usbcore.o(.data) for SetupPacket
    usbcore.o(i.USB_GetDescriptor) refers to usbcore.o(.text) for USB_DataInStage
    usbcore.o(i.USB_GetDescriptor) refers to usbcore.o(.data) for SetupPacket
    usbcore.o(i.USB_GetDescriptor) refers to usbdesc.o(.constdata) for USB_DeviceDescriptor
    usbcore.o(i.USB_SetConfiguration) refers to usbhw.o(.text) for USB_DisableEP
    usbcore.o(i.USB_SetConfiguration) refers to usbcore.o(.data) for SetupPacket
    usbcore.o(i.USB_SetConfiguration) refers to usbdesc.o(.constdata) for USB_ConfigDescriptor
    usbcore.o(i.USB_SetInterface) refers to usbhw.o(.text) for USB_ConfigEP
    usbcore.o(i.USB_SetInterface) refers to usbcore.o(.data) for USB_Configuration
    usbcore.o(i.USB_SetInterface) refers to usbdesc.o(.constdata) for USB_ConfigDescriptor


==============================================================================

Removing Unused input sections from the image.

    Removing stm32f10x_vector.o(STACK), (1024 bytes).
    Removing stm32f10x_vector.o(HEAP), (1024 bytes).

2 unused section(s) (total 2048 bytes) removed from the image.

==============================================================================

Image Symbol Table

    Local Symbols

    Symbol Name                              Value     Ov Type        Size  Object(Section)

    ../clib/microlib/init/entry.s            0x00000000   Number         0  entry10b.o ABSOLUTE
    ../clib/microlib/init/entry.s            0x00000000   Number         0  entry10a.o ABSOLUTE
    ../clib/microlib/init/entry.s            0x00000000   Number         0  entry9b.o ABSOLUTE
    ../clib/microlib/init/entry.s            0x00000000   Number         0  entry11a.o ABSOLUTE
    ../clib/microlib/init/entry.s            0x00000000   Number         0  entry9a.o ABSOLUTE
    ../clib/microlib/init/entry.s            0x00000000   Number         0  entry8b.o ABSOLUTE
    ../clib/microlib/init/entry.s            0x00000000   Number         0  entry8a.o ABSOLUTE
    ../clib/microlib/init/entry.s            0x00000000   Number         0  entry7b.o ABSOLUTE
    ../clib/microlib/init/entry.s            0x00000000   Number         0  entry7a.o ABSOLUTE
    ../clib/microlib/init/entry.s            0x00000000   Number         0  entry5.o ABSOLUTE
    ../clib/microlib/init/entry.s            0x00000000   Number         0  entry2.o ABSOLUTE
    ../clib/microlib/init/entry.s            0x00000000   Number         0  entry.o ABSOLUTE
    ../clib/microlib/init/entry.s            0x00000000   Number         0  entry11b.o ABSOLUTE
    ..\source\STM32_Init.c                   0x00000000   Number         0  stm32_init.o ABSOLUTE
    ..\source\stm32f10x_it.c                 0x00000000   Number         0  stm32f10x_it.o ABSOLUTE
    ..\source\stm32f10x_vector.s             0x00000000   Number         0  stm32f10x_vector.o ABSOLUTE
    ..\source\usbmemcam.c                    0x00000000   Number         0  usbmemcam.o ABSOLUTE
    DiskImg.c                                0x00000000   Number         0  diskimg.o ABSOLUTE
    cmos.c                                   0x00000000   Number         0  cmos.o ABSOLUTE
    dc.s                                     0x00000000   Number         0  dc.o ABSOLUTE
    dma.c                                    0x00000000   Number         0  dma.o ABSOLUTE
    handlers.s                               0x00000000   Number         0  handlers.o ABSOLUTE
    i2c.c                                    0x00000000   Number         0  i2c.o ABSOLUTE
    init.s                                   0x00000000   Number         0  init.o ABSOLUTE
    mscuser.c                                0x00000000   Number         0  mscuser.o ABSOLUTE
    timer.c                                  0x00000000   Number         0  timer.o ABSOLUTE
    usbcore.c                                0x00000000   Number         0  usbcore.o ABSOLUTE
    usbdesc.c                                0x00000000   Number         0  usbdesc.o ABSOLUTE
    usbhw.c                                  0x00000000   Number         0  usbhw.o ABSOLUTE
    usbuser.c                                0x00000000   Number         0  usbuser.o ABSOLUTE
    RESET                                    0x08003000   Section      304  stm32f10x_vector.o(RESET)
    .ARM.Collect$$$$00000000                 0x08003130   Section        0  entry.o(.ARM.Collect$$$$00000000)
    .ARM.Collect$$$$00000001                 0x08003130   Section        4  entry2.o(.ARM.Collect$$$$00000001)
    .ARM.Collect$$$$00000004                 0x08003134   Section        4  entry5.o(.ARM.Collect$$$$00000004)
    .ARM.Collect$$$$00000008                 0x08003138   Section        0  entry7b.o(.ARM.Collect$$$$00000008)
    .ARM.Collect$$$$0000000A                 0x08003138   Section        0  entry8b.o(.ARM.Collect$$$$0000000A)
    .ARM.Collect$$$$0000000B                 0x08003138   Section        8  entry9a.o(.ARM.Collect$$$$0000000B)
    .ARM.Collect$$$$0000000D                 0x08003140   Section        0  entry10a.o(.ARM.Collect$$$$0000000D)
    .ARM.Collect$$$$0000000F                 0x08003140   Section        0  entry11a.o(.ARM.Collect$$$$0000000F)
    .ARM.Collect$$$$00002712                 0x08003140   Section        4  entry2.o(.ARM.Collect$$$$00002712)
    __lit__00000000                          0x08003140   Data           4  entry2.o(.ARM.Collect$$$$00002712)
    .text                                    0x08003144   Section      144  stm32f10x_vector.o(.text)
    .text                                    0x080031d4   Section        0  stm32_init.o(.text)
    .text                                    0x08003410   Section        0  stm32f10x_it.o(.text)
    .text                                    0x080034a0   Section        0  usbmemcam.o(.text)
    .text                                    0x080034ec   Section        0  cmos.o(.text)
    .text                                    0x08003730   Section        0  usbhw.o(.text)
    .text                                    0x08003c04   Section        0  i2c.o(.text)
    .text                                    0x08003ecc   Section        0  timer.o(.text)
    .text                                    0x08004014   Section        0  dma.o(.text)
    .text                                    0x080040e4   Section        0  usbuser.o(.text)
    .text                                    0x0800417c   Section        0  mscuser.o(.text)
    .text                                    0x080049ac   Section        0  usbcore.o(.text)
    .text                                    0x08004cc0   Section       36  init.o(.text)
    i.USB_GetDescriptor                      0x08004ce4   Section        0  usbcore.o(i.USB_GetDescriptor)
    i.USB_GetStatus                          0x08004d8c   Section        0  usbcore.o(i.USB_GetStatus)
    i.USB_SetClrFeature                      0x08004e5c   Section        0  usbcore.o(i.USB_SetClrFeature)
    i.USB_SetConfiguration                   0x08004f38   Section        0  usbcore.o(i.USB_SetConfiguration)
    i.USB_SetInterface                       0x080050c8   Section        0  usbcore.o(i.USB_SetInterface)
    i.__scatterload_copy                     0x080051dc   Section       14  handlers.o(i.__scatterload_copy)
    i.__scatterload_null                     0x080051ea   Section        2  handlers.o(i.__scatterload_null)
    i.__scatterload_zeroinit                 0x080051ec   Section       14  handlers.o(i.__scatterload_zeroinit)
    .constdata                               0x080051fa   Section     4096  diskimg.o(.constdata)
    .constdata                               0x080061fc   Section       64  usbuser.o(.constdata)
    .constdata                               0x0800623c   Section      165  usbdesc.o(.constdata)
    .data                                    0x60000000   Section        4  cmos.o(.data)
    .data                                    0x60000004   Section        6  usbhw.o(.data)
    .data                                    0x6000000c   Section       28  mscuser.o(.data)
    .data                                    0x60000028   Section       44  usbcore.o(.data)
    .bss                                     0x60000054   Section    153600  usbmemcam.o(.bss)
    .bss                                     0x60025854   Section     8300  mscuser.o(.bss)

    Global Symbols

    Symbol Name                              Value     Ov Type        Size  Object(Section)

    BuildAttributes$$THM_ISAv4$P$D$K$B$S$PE$A:L22UL41UL21$X:L11$S22US41US21$IEEE1$IW$USESV6$~STKCKD$USESV7$~SHL$OSPACE$EBA8$MICROLIB$REQ8$PRES8$EABIv2 0x00000000   Number         0  anon$$obj.o ABSOLUTE
    __ARM_use_no_argv                        0x00000000   Number         0  usbmemcam.o ABSOLUTE
    __cpp_initialize__aeabi_                  - Undefined Weak Reference
    __cxa_finalize                            - Undefined Weak Reference
    __decompress                              - Undefined Weak Reference
    _clock_init                               - Undefined Weak Reference
    _microlib_exit                            - Undefined Weak Reference
    __Vectors                                0x08003000   Data           4  stm32f10x_vector.o(RESET)
    __main                                   0x08003131   Thumb Code     0  entry.o(.ARM.Collect$$$$00000000)
    _main_stk                                0x08003131   Thumb Code     0  entry2.o(.ARM.Collect$$$$00000001)
    _main_scatterload                        0x08003135   Thumb Code     0  entry5.o(.ARM.Collect$$$$00000004)
    __main_after_scatterload                 0x08003139   Thumb Code     0  entry5.o(.ARM.Collect$$$$00000004)
    _main_clock                              0x08003139   Thumb Code     0  entry7b.o(.ARM.Collect$$$$00000008)
    _main_cpp_init                           0x08003139   Thumb Code     0  entry8b.o(.ARM.Collect$$$$0000000A)
    _main_init                               0x08003139   Thumb Code     0  entry9a.o(.ARM.Collect$$$$0000000B)
    __rt_final_cpp                           0x08003141   Thumb Code     0  entry10a.o(.ARM.Collect$$$$0000000D)
    __rt_final_exit                          0x08003141   Thumb Code     0  entry11a.o(.ARM.Collect$$$$0000000F)
    Reset_Handler                            0x08003145   Thumb Code    84  stm32f10x_vector.o(.text)
    stm32_EfiSetup                           0x080031d5   Thumb Code     8  stm32_init.o(.text)
    stm32_ClockSetup                         0x080031dd   Thumb Code    54  stm32_init.o(.text)
    stm32_NvicSetup                          0x08003213   Thumb Code    10  stm32_init.o(.text)
    stm32_IwdgSetup                          0x0800321d   Thumb Code    32  stm32_init.o(.text)
    stm32_SysTickSetup                       0x0800323d   Thumb Code    28  stm32_init.o(.text)
    stm32_RtcSetup                           0x08003259   Thumb Code   174  stm32_init.o(.text)
    stm32_TimerSetup                         0x08003307   Thumb Code     2  stm32_init.o(.text)
    stm32_GpioSetup                          0x08003309   Thumb Code    76  stm32_init.o(.text)
    stm32_UsartSetup                         0x08003355   Thumb Code     2  stm32_init.o(.text)
    stm32_ExtiSetup                          0x08003357   Thumb Code     2  stm32_init.o(.text)
    stm32_AfRemapSetup                       0x08003359   Thumb Code     2  stm32_init.o(.text)
    stm32_TamperSetup                        0x0800335b   Thumb Code    96  stm32_init.o(.text)
    stm32_Init                               0x080033bb   Thumb Code    20  stm32_init.o(.text)
    stm32_GetPCLK1                           0x080033cf   Thumb Code     4  stm32_init.o(.text)
    NMIException                             0x08003411   Thumb Code     2  stm32f10x_it.o(.text)
    HardFaultException                       0x08003413   Thumb Code     4  stm32f10x_it.o(.text)
    MemManageException                       0x08003417   Thumb Code     4  stm32f10x_it.o(.text)
    BusFaultException                        0x0800341b   Thumb Code     4  stm32f10x_it.o(.text)
    UsageFaultException                      0x0800341f   Thumb Code     4  stm32f10x_it.o(.text)
    DebugMonitor                             0x08003423   Thumb Code     2  stm32f10x_it.o(.text)
    SVCHandler                               0x08003425   Thumb Code     2  stm32f10x_it.o(.text)
    PendSVC                                  0x08003427   Thumb Code     2  stm32f10x_it.o(.text)
    SysTickHandler                           0x08003429   Thumb Code     2  stm32f10x_it.o(.text)
    WWDG_IRQHandler                          0x0800342b   Thumb Code     2  stm32f10x_it.o(.text)
    PVD_IRQHandler                           0x0800342d   Thumb Code     2  stm32f10x_it.o(.text)
    TAMPER_IRQHandler                        0x0800342f   Thumb Code     2  stm32f10x_it.o(.text)
    RTC_IRQHandler                           0x08003431   Thumb Code     2  stm32f10x_it.o(.text)
    FLASH_IRQHandler                         0x08003433   Thumb Code     2  stm32f10x_it.o(.text)
    RCC_IRQHandler                           0x08003435   Thumb Code     2  stm32f10x_it.o(.text)
    EXTI0_IRQHandler                         0x08003437   Thumb Code     2  stm32f10x_it.o(.text)
    EXTI1_IRQHandler                         0x08003439   Thumb Code     2  stm32f10x_it.o(.text)
    EXTI2_IRQHandler                         0x0800343b   Thumb Code     2  stm32f10x_it.o(.text)
    EXTI3_IRQHandler                         0x0800343d   Thumb Code     2  stm32f10x_it.o(.text)
    EXTI4_IRQHandler                         0x0800343f   Thumb Code     2  stm32f10x_it.o(.text)
    DMA1_Channel1_IRQHandler                 0x08003441   Thumb Code     2  stm32f10x_it.o(.text)
    DMA1_Channel2_IRQHandler                 0x08003443   Thumb Code     2  stm32f10x_it.o(.text)
    DMA1_Channel3_IRQHandler                 0x08003445   Thumb Code     2  stm32f10x_it.o(.text)
    DMA1_Channel4_IRQHandler                 0x08003447   Thumb Code     2  stm32f10x_it.o(.text)
    DMA1_Channel5_IRQHandler                 0x08003449   Thumb Code     2  stm32f10x_it.o(.text)
    DMA1_Channel6_IRQHandler                 0x0800344b   Thumb Code     2  stm32f10x_it.o(.text)
    DMA1_Channel7_IRQHandler                 0x0800344d   Thumb Code     2  stm32f10x_it.o(.text)
    ADC1_2_IRQHandler                        0x0800344f   Thumb Code     2  stm32f10x_it.o(.text)
    USB_HP_CAN_TX_IRQHandler                 0x08003451   Thumb Code     2  stm32f10x_it.o(.text)
    CAN_RX1_IRQHandler                       0x08003453   Thumb Code     2  stm32f10x_it.o(.text)
    CAN_SCE_IRQHandler                       0x08003455   Thumb Code     2  stm32f10x_it.o(.text)
    EXTI9_5_IRQHandler                       0x08003457   Thumb Code     2  stm32f10x_it.o(.text)
    TIM1_BRK_IRQHandler                      0x08003459   Thumb Code     2  stm32f10x_it.o(.text)
    TIM1_UP_IRQHandler                       0x0800345b   Thumb Code     2  stm32f10x_it.o(.text)
    TIM1_TRG_COM_IRQHandler                  0x0800345d   Thumb Code     2  stm32f10x_it.o(.text)
    TIM1_CC_IRQHandler                       0x0800345f   Thumb Code     2  stm32f10x_it.o(.text)
    TIM2_IRQHandler                          0x08003461   Thumb Code     2  stm32f10x_it.o(.text)
    TIM3_IRQHandler                          0x08003463   Thumb Code     2  stm32f10x_it.o(.text)
    TIM4_IRQHandler                          0x08003465   Thumb Code     2  stm32f10x_it.o(.text)
    I2C1_EV_IRQHandler                       0x08003467   Thumb Code     2  stm32f10x_it.o(.text)
    I2C1_ER_IRQHandler                       0x08003469   Thumb Code     2  stm32f10x_it.o(.text)
    I2C2_EV_IRQHandler                       0x0800346b   Thumb Code     2  stm32f10x_it.o(.text)
    I2C2_ER_IRQHandler                       0x0800346d   Thumb Code     2  stm32f10x_it.o(.text)
    SPI1_IRQHandler                          0x0800346f   Thumb Code     2  stm32f10x_it.o(.text)
    SPI2_IRQHandler                          0x08003471   Thumb Code     2  stm32f10x_it.o(.text)
    USART1_IRQHandler                        0x08003473   Thumb Code     2  stm32f10x_it.o(.text)
    USART2_IRQHandler                        0x08003475   Thumb Code     2  stm32f10x_it.o(.text)
    USART3_IRQHandler                        0x08003477   Thumb Code     2  stm32f10x_it.o(.text)
    EXTI15_10_IRQHandler                     0x08003479   Thumb Code     2  stm32f10x_it.o(.text)
    RTCAlarm_IRQHandler                      0x0800347b   Thumb Code     2  stm32f10x_it.o(.text)
    USBWakeUp_IRQHandler                     0x0800347d   Thumb Code     2  stm32f10x_it.o(.text)
    TIM8_BRK_IRQHandler                      0x0800347f   Thumb Code     2  stm32f10x_it.o(.text)
    TIM8_UP_IRQHandler                       0x08003481   Thumb Code     2  stm32f10x_it.o(.text)
    TIM8_TRG_COM_IRQHandler                  0x08003483   Thumb Code     2  stm32f10x_it.o(.text)
    TIM8_CC_IRQHandler                       0x08003485   Thumb Code     2  stm32f10x_it.o(.text)
    ADC3_IRQHandler                          0x08003487   Thumb Code     2  stm32f10x_it.o(.text)
    FSMC_IRQHandler                          0x08003489   Thumb Code     2  stm32f10x_it.o(.text)
    SDIO_IRQHandler                          0x0800348b   Thumb Code     2  stm32f10x_it.o(.text)
    TIM5_IRQHandler                          0x0800348d   Thumb Code     2  stm32f10x_it.o(.text)
    SPI3_IRQHandler                          0x0800348f   Thumb Code     2  stm32f10x_it.o(.text)
    UART4_IRQHandler                         0x08003491   Thumb Code     2  stm32f10x_it.o(.text)
    UART5_IRQHandler                         0x08003493   Thumb Code     2  stm32f10x_it.o(.text)
    TIM6_IRQHandler                          0x08003495   Thumb Code     2  stm32f10x_it.o(.text)
    TIM7_IRQHandler                          0x08003497   Thumb Code     2  stm32f10x_it.o(.text)
    DMA2_Channel1_IRQHandler                 0x08003499   Thumb Code     2  stm32f10x_it.o(.text)
    DMA2_Channel2_IRQHandler                 0x0800349b   Thumb Code     2  stm32f10x_it.o(.text)
    DMA2_Channel3_IRQHandler                 0x0800349d   Thumb Code     2  stm32f10x_it.o(.text)
    DMA2_Channel4_5_IRQHandler               0x0800349f   Thumb Code     2  stm32f10x_it.o(.text)
    main                                     0x080034a1   Thumb Code    66  usbmemcam.o(.text)
    CMOS_GPIO_Configuration                  0x080034ed   Thumb Code    30  cmos.o(.text)
    Write_Register                           0x0800350b   Thumb Code    30  cmos.o(.text)
    CMOS_Init                                0x08003529   Thumb Code   194  cmos.o(.text)
    CMOS_Exposure                            0x080035eb   Thumb Code    50  cmos.o(.text)
    CMOS_SetWindowOrigin                     0x0800361d   Thumb Code    60  cmos.o(.text)
    CMOS_SetImageSize                        0x08003659   Thumb Code    68  cmos.o(.text)
    CMOS_Capture                             0x0800369d   Thumb Code    96  cmos.o(.text)
    Write_Variable                           0x080036fd   Thumb Code    28  cmos.o(.text)
    EP_Reset                                 0x08003731   Thumb Code    64  usbhw.o(.text)
    EP_Status                                0x08003771   Thumb Code    76  usbhw.o(.text)
    USB_Init                                 0x080037bd   Thumb Code   112  usbhw.o(.text)
    USB_Connect                              0x0800382d   Thumb Code    32  usbhw.o(.text)
    USB_Reset                                0x0800384d   Thumb Code   104  usbhw.o(.text)
    USB_Suspend                              0x080038b5   Thumb Code    30  usbhw.o(.text)
    USB_Resume                               0x080038d3   Thumb Code     2  usbhw.o(.text)
    USB_WakeUp                               0x080038d5   Thumb Code    16  usbhw.o(.text)
    USB_WakeUpCfg                            0x080038e5   Thumb Code     2  usbhw.o(.text)
    USB_SetAddress                           0x080038e7   Thumb Code    12  usbhw.o(.text)
    USB_Configure                            0x080038f3   Thumb Code     4  usbhw.o(.text)
    USB_ConfigEP                             0x080038f7   Thumb Code   190  usbhw.o(.text)
    USB_DirCtrlEP                            0x080039b5   Thumb Code     2  usbhw.o(.text)
    USB_EnableEP                             0x080039b7   Thumb Code    16  usbhw.o(.text)
    USB_DisableEP                            0x080039c7   Thumb Code    14  usbhw.o(.text)
    USB_ResetEP                              0x080039d5   Thumb Code    12  usbhw.o(.text)
    USB_SetStallEP                           0x080039e1   Thumb Code    16  usbhw.o(.text)
    USB_ClrStallEP                           0x080039f1   Thumb Code    16  usbhw.o(.text)
    USB_ReadEP                               0x08003a01   Thumb Code    86  usbhw.o(.text)
    USB_WriteEP                              0x08003a57   Thumb Code    78  usbhw.o(.text)
    USB_GetFrame                             0x08003aa5   Thumb Code    12  usbhw.o(.text)
    USB_LP_CAN_RX0_IRQHandler                0x08003ab1   Thumb Code   298  usbhw.o(.text)
    UBS_SetBuffer                            0x08003bdb   Thumb Code    10  usbhw.o(.text)
    UBS_GetBuffer                            0x08003be5   Thumb Code     6  usbhw.o(.text)
    I2C_GPIO_Configuration                   0x08003c05   Thumb Code    42  i2c.o(.text)
    I2C_Configuration                        0x08003c2f   Thumb Code   200  i2c.o(.text)
    Init_I2C                                 0x08003cf7   Thumb Code    12  i2c.o(.text)
    I2C_Write                                0x08003d03   Thumb Code   148  i2c.o(.text)
    I2C_Read                                 0x08003d97   Thumb Code   232  i2c.o(.text)
    I2C_AcknowledgePolling                   0x08003e7f   Thumb Code    58  i2c.o(.text)
    Timer_GPIO_Configuration                 0x08003ecd   Thumb Code    58  timer.o(.text)
    Timer_Configuration                      0x08003f07   Thumb Code   240  timer.o(.text)
    Timer_Init                               0x08003ff7   Thumb Code    12  timer.o(.text)
    DMA_GPIO_Configuration                   0x08004015   Thumb Code    22  dma.o(.text)
    DMA_Configuration                        0x0800402b   Thumb Code   108  dma.o(.text)
    Init_DMA                                 0x08004097   Thumb Code    12  dma.o(.text)
    DMA1_Channel6_RunOnce                    0x080040a3   Thumb Code    52  dma.o(.text)
    USB_Reset_Event                          0x080040e5   Thumb Code    22  usbuser.o(.text)
    USB_Suspend_Event                        0x080040fb   Thumb Code    16  usbuser.o(.text)
    USB_WakeUp_Event                         0x0800410b   Thumb Code    16  usbuser.o(.text)
    USB_Configure_Event                      0x0800411b   Thumb Code    38  usbuser.o(.text)
    USB_EndPoint1                            0x08004141   Thumb Code    10  usbuser.o(.text)
    USB_EndPoint2                            0x0800414b   Thumb Code    10  usbuser.o(.text)
    USB_EndPoint3                            0x08004155   Thumb Code     2  usbuser.o(.text)
    USB_EndPoint4                            0x08004157   Thumb Code     2  usbuser.o(.text)
    USB_EndPoint5                            0x08004159   Thumb Code     2  usbuser.o(.text)
    USB_EndPoint6                            0x0800415b   Thumb Code     2  usbuser.o(.text)
    USB_EndPoint7                            0x0800415d   Thumb Code     2  usbuser.o(.text)
    USB_EndPoint8                            0x0800415f   Thumb Code     2  usbuser.o(.text)
    USB_EndPoint9                            0x08004161   Thumb Code     2  usbuser.o(.text)
    USB_EndPoint10                           0x08004163   Thumb Code     2  usbuser.o(.text)
    USB_EndPoint11                           0x08004165   Thumb Code     2  usbuser.o(.text)
    USB_EndPoint12                           0x08004167   Thumb Code     2  usbuser.o(.text)
    USB_EndPoint13                           0x08004169   Thumb Code     2  usbuser.o(.text)
    USB_EndPoint14                           0x0800416b   Thumb Code     2  usbuser.o(.text)
    USB_EndPoint15                           0x0800416d   Thumb Code     2  usbuser.o(.text)
    MSC_Reset                                0x0800417d   Thumb Code    24  mscuser.o(.text)
    MSC_GetMaxLUN                            0x08004195   Thumb Code    10  mscuser.o(.text)
    MSC_MemoryRead                           0x0800419f   Thumb Code   132  mscuser.o(.text)
    MSC_SetCSW                               0x08004223   Thumb Code    24  mscuser.o(.text)
    MSC_MemoryWrite                          0x0800423b   Thumb Code   150  mscuser.o(.text)
    MSC_MemoryVerify                         0x080042d1   Thumb Code   160  mscuser.o(.text)
    MSC_RWSetup                              0x08004371   Thumb Code    94  mscuser.o(.text)
    DataInFormat                             0x080043cf   Thumb Code    56  mscuser.o(.text)
    DataInTransfer                           0x08004407   Thumb Code    60  mscuser.o(.text)
    MSC_TestUnitReady                        0x08004443   Thumb Code    44  mscuser.o(.text)
    MSC_RequestSense                         0x0800446f   Thumb Code    78  mscuser.o(.text)
    MSC_Inquiry                              0x080044bd   Thumb Code   216  mscuser.o(.text)
    MSC_ModeSense6                           0x08004595   Thumb Code    36  mscuser.o(.text)
    MSC_ModeSense10                          0x080045b9   Thumb Code    46  mscuser.o(.text)
    MSC_ReadCapacity                         0x080045e7   Thumb Code    50  mscuser.o(.text)
    MSC_ReadFormatCapacity                   0x08004619   Thumb Code    64  mscuser.o(.text)
    MSC_CAMBufferRead                        0x08004659   Thumb Code   138  mscuser.o(.text)
    MSC_GetCBW                               0x080046e3   Thumb Code   490  mscuser.o(.text)
    MSC_BulkIn                               0x080048cd   Thumb Code    84  mscuser.o(.text)
    MSC_BulkOut                              0x08004921   Thumb Code    84  mscuser.o(.text)
    USB_ResetCore                            0x080049ad   Thumb Code    30  usbcore.o(.text)
    USB_SetupStage                           0x080049cb   Thumb Code    12  usbcore.o(.text)
    USB_DataInStage                          0x080049d7   Thumb Code    52  usbcore.o(.text)
    USB_DataOutStage                         0x08004a0b   Thumb Code    34  usbcore.o(.text)
    USB_StatusInStage                        0x08004a2d   Thumb Code    14  usbcore.o(.text)
    USB_StatusOutStage                       0x08004a3b   Thumb Code    12  usbcore.o(.text)
    USB_EndPoint0                            0x08004a47   Thumb Code   594  usbcore.o(.text)
    __scatterload                            0x08004cc1   Thumb Code    28  init.o(.text)
    __scatterload_rt2                        0x08004cc1   Thumb Code     0  init.o(.text)
    USB_GetDescriptor                        0x08004ce5   Thumb Code   146  usbcore.o(i.USB_GetDescriptor)
    USB_GetStatus                            0x08004d8d   Thumb Code   174  usbcore.o(i.USB_GetStatus)
    USB_SetClrFeature                        0x08004e5d   Thumb Code   198  usbcore.o(i.USB_SetClrFeature)
    USB_SetConfiguration                     0x08004f39   Thumb Code   368  usbcore.o(i.USB_SetConfiguration)
    USB_SetInterface                         0x080050c9   Thumb Code   252  usbcore.o(i.USB_SetInterface)
    __scatterload_copy                       0x080051dd   Thumb Code    14  handlers.o(i.__scatterload_copy)
    __scatterload_null                       0x080051eb   Thumb Code     2  handlers.o(i.__scatterload_null)
    __scatterload_zeroinit                   0x080051ed   Thumb Code    14  handlers.o(i.__scatterload_zeroinit)
    DiskImage                                0x080051fa   Data        4096  diskimg.o(.constdata)
    USB_P_EP                                 0x080061fc   Data          64  usbuser.o(.constdata)
    USB_DeviceDescriptor                     0x0800623c   Data          18  usbdesc.o(.constdata)
    USB_ConfigDescriptor                     0x0800624e   Data          33  usbdesc.o(.constdata)
    USB_StringDescriptor                     0x0800626f   Data         114  usbdesc.o(.constdata)
    Region$$Table$$Base                      0x080062e4   Number         0  anon$$obj.o(Region$$Table)
    Region$$Table$$Limit                     0x08006304   Number         0  anon$$obj.o(Region$$Table)
    __initial_sp                             0x20000400   Number         0  stm32f10x_vector.o ABSOLUTE
    Image_Row_Width                          0x60000000   Data           2  cmos.o(.data)
    Image_Column_Width                       0x60000002   Data           2  cmos.o(.data)
    pBUF_DSCR                                0x60000004   Data           4  usbhw.o(.data)
    FreeBufAddr                              0x60000008   Data           2  usbhw.o(.data)
    MemOK                                    0x6000000c   Data           4  mscuser.o(.data)
    Offset                                   0x60000010   Data           4  mscuser.o(.data)
    Length                                   0x60000014   Data           4  mscuser.o(.data)
    BulkStage                                0x60000018   Data           1  mscuser.o(.data)
    BulkLen                                  0x60000019   Data           1  mscuser.o(.data)
    MEM_Buffer                               0x6000001c   Data           4  mscuser.o(.data)
    MSC_MEM_BufferSize                       0x60000020   Data           4  mscuser.o(.data)
    MSC_GetBuffer                            0x60000024   Data           4  mscuser.o(.data)
    USB_DeviceStatus                         0x60000028   Data           2  usbcore.o(.data)
    USB_DeviceAddress                        0x6000002a   Data           1  usbcore.o(.data)
    USB_Configuration                        0x6000002b   Data           1  usbcore.o(.data)
    USB_EndPointMask                         0x6000002c   Data           4  usbcore.o(.data)
    USB_EndPointHalt                         0x60000030   Data           4  usbcore.o(.data)
    USB_NumInterfaces                        0x60000034   Data           1  usbcore.o(.data)
    USB_AltSetting                           0x60000035   Data           4  usbcore.o(.data)
    EP0Buf                                   0x60000039   Data           8  usbcore.o(.data)
    EP0Data                                  0x60000044   Data           8  usbcore.o(.data)
    SetupPacket                              0x6000004c   Data           8  usbcore.o(.data)
    CAM_Buffer                               0x60000054   Data       153600  usbmemcam.o(.bss)
    Memory                                   0x60025854   Data        8192  mscuser.o(.bss)
    BulkBuf                                  0x60027854   Data          64  mscuser.o(.bss)
    CBW                                      0x60027894   Data          31  mscuser.o(.bss)
    CSW                                      0x600278b3   Data          13  mscuser.o(.bss)



==============================================================================

Memory Map of the image

  Image Entry point : 0x08003131

  Load Region LR_IROM1 (Base: 0x08003000, Size: 0x00003358, Max: 0x0003d000, ABSOLUTE)

    Execution Region ER_IROM1 (Exec base: 0x08003000, Load base: 0x08003000, Size: 0x00003304, Max: 0x0003d000, ABSOLUTE)

    Exec Addr    Load Addr    Size         Type   Attr      Idx    E Section Name        Object

    0x08003000   0x08003000   0x00000130   Data   RO            3    RESET               stm32f10x_vector.o
    0x08003130   0x08003130   0x00000000   Code   RO          461  * .ARM.Collect$$$$00000000  mc_w.l(entry.o)
    0x08003130   0x08003130   0x00000004   Code   RO          464    .ARM.Collect$$$$00000001  mc_w.l(entry2.o)
    0x08003134   0x08003134   0x00000004   Code   RO          467    .ARM.Collect$$$$00000004  mc_w.l(entry5.o)
    0x08003138   0x08003138   0x00000000   Code   RO          469    .ARM.Collect$$$$00000008  mc_w.l(entry7b.o)
    0x08003138   0x08003138   0x00000000   Code   RO          471    .ARM.Collect$$$$0000000A  mc_w.l(entry8b.o)
    0x08003138   0x08003138   0x00000008   Code   RO          472    .ARM.Collect$$$$0000000B  mc_w.l(entry9a.o)
    0x08003140   0x08003140   0x00000000   Code   RO          474    .ARM.Collect$$$$0000000D  mc_w.l(entry10a.o)
    0x08003140   0x08003140   0x00000000   Code   RO          476    .ARM.Collect$$$$0000000F  mc_w.l(entry11a.o)
    0x08003140   0x08003140   0x00000004   Code   RO          465    .ARM.Collect$$$$00002712  mc_w.l(entry2.o)
    0x08003144   0x08003144   0x00000090   Code   RO            4    .text               stm32f10x_vector.o
    0x080031d4   0x080031d4   0x0000023c   Code   RO           10    .text               stm32_init.o
    0x08003410   0x08003410   0x00000090   Code   RO          110    .text               stm32f10x_it.o
    0x080034a0   0x080034a0   0x0000004c   Code   RO          125    .text               usbmemcam.o
    0x080034ec   0x080034ec   0x00000244   Code   RO          155    .text               cmos.lib(cmos.o)
    0x08003730   0x08003730   0x000004d4   Code   RO          266    .text               USBMEM.lib(usbhw.o)
    0x08003c04   0x08003c04   0x000002c8   Code   RO          308    .text               cmos.lib(i2c.o)
    0x08003ecc   0x08003ecc   0x00000148   Code   RO          320    .text               cmos.lib(timer.o)
    0x08004014   0x08004014   0x000000d0   Code   RO          332    .text               cmos.lib(dma.o)
    0x080040e4   0x080040e4   0x00000098   Code   RO          356    .text               USBMEM.lib(usbuser.o)
    0x0800417c   0x0800417c   0x00000830   Code   RO          378    .text               USBMEM.lib(mscuser.o)
    0x080049ac   0x080049ac   0x00000314   Code   RO          397    .text               USBMEM.lib(usbcore.o)
    0x08004cc0   0x08004cc0   0x00000024   Code   RO          478    .text               mc_w.l(init.o)
    0x08004ce4   0x08004ce4   0x000000a8   Code   RO          421    i.USB_GetDescriptor  USBMEM.lib(usbcore.o)
    0x08004d8c   0x08004d8c   0x000000d0   Code   RO          409    i.USB_GetStatus     USBMEM.lib(usbcore.o)
    0x08004e5c   0x08004e5c   0x000000dc   Code   RO          415    i.USB_SetClrFeature  USBMEM.lib(usbcore.o)
    0x08004f38   0x08004f38   0x00000190   Code   RO          427    i.USB_SetConfiguration  USBMEM.lib(usbcore.o)
    0x080050c8   0x080050c8   0x00000114   Code   RO          433    i.USB_SetInterface  USBMEM.lib(usbcore.o)
    0x080051dc   0x080051dc   0x0000000e   Code   RO          482    i.__scatterload_copy  mc_w.l(handlers.o)
    0x080051ea   0x080051ea   0x00000002   Code   RO          483    i.__scatterload_null  mc_w.l(handlers.o)
    0x080051ec   0x080051ec   0x0000000e   Code   RO          484    i.__scatterload_zeroinit  mc_w.l(handlers.o)
    0x080051fa   0x080051fa   0x00001000   Data   RO          344    .constdata          USBMEM.lib(diskimg.o)
    0x080061fa   0x080061fa   0x00000002   PAD
    0x080061fc   0x080061fc   0x00000040   Data   RO          357    .constdata          USBMEM.lib(usbuser.o)
    0x0800623c   0x0800623c   0x000000a5   Data   RO          449    .constdata          USBMEM.lib(usbdesc.o)
    0x080062e1   0x080062e1   0x00000003   PAD
    0x080062e4   0x080062e4   0x00000020   Data   RO          480    Region$$Table       anon$$obj.o


    Execution Region RW_IRAM1 (Exec base: 0x20000000, Load base: 0x08006358, Size: 0x00000000, Max: 0x0000c000, ABSOLUTE)

    **** No section assigned to this execution region ****


    Execution Region RW_RAM1 (Exec base: 0x60000000, Load base: 0x08006304, Size: 0x000278c0, Max: 0x00080000, ABSOLUTE)

    Exec Addr    Load Addr    Size         Type   Attr      Idx    E Section Name        Object

    0x60000000   0x08006304   0x00000004   Data   RW          156    .data               cmos.lib(cmos.o)
    0x60000004   0x08006308   0x00000006   Data   RW          267    .data               USBMEM.lib(usbhw.o)
    0x6000000a   0x0800630e   0x00000002   PAD
    0x6000000c   0x08006310   0x0000001c   Data   RW          380    .data               USBMEM.lib(mscuser.o)
    0x60000028   0x0800632c   0x0000002c   Data   RW          398    .data               USBMEM.lib(usbcore.o)
    0x60000054        -       0x00025800   Zero   RW          126    .bss                usbmemcam.o
    0x60025854        -       0x0000206c   Zero   RW          379    .bss                USBMEM.lib(mscuser.o)


==============================================================================

Image component sizes


      Code (inc. data)   RO Data    RW Data    ZI Data      Debug   Object Name

       572         62          0          0          0       3585   stm32_init.o
       144          0          0          0          0       7246   stm32f10x_it.o
       144         60        304          0          0        424   stm32f10x_vector.o
        76         10          0          0     153600       1092   usbmemcam.o

    ----------------------------------------------------------------------
       936        132        336          0     153600      12347   Object Totals
         0          0         32          0          0          0   (incl. Generated)
         0          0          0          0          0          0   (incl. Padding)

    ----------------------------------------------------------------------

      Code (inc. data)   RO Data    RW Data    ZI Data      Debug   Library Member Name

         0          0       4096          0          0        392   diskimg.o
      2096        108          0         28       8300       7018   mscuser.o
      2060        194          0         44          0       6530   usbcore.o
         0          0        165          0          0        589   usbdesc.o
      1236         74          0          6          0      12048   usbhw.o
       152         14         64          0          0       3428   usbuser.o
       580         24          0          4          0       3733   cmos.o
       208         14          0          0          0       1074   dma.o
       712         20          0          0          0       1718   i2c.o
       328         18          0          0          0        694   timer.o
         0          0          0          0          0          0   entry.o
         0          0          0          0          0          0   entry10a.o
         0          0          0          0          0          0   entry11a.o
         8          4          0          0          0          0   entry2.o
         4          0          0          0          0          0   entry5.o
         0          0          0          0          0          0   entry7b.o
         0          0          0          0          0          0   entry8b.o
         8          4          0          0          0          0   entry9a.o
        30          0          0          0          0          0   handlers.o
        36          8          0          0          0         68   init.o

    ----------------------------------------------------------------------
      7458        482       4330         84       8300      37292   Library Totals
         0          0          5          2          0          0   (incl. Padding)

    ----------------------------------------------------------------------

      Code (inc. data)   RO Data    RW Data    ZI Data      Debug   Library Name

      5544        390       4325         78       8300      30005   USBMEM.lib
      1828         76          0          4          0       7219   cmos.lib
        86         16          0          0          0         68   mc_w.l

    ----------------------------------------------------------------------
      7458        482       4330         84       8300      37292   Library Totals

    ----------------------------------------------------------------------

==============================================================================


      Code (inc. data)   RO Data    RW Data    ZI Data      Debug   

      8394        614       4666         84     161900      48789   Grand Totals
      8394        614       4666         84     161900      48789   ELF Image Totals
      8394        614       4666         84          0          0   ROM Totals

==============================================================================

    Total RO  Size (Code + RO Data)                13060 (  12.75kB)
    Total RW  Size (RW Data + ZI Data)            161984 ( 158.19kB)
    Total ROM Size (Code + RO Data + RW Data)      13144 (  12.84kB)

==============================================================================

