ARM Linker, RVCT3.1 [Build 939] for uVision [Standard]

================================================================================

Section Cross References

    main.o(.text) refers to hw_config.o(.text) for RCC_Configuration
    main.o(.text) refers to lcd_func.o(.text) for init_lcd
    main.o(.text) refers to hw_config.o(.data) for ADCConvertedValue
    hw_config.o(.text) refers to stm32f10x_dma.o(i.DMA_DeInit) for DMA_DeInit
    hw_config.o(.text) refers to stm32f10x_dma.o(i.DMA_Init) for DMA_Init
    hw_config.o(.text) refers to stm32f10x_dma.o(i.DMA_Cmd) for DMA_Cmd
    hw_config.o(.text) refers to stm32f10x_adc.o(i.ADC_Init) for ADC_Init
    hw_config.o(.text) refers to stm32f10x_adc.o(i.ADC_RegularChannelConfig) for ADC_RegularChannelConfig
    hw_config.o(.text) refers to stm32f10x_adc.o(i.ADC_DMACmd) for ADC_DMACmd
    hw_config.o(.text) refers to stm32f10x_adc.o(i.ADC_Cmd) for ADC_Cmd
    hw_config.o(.text) refers to stm32f10x_adc.o(i.ADC_ResetCalibration) for ADC_ResetCalibration
    hw_config.o(.text) refers to stm32f10x_adc.o(i.ADC_GetResetCalibrationStatus) for ADC_GetResetCalibrationStatus
    hw_config.o(.text) refers to stm32f10x_adc.o(i.ADC_StartCalibration) for ADC_StartCalibration
    hw_config.o(.text) refers to stm32f10x_adc.o(i.ADC_GetCalibrationStatus) for ADC_GetCalibrationStatus
    hw_config.o(.text) refers to stm32f10x_adc.o(i.ADC_SoftwareStartConvCmd) for ADC_SoftwareStartConvCmd
    hw_config.o(.text) refers to stm32f10x_rcc.o(i.RCC_DeInit) for RCC_DeInit
    hw_config.o(.text) refers to stm32f10x_rcc.o(i.RCC_HSEConfig) for RCC_HSEConfig
    hw_config.o(.text) refers to stm32f10x_rcc.o(i.RCC_WaitForHSEStartUp) for RCC_WaitForHSEStartUp
    hw_config.o(.text) refers to stm32f10x_flash.o(i.FLASH_PrefetchBufferCmd) for FLASH_PrefetchBufferCmd
    hw_config.o(.text) refers to stm32f10x_flash.o(i.FLASH_SetLatency) for FLASH_SetLatency
    hw_config.o(.text) refers to stm32f10x_rcc.o(i.RCC_HCLKConfig) for RCC_HCLKConfig
    hw_config.o(.text) refers to stm32f10x_rcc.o(i.RCC_PCLK2Config) for RCC_PCLK2Config
    hw_config.o(.text) refers to stm32f10x_rcc.o(i.RCC_PCLK1Config) for RCC_PCLK1Config
    hw_config.o(.text) refers to stm32f10x_rcc.o(i.RCC_ADCCLKConfig) for RCC_ADCCLKConfig
    hw_config.o(.text) refers to stm32f10x_rcc.o(i.RCC_PLLConfig) for RCC_PLLConfig
    hw_config.o(.text) refers to stm32f10x_rcc.o(i.RCC_PLLCmd) for RCC_PLLCmd
    hw_config.o(.text) refers to stm32f10x_rcc.o(i.RCC_GetFlagStatus) for RCC_GetFlagStatus
    hw_config.o(.text) refers to stm32f10x_rcc.o(i.RCC_SYSCLKConfig) for RCC_SYSCLKConfig
    hw_config.o(.text) refers to stm32f10x_rcc.o(i.RCC_GetSYSCLKSource) for RCC_GetSYSCLKSource
    hw_config.o(.text) refers to stm32f10x_rcc.o(i.RCC_AHBPeriphClockCmd) for RCC_AHBPeriphClockCmd
    hw_config.o(.text) refers to stm32f10x_rcc.o(i.RCC_APB2PeriphClockCmd) for RCC_APB2PeriphClockCmd
    hw_config.o(.text) refers to stm32f10x_gpio.o(i.GPIO_Init) for GPIO_Init
    hw_config.o(.text) refers to stm32f10x_nvic.o(i.NVIC_SetVectorTable) for NVIC_SetVectorTable
    hw_config.o(.text) refers to hw_config.o(.bss) for DMA_InitStructure
    hw_config.o(.text) refers to hw_config.o(.data) for ADCConvertedValue
    lcd_func.o(.text) refers to stm32f10x_gpio.o(i.GPIO_Write) for GPIO_Write
    lcd_func.o(.text) refers to stm32f10x_gpio.o(i.GPIO_ResetBits) for GPIO_ResetBits
    lcd_func.o(.text) refers to stm32f10x_gpio.o(i.GPIO_SetBits) for GPIO_SetBits
    stm32f10x.o(STACK) refers (Special) to stkheap2.o(.text) for __use_two_region_memory
    stm32f10x.o(HEAP) refers (Special) to stkheap2.o(.text) for __use_two_region_memory
    stm32f10x.o(RESET) refers to stm32f10x.o(STACK) for __initial_sp
    stm32f10x.o(RESET) refers to stm32f10x.o(.text) for Reset_Handler
    stm32f10x.o(RESET) refers (Special) to stkheap2.o(.text) for __use_two_region_memory
    stm32f10x.o(.text) refers to __main.o(!!!main) for __main
    stm32f10x.o(.text) refers to stm32f10x.o(HEAP) for Heap_Mem
    stm32f10x.o(.text) refers to stm32f10x.o(STACK) for Stack_Mem
    stm32f10x.o(.text) refers (Special) to stkheap2.o(.text) for __use_two_region_memory
    stm32f10x_adc.o(i.ADC_DeInit) refers to stm32f10x_rcc.o(i.RCC_APB2PeriphResetCmd) for RCC_APB2PeriphResetCmd
    stm32f10x_flash.o(i.FLASH_WaitForLastOperation) refers to stm32f10x_flash.o(i.FLASH_GetStatus) for FLASH_GetStatus
    stm32f10x_flash.o(i.FLASH_ErasePage) refers to stm32f10x_flash.o(i.FLASH_WaitForLastOperation) for FLASH_WaitForLastOperation
    stm32f10x_flash.o(i.FLASH_EraseAllPages) refers to stm32f10x_flash.o(i.FLASH_WaitForLastOperation) for FLASH_WaitForLastOperation
    stm32f10x_flash.o(i.FLASH_EraseOptionBytes) refers to stm32f10x_flash.o(i.FLASH_WaitForLastOperation) for FLASH_WaitForLastOperation
    stm32f10x_flash.o(i.FLASH_ProgramWord) refers to stm32f10x_flash.o(i.FLASH_WaitForLastOperation) for FLASH_WaitForLastOperation
    stm32f10x_flash.o(i.FLASH_ProgramHalfWord) refers to stm32f10x_flash.o(i.FLASH_WaitForLastOperation) for FLASH_WaitForLastOperation
    stm32f10x_flash.o(i.FLASH_ProgramOptionByteData) refers to stm32f10x_flash.o(i.FLASH_WaitForLastOperation) for FLASH_WaitForLastOperation
    stm32f10x_flash.o(i.FLASH_EnableWriteProtection) refers to stm32f10x_flash.o(i.FLASH_WaitForLastOperation) for FLASH_WaitForLastOperation
    stm32f10x_flash.o(i.FLASH_ReadOutProtection) refers to stm32f10x_flash.o(i.FLASH_WaitForLastOperation) for FLASH_WaitForLastOperation
    stm32f10x_flash.o(i.FLASH_UserOptionByteConfig) refers to stm32f10x_flash.o(i.FLASH_WaitForLastOperation) for FLASH_WaitForLastOperation
    stm32f10x_gpio.o(i.GPIO_DeInit) refers to stm32f10x_rcc.o(i.RCC_APB2PeriphResetCmd) for RCC_APB2PeriphResetCmd
    stm32f10x_gpio.o(i.GPIO_AFIODeInit) refers to stm32f10x_rcc.o(i.RCC_APB2PeriphResetCmd) for RCC_APB2PeriphResetCmd
    stm32f10x_nvic.o(i.NVIC_SETPRIMASK) refers to cortexm3_macro.o(.text) for __SETPRIMASK
    stm32f10x_nvic.o(i.NVIC_RESETPRIMASK) refers to cortexm3_macro.o(.text) for __RESETPRIMASK
    stm32f10x_nvic.o(i.NVIC_SETFAULTMASK) refers to cortexm3_macro.o(.text) for __SETFAULTMASK
    stm32f10x_nvic.o(i.NVIC_RESETFAULTMASK) refers to cortexm3_macro.o(.text) for __RESETFAULTMASK
    stm32f10x_nvic.o(i.NVIC_BASEPRICONFIG) refers to cortexm3_macro.o(.text) for __BASEPRICONFIG
    stm32f10x_nvic.o(i.NVIC_GetBASEPRI) refers to cortexm3_macro.o(.text) for __GetBASEPRI
    stm32f10x_rcc.o(i.RCC_WaitForHSEStartUp) refers to stm32f10x_rcc.o(i.RCC_GetFlagStatus) for RCC_GetFlagStatus
    stm32f10x_rcc.o(i.RCC_WaitForHSEStartUp) refers to stm32f10x_rcc.o(.data) for .data
    stm32f10x_rcc.o(i.RCC_GetClocksFreq) refers to stm32f10x_rcc.o(.constdata) for .constdata
    stkheap2.o(.text) refers to sys_stackheap_outer.o(.text) for __user_setup_stackheap
    stkheap2.o(.text) refers to rt_stackheap_storage_intlibspace.o(.text) for __rt_stackheap_storage
    __main.o(!!!main) refers to kernel.o(.text) for __rt_entry
    kernel.o(.text) refers to stkheap2.o(.text) for __rt_stackheap_init
    kernel.o(.text) refers to boardinit2.o(.text) for _platform_post_stackheap_init
    kernel.o(.text) refers to lib_init.o(.text) for __rt_lib_init
    kernel.o(.text) refers to boardinit3.o(.text) for _platform_post_lib_init
    kernel.o(.text) refers to main.o(.text) for main
    kernel.o(.text) refers to exit.o(.text) for exit
    kernel.o(.text) refers to sys_exit.o(.text) for _sys_exit
    kernel.o(.ARM.exidx) refers to kernel.o(.text) for __rt_entry
    sys_stackheap_outer.o(.text) refers to libspace.o(.text) for __user_perproc_libspace
    sys_stackheap_outer.o(.text) refers to stm32f10x.o(.text) for __user_initial_stackheap
    rt_stackheap_storage.o(.text) refers to rt_stackheap_storage.o(.bss) for __rt_stackheap_storage_data
    rt_stackheap_storage_intlibspace.o(.text) refers to libspace.o(.bss) for __libspace_start
    sys_exit.o(.text) refers to use_no_semi.o(.text) for __I_use_semihosting
    libspace.o(.text) refers to libspace.o(.bss) for __libspace_start
    exit.o(.text) refers to kernel.o(.text) for __rt_exit
    stkheap1.o(.text) refers to sys_stackheap_outer.o(.text) for __user_setup_stackheap
    stkheap1.o(.text) refers to rt_stackheap_storage_intlibspace.o(.text) for __rt_stackheap_storage
    lib_init.o(.emb_text) refers to no_argv.o(.text) for __ARM_get_argv
    lib_init.o(.text) refers to fpinit.o(x$fpl$fpinit) for _fp_init
    lib_init.o(.text) refers to lib_init.o(.emb_text) for __ARM_argv_veneer
    lib_init.o(.text) refers to rt_locale_intlibspace.o(.text) for __rt_locale
    rt_locale.o(.text) refers to rt_locale.o(.bss) for __rt_locale_data
    rt_locale_intlibspace.o(.text) refers to libspace.o(.bss) for __libspace_start
    _get_argv.o(.text) refers to heapext.o(.text) for __heap_extend
    _get_argv.o(.text) refers to defsig_rtmem_outer.o(.text) for __rt_SIGRTMEM
    _get_argv.o(.text) refers to sys_command.o(.text) for _sys_command_string
    _get_argv.o(.text) refers (Special) to hrguard.o(.text) for __heap_region_guard
    fpinit.o(x$fpl$fpinit) refers to rt_fp_status_addr_intlibspace.o(.text) for __rt_fp_status_addr
    sys_command.o(.text) refers (Special) to use_no_semi.o(.text) for __I_use_semihosting
    rt_fp_status_addr.o(.text) refers to rt_fp_status_addr.o(.bss) for __rt_fp_status_addr_data
    rt_fp_status_addr_intlibspace.o(.text) refers to libspace.o(.bss) for __libspace_start
    defsig_rtmem_outer.o(.text) refers to defsig_rtmem_inner.o(.text) for __rt_SIGRTMEM_inner
    defsig_rtmem_outer.o(.text) refers to defsig_exit.o(.text) for __sig_exit
    defsig_rtmem_formal.o(.text) refers to rt_raise.o(.text) for __rt_raise
    heapext.o(.text) refers to stkheap2.o(.text) for __rt_heap_extend
    rt_raise.o(.text) refers to __raise.o(.text) for __raise
    rt_raise.o(.text) refers to sys_exit.o(.text) for _sys_exit
    defsig.o(CL$$defsig) refers to defsig_rtmem_inner.o(.text) for __rt_SIGRTMEM_inner
    defsig_exit.o(.text) refers to sys_exit.o(.text) for _sys_exit
    defsig_rtmem_inner.o(.text) refers to defsig_general.o(.text) for __default_signal_display
    __raise.o(.text) refers to defsig.o(CL$$defsig) for __default_signal_handler
    defsig_general.o(.text) refers to sys_wrch.o(.text) for _ttywrch
    defsig_abrt_inner.o(.text) refers to defsig_general.o(.text) for __default_signal_display
    defsig_fpe_inner.o(.text) refers to defsig_general.o(.text) for __default_signal_display
    defsig_rtred_inner.o(.text) refers to defsig_general.o(.text) for __default_signal_display
    defsig_stak_inner.o(.text) refers to defsig_general.o(.text) for __default_signal_display
    defsig_pvfn_inner.o(.text) refers to defsig_general.o(.text) for __default_signal_display
    defsig_cppl_inner.o(.text) refers to defsig_general.o(.text) for __default_signal_display
    defsig_segv_inner.o(.text) refers to defsig_general.o(.text) for __default_signal_display
    defsig_other.o(.text) refers to defsig_general.o(.text) for __default_signal_display
    sys_wrch.o(.text) refers (Special) to use_no_semi.o(.text) for __I_use_semihosting


================================================================================

Removing Unused input sections from the image.

    Removing stm32f10x_adc.o(i.ADC_DeInit), (60 bytes).
    Removing stm32f10x_adc.o(i.ADC_StructInit), (18 bytes).
    Removing stm32f10x_adc.o(i.ADC_ITConfig), (18 bytes).
    Removing stm32f10x_adc.o(i.ADC_GetSoftwareStartConvStatus), (14 bytes).
    Removing stm32f10x_adc.o(i.ADC_DiscModeChannelCountConfig), (16 bytes).
    Removing stm32f10x_adc.o(i.ADC_DiscModeCmd), (20 bytes).
    Removing stm32f10x_adc.o(i.ADC_ExternalTrigConvCmd), (20 bytes).
    Removing stm32f10x_adc.o(i.ADC_GetConversionValue), (6 bytes).
    Removing stm32f10x_adc.o(i.ADC_GetDualModeConversionValue), (12 bytes).
    Removing stm32f10x_adc.o(i.ADC_AutoInjectedConvCmd), (20 bytes).
    Removing stm32f10x_adc.o(i.ADC_InjectedDiscModeCmd), (20 bytes).
    Removing stm32f10x_adc.o(i.ADC_ExternalTrigInjectedConvConfig), (12 bytes).
    Removing stm32f10x_adc.o(i.ADC_ExternalTrigInjectedConvCmd), (20 bytes).
    Removing stm32f10x_adc.o(i.ADC_SoftwareStartInjectedConvCmd), (20 bytes).
    Removing stm32f10x_adc.o(i.ADC_GetSoftwareStartInjectedConvCmdStatus), (14 bytes).
    Removing stm32f10x_adc.o(i.ADC_InjectedChannelConfig), (74 bytes).
    Removing stm32f10x_adc.o(i.ADC_InjectedSequencerLengthConfig), (16 bytes).
    Removing stm32f10x_adc.o(i.ADC_SetInjectedOffset), (4 bytes).
    Removing stm32f10x_adc.o(i.ADC_GetInjectedConversionValue), (8 bytes).
    Removing stm32f10x_adc.o(i.ADC_AnalogWatchdogCmd), (16 bytes).
    Removing stm32f10x_adc.o(i.ADC_AnalogWatchdogThresholdsConfig), (6 bytes).
    Removing stm32f10x_adc.o(i.ADC_AnalogWatchdogSingleChannelConfig), (12 bytes).
    Removing stm32f10x_adc.o(i.ADC_TempSensorVrefintCmd), (32 bytes).
    Removing stm32f10x_adc.o(i.ADC_GetFlagStatus), (14 bytes).
    Removing stm32f10x_adc.o(i.ADC_ClearFlag), (6 bytes).
    Removing stm32f10x_adc.o(i.ADC_GetITStatus), (28 bytes).
    Removing stm32f10x_adc.o(i.ADC_ClearITPendingBit), (8 bytes).
    Removing stm32f10x_dma.o(i.DMA_StructInit), (26 bytes).
    Removing stm32f10x_dma.o(i.DMA_ITConfig), (16 bytes).
    Removing stm32f10x_dma.o(i.DMA_GetCurrDataCounter), (6 bytes).
    Removing stm32f10x_dma.o(i.DMA_GetFlagStatus), (32 bytes).
    Removing stm32f10x_dma.o(i.DMA_ClearFlag), (20 bytes).
    Removing stm32f10x_dma.o(i.DMA_GetITStatus), (32 bytes).
    Removing stm32f10x_dma.o(i.DMA_ClearITPendingBit), (20 bytes).
    Removing stm32f10x_flash.o(i.FLASH_HalfCycleAccessCmd), (24 bytes).
    Removing stm32f10x_flash.o(i.FLASH_Unlock), (24 bytes).
    Removing stm32f10x_flash.o(i.FLASH_Lock), (16 bytes).
    Removing stm32f10x_flash.o(i.FLASH_GetStatus), (40 bytes).
    Removing stm32f10x_flash.o(i.FLASH_WaitForLastOperation), (40 bytes).
    Removing stm32f10x_flash.o(i.FLASH_ErasePage), (64 bytes).
    Removing stm32f10x_flash.o(i.FLASH_EraseAllPages), (60 bytes).
    Removing stm32f10x_flash.o(i.FLASH_EraseOptionBytes), (116 bytes).
    Removing stm32f10x_flash.o(i.FLASH_ProgramWord), (68 bytes).
    Removing stm32f10x_flash.o(i.FLASH_ProgramHalfWord), (56 bytes).
    Removing stm32f10x_flash.o(i.FLASH_ProgramOptionByteData), (72 bytes).
    Removing stm32f10x_flash.o(i.FLASH_EnableWriteProtection), (168 bytes).
    Removing stm32f10x_flash.o(i.FLASH_ReadOutProtection), (136 bytes).
    Removing stm32f10x_flash.o(i.FLASH_UserOptionByteConfig), (88 bytes).
    Removing stm32f10x_flash.o(i.FLASH_GetUserOptionByte), (12 bytes).
    Removing stm32f10x_flash.o(i.FLASH_GetWriteProtectionOptionByte), (12 bytes).
    Removing stm32f10x_flash.o(i.FLASH_GetReadOutProtectionStatus), (20 bytes).
    Removing stm32f10x_flash.o(i.FLASH_GetPrefetchBufferStatus), (20 bytes).
    Removing stm32f10x_flash.o(i.FLASH_ITConfig), (24 bytes).
    Removing stm32f10x_flash.o(i.FLASH_GetFlagStatus), (32 bytes).
    Removing stm32f10x_flash.o(i.FLASH_ClearFlag), (12 bytes).
    Removing stm32f10x_gpio.o(i.GPIO_DeInit), (160 bytes).
    Removing stm32f10x_gpio.o(i.GPIO_AFIODeInit), (22 bytes).
    Removing stm32f10x_gpio.o(i.GPIO_StructInit), (16 bytes).
    Removing stm32f10x_gpio.o(i.GPIO_ReadInputDataBit), (14 bytes).
    Removing stm32f10x_gpio.o(i.GPIO_ReadInputData), (6 bytes).
    Removing stm32f10x_gpio.o(i.GPIO_ReadOutputDataBit), (14 bytes).
    Removing stm32f10x_gpio.o(i.GPIO_ReadOutputData), (6 bytes).
    Removing stm32f10x_gpio.o(i.GPIO_WriteBit), (10 bytes).
    Removing stm32f10x_gpio.o(i.GPIO_PinLockConfig), (16 bytes).
    Removing stm32f10x_gpio.o(i.GPIO_EventOutputConfig), (28 bytes).
    Removing stm32f10x_gpio.o(i.GPIO_EventOutputCmd), (12 bytes).
    Removing stm32f10x_gpio.o(i.GPIO_PinRemapConfig), (72 bytes).
    Removing stm32f10x_gpio.o(i.GPIO_EXTILineConfig), (40 bytes).
    Removing stm32f10x_nvic.o(i.NVIC_DeInit), (44 bytes).
    Removing stm32f10x_nvic.o(i.NVIC_SCBDeInit), (68 bytes).
    Removing stm32f10x_nvic.o(i.NVIC_PriorityGroupConfig), (20 bytes).
    Removing stm32f10x_nvic.o(i.NVIC_Init), (116 bytes).
    Removing stm32f10x_nvic.o(i.NVIC_StructInit), (12 bytes).
    Removing stm32f10x_nvic.o(i.NVIC_SETPRIMASK), (4 bytes).
    Removing stm32f10x_nvic.o(i.NVIC_RESETPRIMASK), (4 bytes).
    Removing stm32f10x_nvic.o(i.NVIC_SETFAULTMASK), (4 bytes).
    Removing stm32f10x_nvic.o(i.NVIC_RESETFAULTMASK), (4 bytes).
    Removing stm32f10x_nvic.o(i.NVIC_BASEPRICONFIG), (6 bytes).
    Removing stm32f10x_nvic.o(i.NVIC_GetBASEPRI), (4 bytes).
    Removing stm32f10x_nvic.o(i.NVIC_GetCurrentPendingIRQChannel), (16 bytes).
    Removing stm32f10x_nvic.o(i.NVIC_GetIRQChannelPendingBitStatus), (34 bytes).
    Removing stm32f10x_nvic.o(i.NVIC_SetIRQChannelPendingBit), (12 bytes).
    Removing stm32f10x_nvic.o(i.NVIC_ClearIRQChannelPendingBit), (24 bytes).
    Removing stm32f10x_nvic.o(i.NVIC_GetCurrentActiveHandler), (16 bytes).
    Removing stm32f10x_nvic.o(i.NVIC_GetIRQChannelActiveBitStatus), (34 bytes).
    Removing stm32f10x_nvic.o(i.NVIC_GetCPUID), (12 bytes).
    Removing stm32f10x_nvic.o(i.NVIC_GenerateSystemReset), (16 bytes).
    Removing stm32f10x_nvic.o(i.NVIC_GenerateCoreReset), (16 bytes).
    Removing stm32f10x_nvic.o(i.NVIC_SystemLPConfig), (24 bytes).
    Removing stm32f10x_nvic.o(i.NVIC_SystemHandlerConfig), (32 bytes).
    Removing stm32f10x_nvic.o(i.NVIC_SystemHandlerPriorityConfig), (76 bytes).
    Removing stm32f10x_nvic.o(i.NVIC_GetSystemHandlerPendingBitStatus), (32 bytes).
    Removing stm32f10x_nvic.o(i.NVIC_SetSystemHandlerPendingBit), (24 bytes).
    Removing stm32f10x_nvic.o(i.NVIC_ClearSystemHandlerPendingBit), (24 bytes).
    Removing stm32f10x_nvic.o(i.NVIC_GetSystemHandlerActiveBitStatus), (32 bytes).
    Removing stm32f10x_nvic.o(i.NVIC_GetFaultHandlerSources), (54 bytes).
    Removing stm32f10x_nvic.o(i.NVIC_GetFaultAddress), (22 bytes).
    Removing stm32f10x_rcc.o(i.RCC_AdjustHSICalibrationValue), (20 bytes).
    Removing stm32f10x_rcc.o(i.RCC_HSICmd), (12 bytes).
    Removing stm32f10x_rcc.o(i.RCC_ITConfig), (24 bytes).
    Removing stm32f10x_rcc.o(i.RCC_USBCLKConfig), (12 bytes).
    Removing stm32f10x_rcc.o(i.RCC_LSEConfig), (32 bytes).
    Removing stm32f10x_rcc.o(i.RCC_LSICmd), (12 bytes).
    Removing stm32f10x_rcc.o(i.RCC_RTCCLKConfig), (16 bytes).
    Removing stm32f10x_rcc.o(i.RCC_RTCCLKCmd), (12 bytes).
    Removing stm32f10x_rcc.o(i.RCC_GetClocksFreq), (148 bytes).
    Removing stm32f10x_rcc.o(i.RCC_APB1PeriphClockCmd), (24 bytes).
    Removing stm32f10x_rcc.o(i.RCC_APB2PeriphResetCmd), (24 bytes).
    Removing stm32f10x_rcc.o(i.RCC_APB1PeriphResetCmd), (24 bytes).
    Removing stm32f10x_rcc.o(i.RCC_BackupResetCmd), (12 bytes).
    Removing stm32f10x_rcc.o(i.RCC_ClockSecuritySystemCmd), (12 bytes).
    Removing stm32f10x_rcc.o(i.RCC_MCOConfig), (12 bytes).
    Removing stm32f10x_rcc.o(i.RCC_ClearFlag), (16 bytes).
    Removing stm32f10x_rcc.o(i.RCC_GetITStatus), (20 bytes).
    Removing stm32f10x_rcc.o(i.RCC_ClearITPendingBit), (12 bytes).
    Removing stm32f10x_rcc.o(.constdata), (20 bytes).
    Removing cortexm3_macro.o(.text), (122 bytes).

117 unused section(s) (total 3558 bytes) removed from the image.

================================================================================

Image Symbol Table

    Local Symbols

    Symbol Name                              Value     Ov Type        Size  Object(Section)

    ../../angel/boardlib.s                   0x00000000   Number         0  boardinit3.o ABSOLUTE
    ../../angel/boardlib.s                   0x00000000   Number         0  cpuinit.o ABSOLUTE
    ../../angel/boardlib.s                   0x00000000   Number         0  boardshut.o ABSOLUTE
    ../../angel/boardlib.s                   0x00000000   Number         0  boardinit2.o ABSOLUTE
    ../../angel/boardlib.s                   0x00000000   Number         0  boardinit1.o ABSOLUTE
    ../../angel/handlers.s                   0x00000000   Number         0  __scatter_zi.o ABSOLUTE
    ../../angel/handlers.s                   0x00000000   Number         0  __scatter_copy.o ABSOLUTE
    ../../angel/kernel.s                     0x00000000   Number         0  kernel.o ABSOLUTE
    ../../angel/rt.s                         0x00000000   Number         0  rt_stackheap_storage_intlibspace.o ABSOLUTE
    ../../angel/rt.s                         0x00000000   Number         0  rt_fp_status_addr.o ABSOLUTE
    ../../angel/rt.s                         0x00000000   Number         0  rt_fp_status_addr_intlibspace.o ABSOLUTE
    ../../angel/rt.s                         0x00000000   Number         0  rt_stackheap_storage.o ABSOLUTE
    ../../angel/rt.s                         0x00000000   Number         0  rt_raise.o ABSOLUTE
    ../../angel/rt.s                         0x00000000   Number         0  rt_locale_intlibspace.o ABSOLUTE
    ../../angel/rt.s                         0x00000000   Number         0  rt_locale.o ABSOLUTE
    ../../angel/scatter.s                    0x00000000   Number         0  __scatter.o ABSOLUTE
    ../../angel/startup.s                    0x00000000   Number         0  __main.o ABSOLUTE
    ../../angel/sys.s                        0x00000000   Number         0  libspace.o ABSOLUTE
    ../../angel/sys.s                        0x00000000   Number         0  sys_exit.o ABSOLUTE
    ../../angel/sys.s                        0x00000000   Number         0  sys_stackheap_outer.o ABSOLUTE
    ../../angel/sys.s                        0x00000000   Number         0  use_no_semi.o ABSOLUTE
    ../../angel/sysapp.c                     0x00000000   Number         0  sys_command.o ABSOLUTE
    ../../angel/sysapp.c                     0x00000000   Number         0  sys_wrch.o ABSOLUTE
    ../../armsys.c                           0x00000000   Number         0  no_argv.o ABSOLUTE
    ../../armsys.c                           0x00000000   Number         0  _get_argv.o ABSOLUTE
    ../../armsys.c                           0x00000000   Number         0  lib_init.o ABSOLUTE
    ../../armsys.c                           0x00000000   Number         0  lib_init.o ABSOLUTE
    ../../fpinit.s                           0x00000000   Number         0  fpinit.o ABSOLUTE
    ../../heapalloc.c                        0x00000000   Number         0  hrguard.o ABSOLUTE
    ../../signal.c                           0x00000000   Number         0  defsig_exit.o ABSOLUTE
    ../../signal.c                           0x00000000   Number         0  defsig_rtmem_formal.o ABSOLUTE
    ../../signal.c                           0x00000000   Number         0  defsig_rtmem_outer.o ABSOLUTE
    ../../signal.c                           0x00000000   Number         0  __raise.o ABSOLUTE
    ../../signal.c                           0x00000000   Number         0  defsig_other.o ABSOLUTE
    ../../signal.c                           0x00000000   Number         0  defsig_segv_inner.o ABSOLUTE
    ../../signal.c                           0x00000000   Number         0  defsig_cppl_inner.o ABSOLUTE
    ../../signal.c                           0x00000000   Number         0  defsig_pvfn_inner.o ABSOLUTE
    ../../signal.c                           0x00000000   Number         0  defsig_stak_inner.o ABSOLUTE
    ../../signal.c                           0x00000000   Number         0  defsig_rtred_inner.o ABSOLUTE
    ../../signal.c                           0x00000000   Number         0  defsig_fpe_inner.o ABSOLUTE
    ../../signal.c                           0x00000000   Number         0  defsig_abrt_inner.o ABSOLUTE
    ../../signal.c                           0x00000000   Number         0  defsig_general.o ABSOLUTE
    ../../signal.c                           0x00000000   Number         0  defsig_rtmem_inner.o ABSOLUTE
    ../../signal.s                           0x00000000   Number         0  defsig.o ABSOLUTE
    ../../stdlib.c                           0x00000000   Number         0  exit.o ABSOLUTE
    ../../stkheap.s                          0x00000000   Number         0  heapext.o ABSOLUTE
    ../../stkheap1.s                         0x00000000   Number         0  stkheap1.o ABSOLUTE
    ../../stkheap2.s                         0x00000000   Number         0  stkheap2.o ABSOLUTE
    ..\source\hw_config.c                    0x00000000   Number         0  hw_config.o ABSOLUTE
    ..\source\lcd_func.c                     0x00000000   Number         0  lcd_func.o ABSOLUTE
    ..\source\main.c                         0x00000000   Number         0  main.o ABSOLUTE
    STM32F10x.s                              0x00000000   Number         0  stm32f10x.o ABSOLUTE
    cortexm3_macro.s                         0x00000000   Number         0  cortexm3_macro.o ABSOLUTE
    dc.s                                     0x00000000   Number         0  dc.o ABSOLUTE
    stm32f10x_adc.c                          0x00000000   Number         0  stm32f10x_adc.o ABSOLUTE
    stm32f10x_dma.c                          0x00000000   Number         0  stm32f10x_dma.o ABSOLUTE
    stm32f10x_flash.c                        0x00000000   Number         0  stm32f10x_flash.o ABSOLUTE
    stm32f10x_gpio.c                         0x00000000   Number         0  stm32f10x_gpio.o ABSOLUTE
    stm32f10x_nvic.c                         0x00000000   Number         0  stm32f10x_nvic.o ABSOLUTE
    stm32f10x_rcc.c                          0x00000000   Number         0  stm32f10x_rcc.o ABSOLUTE
    RESET                                    0x08000000   Section      236  stm32f10x.o(RESET)
    !!!main                                  0x080000ec   Section        8  __main.o(!!!main)
    !!!scatter                               0x080000f4   Section       52  __scatter.o(!!!scatter)
    !!handler_copy                           0x08000128   Section       26  __scatter_copy.o(!!handler_copy)
    !!handler_zi                             0x08000144   Section       28  __scatter_zi.o(!!handler_zi)
    .emb_text                                0x08000160   Section        4  lib_init.o(.emb_text)
    .text                                    0x08000164   Section       56  main.o(.text)
    .text                                    0x0800019c   Section      440  hw_config.o(.text)
    .text                                    0x08000354   Section      672  lcd_func.o(.text)
    .text                                    0x080005f4   Section       52  stm32f10x.o(.text)
    .text                                    0x08000628   Section       38  stkheap2.o(.text)
    .text                                    0x0800064e   Section       62  kernel.o(.text)
    .text                                    0x0800068c   Section       74  sys_stackheap_outer.o(.text)
    .text                                    0x080006d8   Section       12  rt_stackheap_storage_intlibspace.o(.text)
    .text                                    0x080006e4   Section       20  sys_exit.o(.text)
    .text                                    0x080006f8   Section        8  libspace.o(.text)
    .text                                    0x08000700   Section       12  exit.o(.text)
    .text                                    0x0800070c   Section      192  lib_init.o(.text)
    .text                                    0x080007cc   Section       10  boardinit2.o(.text)
    .text                                    0x080007d6   Section        8  boardinit3.o(.text)
    .text                                    0x080007de   Section        2  use_no_semi.o(.text)
    .text                                    0x080007e0   Section       12  rt_locale_intlibspace.o(.text)
    .text                                    0x080007ec   Section        2  no_argv.o(.text)
    .text                                    0x080007f0   Section       12  rt_fp_status_addr_intlibspace.o(.text)
    i.ADC_Cmd                                0x080007fc   Section       20  stm32f10x_adc.o(i.ADC_Cmd)
    i.ADC_DMACmd                             0x08000810   Section       20  stm32f10x_adc.o(i.ADC_DMACmd)
    i.ADC_GetCalibrationStatus               0x08000824   Section       14  stm32f10x_adc.o(i.ADC_GetCalibrationStatus)
    i.ADC_GetResetCalibrationStatus          0x08000832   Section       14  stm32f10x_adc.o(i.ADC_GetResetCalibrationStatus)
    i.ADC_Init                               0x08000840   Section       72  stm32f10x_adc.o(i.ADC_Init)
    i.ADC_RegularChannelConfig               0x08000888   Section      116  stm32f10x_adc.o(i.ADC_RegularChannelConfig)
    i.ADC_ResetCalibration                   0x080008fc   Section       10  stm32f10x_adc.o(i.ADC_ResetCalibration)
    i.ADC_SoftwareStartConvCmd               0x08000906   Section       20  stm32f10x_adc.o(i.ADC_SoftwareStartConvCmd)
    i.ADC_StartCalibration                   0x0800091a   Section       10  stm32f10x_adc.o(i.ADC_StartCalibration)
    i.DMA_Cmd                                0x08000924   Section       20  stm32f10x_dma.o(i.DMA_Cmd)
    i.DMA_DeInit                             0x08000938   Section      224  stm32f10x_dma.o(i.DMA_DeInit)
    i.DMA_Init                               0x08000a18   Section       58  stm32f10x_dma.o(i.DMA_Init)
    i.FLASH_PrefetchBufferCmd                0x08000a54   Section       24  stm32f10x_flash.o(i.FLASH_PrefetchBufferCmd)
    i.FLASH_SetLatency                       0x08000a6c   Section       24  stm32f10x_flash.o(i.FLASH_SetLatency)
    i.GPIO_Init                              0x08000a84   Section      160  stm32f10x_gpio.o(i.GPIO_Init)
    i.GPIO_ResetBits                         0x08000b24   Section        4  stm32f10x_gpio.o(i.GPIO_ResetBits)
    i.GPIO_SetBits                           0x08000b28   Section        4  stm32f10x_gpio.o(i.GPIO_SetBits)
    i.GPIO_Write                             0x08000b2c   Section        4  stm32f10x_gpio.o(i.GPIO_Write)
    i.NVIC_SetVectorTable                    0x08000b30   Section       20  stm32f10x_nvic.o(i.NVIC_SetVectorTable)
    i.RCC_ADCCLKConfig                       0x08000b44   Section       20  stm32f10x_rcc.o(i.RCC_ADCCLKConfig)
    i.RCC_AHBPeriphClockCmd                  0x08000b58   Section       24  stm32f10x_rcc.o(i.RCC_AHBPeriphClockCmd)
    i.RCC_APB2PeriphClockCmd                 0x08000b70   Section       24  stm32f10x_rcc.o(i.RCC_APB2PeriphClockCmd)
    i.RCC_DeInit                             0x08000b88   Section       60  stm32f10x_rcc.o(i.RCC_DeInit)
    i.RCC_GetFlagStatus                      0x08000bc4   Section       48  stm32f10x_rcc.o(i.RCC_GetFlagStatus)
    i.RCC_GetSYSCLKSource                    0x08000bf4   Section       16  stm32f10x_rcc.o(i.RCC_GetSYSCLKSource)
    i.RCC_HCLKConfig                         0x08000c04   Section       20  stm32f10x_rcc.o(i.RCC_HCLKConfig)
    i.RCC_HSEConfig                          0x08000c18   Section       52  stm32f10x_rcc.o(i.RCC_HSEConfig)
    i.RCC_PCLK1Config                        0x08000c4c   Section       20  stm32f10x_rcc.o(i.RCC_PCLK1Config)
    i.RCC_PCLK2Config                        0x08000c60   Section       20  stm32f10x_rcc.o(i.RCC_PCLK2Config)
    i.RCC_PLLCmd                             0x08000c74   Section       12  stm32f10x_rcc.o(i.RCC_PLLCmd)
    i.RCC_PLLConfig                          0x08000c80   Section       20  stm32f10x_rcc.o(i.RCC_PLLConfig)
    i.RCC_SYSCLKConfig                       0x08000c94   Section       20  stm32f10x_rcc.o(i.RCC_SYSCLKConfig)
    i.RCC_WaitForHSEStartUp                  0x08000ca8   Section       52  stm32f10x_rcc.o(i.RCC_WaitForHSEStartUp)
    x$fpl$fpinit                             0x08000cdc   Section       14  fpinit.o(x$fpl$fpinit)
    .data                                    0x20000000   Section        3  hw_config.o(.data)
    .data                                    0x20000004   Section        8  stm32f10x_rcc.o(.data)
    HSEStatus                                0x20000004   Data           1  stm32f10x_rcc.o(.data)
    StartUpCounter                           0x20000008   Data           4  stm32f10x_rcc.o(.data)
    .bss                                     0x2000000c   Section       64  hw_config.o(.bss)
    .bss                                     0x2000004c   Section       96  libspace.o(.bss)
    HEAP                                     0x200000b0   Number         0  stm32f10x.o(HEAP)
    STACK                                    0x200000b0   Section      512  stm32f10x.o(STACK)
    Heap_Mem                                 0x200000b0   Number         0  stm32f10x.o(HEAP)
    Stack_Mem                                0x200000b0   Data         512  stm32f10x.o(STACK)
    __initial_sp                             0x200002b0   Number         0  stm32f10x.o(STACK)

    Global Symbols

    Symbol Name                              Value     Ov Type        Size  Object(Section)

    BuildAttributes$$THM_ISAv4$M$P$D$K$S$PE$A:L22UL41UL21$X:L11$S22US41US21$IEEE1$IW$USESV6$~STKCKD$USESV7$~SHL$OSPACE$EBA8$STANDARDLIB$REQ8$PRES8$EABIv2 0x00000000   Number         0  anon$$obj.o ABSOLUTE
    __ARM_use_no_argv                        0x00000000   Number         0  main.o ABSOLUTE
    __ARM_exceptions_init                     - Undefined Weak Reference
    __Heap_DescSize                           - Undefined Weak Reference
    __alloca_initialize                       - Undefined Weak Reference
    __cpp_initialize__aeabi_                  - Undefined Weak Reference
    __cxa_finalize                            - Undefined Weak Reference
    __sigvec_lookup                           - Undefined Weak Reference
    __user_heap_extend                        - Undefined Weak Reference
    _atexit_init                              - Undefined Weak Reference
    _call_atexit_fns                          - Undefined Weak Reference
    _clock_init                               - Undefined Weak Reference
    _fp_trap_init                             - Undefined Weak Reference
    _get_lc_collate                           - Undefined Weak Reference
    _get_lc_ctype                             - Undefined Weak Reference
    _get_lc_monetary                          - Undefined Weak Reference
    _get_lc_numeric                           - Undefined Weak Reference
    _get_lc_time                              - Undefined Weak Reference
    _getenv_init                              - Undefined Weak Reference
    _handle_redirection                       - Undefined Weak Reference
    _init_alloc                               - Undefined Weak Reference
    _init_user_alloc                          - Undefined Weak Reference
    _initio                                   - Undefined Weak Reference
    _rand_init                                - Undefined Weak Reference
    _signal_init                              - Undefined Weak Reference
    _terminate_user_alloc                     - Undefined Weak Reference
    _terminateio                              - Undefined Weak Reference
    __Vectors                                0x08000000   Data           4  stm32f10x.o(RESET)
    __main                                   0x080000ed   Thumb Code     8  __main.o(!!!main)
    __scatterload                            0x080000f5   Thumb Code     0  __scatter.o(!!!scatter)
    __scatterload_rt2                        0x080000f5   Thumb Code    44  __scatter.o(!!!scatter)
    __scatterload_rt2_thumb_only             0x080000f5   Thumb Code     0  __scatter.o(!!!scatter)
    __scatterload_null                       0x08000103   Thumb Code     0  __scatter.o(!!!scatter)
    __scatterload_copy                       0x08000129   Thumb Code    26  __scatter_copy.o(!!handler_copy)
    __scatterload_zeroinit                   0x08000145   Thumb Code    28  __scatter_zi.o(!!handler_zi)
    __ARM_argv_veneer                        0x08000161   Thumb Code     4  lib_init.o(.emb_text)
    main                                     0x08000165   Thumb Code    50  main.o(.text)
    DMA_Configuration                        0x0800019d   Thumb Code    70  hw_config.o(.text)
    ADC_Configuration                        0x080001e3   Thumb Code   126  hw_config.o(.text)
    RCC_Configuration                        0x08000261   Thumb Code   144  hw_config.o(.text)
    GPIO_Configuration                       0x080002f1   Thumb Code    52  hw_config.o(.text)
    NVIC_Configuration                       0x08000325   Thumb Code    14  hw_config.o(.text)
    delay                                    0x08000355   Thumb Code    22  lcd_func.o(.text)
    write_com                                0x0800036b   Thumb Code    88  lcd_func.o(.text)
    init_lcd                                 0x080003c3   Thumb Code    94  lcd_func.o(.text)
    en1                                      0x08000421   Thumb Code    30  lcd_func.o(.text)
    write_data                               0x0800043f   Thumb Code    98  lcd_func.o(.text)
    print                                    0x080004a1   Thumb Code    90  lcd_func.o(.text)
    prline1                                  0x080004fb   Thumb Code    24  lcd_func.o(.text)
    prline2                                  0x08000513   Thumb Code    24  lcd_func.o(.text)
    clear                                    0x0800052b   Thumb Code    10  lcd_func.o(.text)
    home                                     0x08000535   Thumb Code    10  lcd_func.o(.text)
    setCursor                                0x0800053f   Thumb Code    30  lcd_func.o(.text)
    shiftDisplayLeft                         0x0800055d   Thumb Code    10  lcd_func.o(.text)
    shiftDisplayRight                        0x08000567   Thumb Code    10  lcd_func.o(.text)
    tohex                                    0x08000571   Thumb Code    60  lcd_func.o(.text)
    pf4h                                     0x080005ad   Thumb Code    68  lcd_func.o(.text)
    Reset_Handler                            0x080005f5   Thumb Code     4  stm32f10x.o(.text)
    NMI_Handler                              0x080005f9   Thumb Code     2  stm32f10x.o(.text)
    HardFault_Handler                        0x080005fb   Thumb Code     2  stm32f10x.o(.text)
    MemManage_Handler                        0x080005fd   Thumb Code     2  stm32f10x.o(.text)
    BusFault_Handler                         0x080005ff   Thumb Code     2  stm32f10x.o(.text)
    UsageFault_Handler                       0x08000601   Thumb Code     2  stm32f10x.o(.text)
    SVC_Handler                              0x08000603   Thumb Code     2  stm32f10x.o(.text)
    DebugMon_Handler                         0x08000605   Thumb Code     2  stm32f10x.o(.text)
    PendSV_Handler                           0x08000607   Thumb Code     2  stm32f10x.o(.text)
    SysTick_Handler                          0x08000609   Thumb Code     2  stm32f10x.o(.text)
    ADC_IRQHandler                           0x0800060b   Thumb Code     0  stm32f10x.o(.text)
    CAN_RX1_IRQHandler                       0x0800060b   Thumb Code     0  stm32f10x.o(.text)
    CAN_SCE_IRQHandler                       0x0800060b   Thumb Code     0  stm32f10x.o(.text)
    DMAChannel1_IRQHandler                   0x0800060b   Thumb Code     0  stm32f10x.o(.text)
    DMAChannel2_IRQHandler                   0x0800060b   Thumb Code     0  stm32f10x.o(.text)
    DMAChannel3_IRQHandler                   0x0800060b   Thumb Code     0  stm32f10x.o(.text)
    DMAChannel4_IRQHandler                   0x0800060b   Thumb Code     0  stm32f10x.o(.text)
    DMAChannel5_IRQHandler                   0x0800060b   Thumb Code     0  stm32f10x.o(.text)
    DMAChannel6_IRQHandler                   0x0800060b   Thumb Code     0  stm32f10x.o(.text)
    DMAChannel7_IRQHandler                   0x0800060b   Thumb Code     0  stm32f10x.o(.text)
    EXTI0_IRQHandler                         0x0800060b   Thumb Code     0  stm32f10x.o(.text)
    EXTI15_10_IRQHandler                     0x0800060b   Thumb Code     0  stm32f10x.o(.text)
    EXTI1_IRQHandler                         0x0800060b   Thumb Code     0  stm32f10x.o(.text)
    EXTI2_IRQHandler                         0x0800060b   Thumb Code     0  stm32f10x.o(.text)
    EXTI3_IRQHandler                         0x0800060b   Thumb Code     0  stm32f10x.o(.text)
    EXTI4_IRQHandler                         0x0800060b   Thumb Code     0  stm32f10x.o(.text)
    EXTI9_5_IRQHandler                       0x0800060b   Thumb Code     0  stm32f10x.o(.text)
    FLASH_IRQHandler                         0x0800060b   Thumb Code     0  stm32f10x.o(.text)
    I2C1_ER_IRQHandler                       0x0800060b   Thumb Code     0  stm32f10x.o(.text)
    I2C1_EV_IRQHandler                       0x0800060b   Thumb Code     0  stm32f10x.o(.text)
    I2C2_ER_IRQHandler                       0x0800060b   Thumb Code     0  stm32f10x.o(.text)
    I2C2_EV_IRQHandler                       0x0800060b   Thumb Code     0  stm32f10x.o(.text)
    PVD_IRQHandler                           0x0800060b   Thumb Code     0  stm32f10x.o(.text)
    RCC_IRQHandler                           0x0800060b   Thumb Code     0  stm32f10x.o(.text)
    RTCAlarm_IRQHandler                      0x0800060b   Thumb Code     0  stm32f10x.o(.text)
    RTC_IRQHandler                           0x0800060b   Thumb Code     0  stm32f10x.o(.text)
    SPI1_IRQHandler                          0x0800060b   Thumb Code     0  stm32f10x.o(.text)
    SPI2_IRQHandler                          0x0800060b   Thumb Code     0  stm32f10x.o(.text)
    TAMPER_IRQHandler                        0x0800060b   Thumb Code     0  stm32f10x.o(.text)
    TIM1_BRK_IRQHandler                      0x0800060b   Thumb Code     0  stm32f10x.o(.text)
    TIM1_CC_IRQHandler                       0x0800060b   Thumb Code     0  stm32f10x.o(.text)
    TIM1_TRG_COM_IRQHandler                  0x0800060b   Thumb Code     0  stm32f10x.o(.text)
    TIM1_UP_IRQHandler                       0x0800060b   Thumb Code     0  stm32f10x.o(.text)
    TIM2_IRQHandler                          0x0800060b   Thumb Code     0  stm32f10x.o(.text)
    TIM3_IRQHandler                          0x0800060b   Thumb Code     0  stm32f10x.o(.text)
    TIM4_IRQHandler                          0x0800060b   Thumb Code     0  stm32f10x.o(.text)
    USART1_IRQHandler                        0x0800060b   Thumb Code     0  stm32f10x.o(.text)
    USART2_IRQHandler                        0x0800060b   Thumb Code     0  stm32f10x.o(.text)
    USART3_IRQHandler                        0x0800060b   Thumb Code     0  stm32f10x.o(.text)
    USBWakeUp_IRQHandler                     0x0800060b   Thumb Code     0  stm32f10x.o(.text)
    USB_HP_CAN_TX_IRQHandler                 0x0800060b   Thumb Code     0  stm32f10x.o(.text)
    USB_LP_CAN_RX0_IRQHandler                0x0800060b   Thumb Code     0  stm32f10x.o(.text)
    WWDG_IRQHandler                          0x0800060b   Thumb Code     0  stm32f10x.o(.text)
    __user_initial_stackheap                 0x0800060d   Thumb Code     0  stm32f10x.o(.text)
    __use_two_region_memory                  0x08000629   Thumb Code     2  stkheap2.o(.text)
    __rt_stackheap_init                      0x0800062b   Thumb Code    24  stkheap2.o(.text)
    __rt_heap_extend                         0x08000643   Thumb Code    12  stkheap2.o(.text)
    __rt_entry                               0x0800064f   Thumb Code    36  kernel.o(.text)
    __rt_exit                                0x08000673   Thumb Code    18  kernel.o(.text)
    __rt_abort                               0x08000685   Thumb Code     8  kernel.o(.text)
    __user_setup_stackheap                   0x0800068d   Thumb Code    74  sys_stackheap_outer.o(.text)
    __rt_stackheap_storage                   0x080006d9   Thumb Code     6  rt_stackheap_storage_intlibspace.o(.text)
    _sys_exit                                0x080006e5   Thumb Code    16  sys_exit.o(.text)
    __user_libspace                          0x080006f9   Thumb Code     4  libspace.o(.text)
    __user_perproc_libspace                  0x080006f9   Thumb Code     0  libspace.o(.text)
    __user_perthread_libspace                0x080006f9   Thumb Code     0  libspace.o(.text)
    exit                                     0x08000701   Thumb Code    12  exit.o(.text)
    __rt_lib_init                            0x0800070d   Thumb Code   174  lib_init.o(.text)
    __rt_lib_shutdown                        0x080007bb   Thumb Code    18  lib_init.o(.text)
    _platform_post_stackheap_init            0x080007cd   Thumb Code    10  boardinit2.o(.text)
    _platform_post_lib_init                  0x080007d7   Thumb Code     8  boardinit3.o(.text)
    __I_use_semihosting                      0x080007df   Thumb Code     0  use_no_semi.o(.text)
    __use_no_semihosting_swi                 0x080007df   Thumb Code     2  use_no_semi.o(.text)
    __rt_locale                              0x080007e1   Thumb Code     6  rt_locale_intlibspace.o(.text)
    __ARM_get_argv                           0x080007ed   Thumb Code     2  no_argv.o(.text)
    __rt_fp_status_addr                      0x080007f1   Thumb Code     6  rt_fp_status_addr_intlibspace.o(.text)
    ADC_Cmd                                  0x080007fd   Thumb Code    20  stm32f10x_adc.o(i.ADC_Cmd)
    ADC_DMACmd                               0x08000811   Thumb Code    20  stm32f10x_adc.o(i.ADC_DMACmd)
    ADC_GetCalibrationStatus                 0x08000825   Thumb Code    14  stm32f10x_adc.o(i.ADC_GetCalibrationStatus)
    ADC_GetResetCalibrationStatus            0x08000833   Thumb Code    14  stm32f10x_adc.o(i.ADC_GetResetCalibrationStatus)
    ADC_Init                                 0x08000841   Thumb Code    62  stm32f10x_adc.o(i.ADC_Init)
    ADC_RegularChannelConfig                 0x08000889   Thumb Code   116  stm32f10x_adc.o(i.ADC_RegularChannelConfig)
    ADC_ResetCalibration                     0x080008fd   Thumb Code    10  stm32f10x_adc.o(i.ADC_ResetCalibration)
    ADC_SoftwareStartConvCmd                 0x08000907   Thumb Code    20  stm32f10x_adc.o(i.ADC_SoftwareStartConvCmd)
    ADC_StartCalibration                     0x0800091b   Thumb Code    10  stm32f10x_adc.o(i.ADC_StartCalibration)
    DMA_Cmd                                  0x08000925   Thumb Code    20  stm32f10x_dma.o(i.DMA_Cmd)
    DMA_DeInit                               0x08000939   Thumb Code   210  stm32f10x_dma.o(i.DMA_DeInit)
    DMA_Init                                 0x08000a19   Thumb Code    58  stm32f10x_dma.o(i.DMA_Init)
    FLASH_PrefetchBufferCmd                  0x08000a55   Thumb Code    18  stm32f10x_flash.o(i.FLASH_PrefetchBufferCmd)
    FLASH_SetLatency                         0x08000a6d   Thumb Code    18  stm32f10x_flash.o(i.FLASH_SetLatency)
    GPIO_Init                                0x08000a85   Thumb Code   160  stm32f10x_gpio.o(i.GPIO_Init)
    GPIO_ResetBits                           0x08000b25   Thumb Code     4  stm32f10x_gpio.o(i.GPIO_ResetBits)
    GPIO_SetBits                             0x08000b29   Thumb Code     4  stm32f10x_gpio.o(i.GPIO_SetBits)
    GPIO_Write                               0x08000b2d   Thumb Code     4  stm32f10x_gpio.o(i.GPIO_Write)
    NVIC_SetVectorTable                      0x08000b31   Thumb Code    12  stm32f10x_nvic.o(i.NVIC_SetVectorTable)
    RCC_ADCCLKConfig                         0x08000b45   Thumb Code    14  stm32f10x_rcc.o(i.RCC_ADCCLKConfig)
    RCC_AHBPeriphClockCmd                    0x08000b59   Thumb Code    18  stm32f10x_rcc.o(i.RCC_AHBPeriphClockCmd)
    RCC_APB2PeriphClockCmd                   0x08000b71   Thumb Code    18  stm32f10x_rcc.o(i.RCC_APB2PeriphClockCmd)
    RCC_DeInit                               0x08000b89   Thumb Code    48  stm32f10x_rcc.o(i.RCC_DeInit)
    RCC_GetFlagStatus                        0x08000bc5   Thumb Code    42  stm32f10x_rcc.o(i.RCC_GetFlagStatus)
    RCC_GetSYSCLKSource                      0x08000bf5   Thumb Code    10  stm32f10x_rcc.o(i.RCC_GetSYSCLKSource)
    RCC_HCLKConfig                           0x08000c05   Thumb Code    14  stm32f10x_rcc.o(i.RCC_HCLKConfig)
    RCC_HSEConfig                            0x08000c19   Thumb Code    48  stm32f10x_rcc.o(i.RCC_HSEConfig)
    RCC_PCLK1Config                          0x08000c4d   Thumb Code    14  stm32f10x_rcc.o(i.RCC_PCLK1Config)
    RCC_PCLK2Config                          0x08000c61   Thumb Code    16  stm32f10x_rcc.o(i.RCC_PCLK2Config)
    RCC_PLLCmd                               0x08000c75   Thumb Code     6  stm32f10x_rcc.o(i.RCC_PLLCmd)
    RCC_PLLConfig                            0x08000c81   Thumb Code    16  stm32f10x_rcc.o(i.RCC_PLLConfig)
    RCC_SYSCLKConfig                         0x08000c95   Thumb Code    14  stm32f10x_rcc.o(i.RCC_SYSCLKConfig)
    RCC_WaitForHSEStartUp                    0x08000ca9   Thumb Code    46  stm32f10x_rcc.o(i.RCC_WaitForHSEStartUp)
    _fp_init                                 0x08000cdd   Thumb Code    14  fpinit.o(x$fpl$fpinit)
    __fplib_config_pureend_doubles           0x08000ce9   Thumb Code     0  fpinit.o(x$fpl$fpinit)
    Region$$Table$$Base                      0x08000cec   Number         0  anon$$obj.o(Region$$Table)
    Region$$Table$$Limit                     0x08000d0c   Number         0  anon$$obj.o(Region$$Table)
    ADCConvertedValue                        0x20000000   Data           2  hw_config.o(.data)
    HSEStartUpStatus                         0x20000002   Data           1  hw_config.o(.data)
    ADC_InitStructure                        0x2000000c   Data          20  hw_config.o(.bss)
    DMA_InitStructure                        0x20000020   Data          44  hw_config.o(.bss)
    __libspace_start                         0x2000004c   Data          96  libspace.o(.bss)
    __temporary_stack_top_libspace           0x200000ac   Number         0  libspace.o(.bss)


================================================================================

Memory Map of the image

  Image Entry point : 0x080000ed

  Load Region LR_IROM1 (Base: 0x08000000, Size: 0x00000d18, Max: 0x00040000, ABSOLUTE)

    Execution Region ER_IROM1 (Base: 0x08000000, Size: 0x00000d0c, Max: 0x00040000, ABSOLUTE)

    Base Addr    Size         Type   Attr      Idx    E Section Name        Object

    0x08000000   0x000000ec   Data   RO          138    RESET               stm32f10x.o
    0x080000ec   0x00000008   Code   RO         1110  * !!!main             __main.o(c_w.l)
    0x080000f4   0x00000034   Code   RO         1204    !!!scatter          __scatter.o(c_w.l)
    0x08000128   0x0000001a   Code   RO         1206    !!handler_copy      __scatter_copy.o(c_w.l)
    0x08000142   0x00000002   PAD
    0x08000144   0x0000001c   Code   RO         1208    !!handler_zi        __scatter_zi.o(c_w.l)
    0x08000160   0x00000004   Code   RO         1131    .emb_text           lib_init.o(c_w.l)
    0x08000164   0x00000038   Code   RO            1    .text               main.o
    0x0800019c   0x000001b8   Code   RO          110    .text               hw_config.o
    0x08000354   0x000002a0   Code   RO          124    .text               lcd_func.o
    0x080005f4   0x00000034   Code   RO          139    .text               stm32f10x.o
    0x08000628   0x00000026   Code   RO         1108    .text               stkheap2.o(c_w.l)
    0x0800064e   0x0000003e   Code   RO         1112    .text               kernel.o(c_w.l)
    0x0800068c   0x0000004a   Code   RO         1115    .text               sys_stackheap_outer.o(c_w.l)
    0x080006d6   0x00000002   PAD
    0x080006d8   0x0000000c   Code   RO         1120    .text               rt_stackheap_storage_intlibspace.o(c_w.l)
    0x080006e4   0x00000014   Code   RO         1122    .text               sys_exit.o(c_w.l)
    0x080006f8   0x00000008   Code   RO         1124    .text               libspace.o(c_w.l)
    0x08000700   0x0000000c   Code   RO         1127    .text               exit.o(c_w.l)
    0x0800070c   0x000000c0   Code   RO         1132    .text               lib_init.o(c_w.l)
    0x080007cc   0x0000000a   Code   RO         1137    .text               boardinit2.o(c_w.l)
    0x080007d6   0x00000008   Code   RO         1139    .text               boardinit3.o(c_w.l)
    0x080007de   0x00000002   Code   RO         1143    .text               use_no_semi.o(c_w.l)
    0x080007e0   0x0000000c   Code   RO         1148    .text               rt_locale_intlibspace.o(c_w.l)
    0x080007ec   0x00000002   Code   RO         1154    .text               no_argv.o(c_w.l)
    0x080007ee   0x00000002   PAD
    0x080007f0   0x0000000c   Code   RO         1163    .text               rt_fp_status_addr_intlibspace.o(c_w.l)
    0x080007fc   0x00000014   Code   RO          147    i.ADC_Cmd           stm32f10x_adc.o(STM32F10xR.LIB)
    0x08000810   0x00000014   Code   RO          148    i.ADC_DMACmd        stm32f10x_adc.o(STM32F10xR.LIB)
    0x08000824   0x0000000e   Code   RO          153    i.ADC_GetCalibrationStatus  stm32f10x_adc.o(STM32F10xR.LIB)
    0x08000832   0x0000000e   Code   RO          151    i.ADC_GetResetCalibrationStatus  stm32f10x_adc.o(STM32F10xR.LIB)
    0x08000840   0x00000048   Code   RO          145    i.ADC_Init          stm32f10x_adc.o(STM32F10xR.LIB)
    0x08000888   0x00000074   Code   RO          158    i.ADC_RegularChannelConfig  stm32f10x_adc.o(STM32F10xR.LIB)
    0x080008fc   0x0000000a   Code   RO          150    i.ADC_ResetCalibration  stm32f10x_adc.o(STM32F10xR.LIB)
    0x08000906   0x00000014   Code   RO          154    i.ADC_SoftwareStartConvCmd  stm32f10x_adc.o(STM32F10xR.LIB)
    0x0800091a   0x0000000a   Code   RO          152    i.ADC_StartCalibration  stm32f10x_adc.o(STM32F10xR.LIB)
    0x08000924   0x00000014   Code   RO          387    i.DMA_Cmd           stm32f10x_dma.o(STM32F10xR.LIB)
    0x08000938   0x000000e0   Code   RO          384    i.DMA_DeInit        stm32f10x_dma.o(STM32F10xR.LIB)
    0x08000a18   0x0000003a   Code   RO          385    i.DMA_Init          stm32f10x_dma.o(STM32F10xR.LIB)
    0x08000a52   0x00000002   PAD
    0x08000a54   0x00000018   Code   RO          455    i.FLASH_PrefetchBufferCmd  stm32f10x_flash.o(STM32F10xR.LIB)
    0x08000a6c   0x00000018   Code   RO          453    i.FLASH_SetLatency  stm32f10x_flash.o(STM32F10xR.LIB)
    0x08000a84   0x000000a0   Code   RO          604    i.GPIO_Init         stm32f10x_gpio.o(STM32F10xR.LIB)
    0x08000b24   0x00000004   Code   RO          611    i.GPIO_ResetBits    stm32f10x_gpio.o(STM32F10xR.LIB)
    0x08000b28   0x00000004   Code   RO          610    i.GPIO_SetBits      stm32f10x_gpio.o(STM32F10xR.LIB)
    0x08000b2c   0x00000004   Code   RO          613    i.GPIO_Write        stm32f10x_gpio.o(STM32F10xR.LIB)
    0x08000b30   0x00000014   Code   RO          731    i.NVIC_SetVectorTable  stm32f10x_nvic.o(STM32F10xR.LIB)
    0x08000b44   0x00000014   Code   RO          917    i.RCC_ADCCLKConfig  stm32f10x_rcc.o(STM32F10xR.LIB)
    0x08000b58   0x00000018   Code   RO          923    i.RCC_AHBPeriphClockCmd  stm32f10x_rcc.o(STM32F10xR.LIB)
    0x08000b70   0x00000018   Code   RO          924    i.RCC_APB2PeriphClockCmd  stm32f10x_rcc.o(STM32F10xR.LIB)
    0x08000b88   0x0000003c   Code   RO          902    i.RCC_DeInit        stm32f10x_rcc.o(STM32F10xR.LIB)
    0x08000bc4   0x00000030   Code   RO          904    i.RCC_GetFlagStatus  stm32f10x_rcc.o(STM32F10xR.LIB)
    0x08000bf4   0x00000010   Code   RO          911    i.RCC_GetSYSCLKSource  stm32f10x_rcc.o(STM32F10xR.LIB)
    0x08000c04   0x00000014   Code   RO          912    i.RCC_HCLKConfig    stm32f10x_rcc.o(STM32F10xR.LIB)
    0x08000c18   0x00000034   Code   RO          903    i.RCC_HSEConfig     stm32f10x_rcc.o(STM32F10xR.LIB)
    0x08000c4c   0x00000014   Code   RO          913    i.RCC_PCLK1Config   stm32f10x_rcc.o(STM32F10xR.LIB)
    0x08000c60   0x00000014   Code   RO          914    i.RCC_PCLK2Config   stm32f10x_rcc.o(STM32F10xR.LIB)
    0x08000c74   0x0000000c   Code   RO          909    i.RCC_PLLCmd        stm32f10x_rcc.o(STM32F10xR.LIB)
    0x08000c80   0x00000014   Code   RO          908    i.RCC_PLLConfig     stm32f10x_rcc.o(STM32F10xR.LIB)
    0x08000c94   0x00000014   Code   RO          910    i.RCC_SYSCLKConfig  stm32f10x_rcc.o(STM32F10xR.LIB)
    0x08000ca8   0x00000034   Code   RO          905    i.RCC_WaitForHSEStartUp  stm32f10x_rcc.o(STM32F10xR.LIB)
    0x08000cdc   0x0000000e   Code   RO         1156    x$fpl$fpinit        fpinit.o(fz_ws.l)
    0x08000cea   0x00000002   PAD
    0x08000cec   0x00000020   Data   RO         1203    Region$$Table       anon$$obj.o


    Execution Region RW_IRAM1 (Base: 0x20000000, Size: 0x000002b0, Max: 0x0000c000, ABSOLUTE)

    Base Addr    Size         Type   Attr      Idx    E Section Name        Object

    0x20000000   0x00000003   Data   RW          111    .data               hw_config.o
    0x20000003   0x00000001   PAD
    0x20000004   0x00000008   Data   RW          934    .data               stm32f10x_rcc.o(STM32F10xR.LIB)
    0x2000000c   0x00000040   Zero   RW          112    .bss                hw_config.o
    0x2000004c   0x00000060   Zero   RW         1125    .bss                libspace.o(c_w.l)
    0x200000ac   0x00000004   PAD
    0x200000b0   0x00000000   Zero   RW          137    HEAP                stm32f10x.o
    0x200000b0   0x00000200   Zero   RW          136    STACK               stm32f10x.o


================================================================================

Image component sizes


      Code (inc. data)   RO Data    RW Data    ZI Data      Debug   Object Name

       440         34          0          3         64       1285   hw_config.o
       672         10          0          0          0       2603   lcd_func.o
        56          6          0          0          0      29347   main.o
        52         18        236          0        512        264   stm32f10x.o

    ------------------------------------------------------------------------
      1220         68        268          4        576      33501   Object Totals
         0          0         32          0          0          0   (incl. Generated)
         0          0          0          1          0          2   (incl. Padding)

    ------------------------------------------------------------------------

      Code (inc. data)   RO Data    RW Data    ZI Data      Debug   Library Member Name

         8          0          0          0          0          0   __main.o
        52          8          0          0          0          0   __scatter.o
        26          0          0          0          0          0   __scatter_copy.o
        28          0          0          0          0          0   __scatter_zi.o
        10          0          0          0          0          0   boardinit2.o
         8          0          0          0          0          0   boardinit3.o
        12          0          0          0          0          0   exit.o
        14          0          0          0          0          0   fpinit.o
        62          0          0          0          0          0   kernel.o
       196          0          0          0          0          0   lib_init.o
         8          4          0          0         96          0   libspace.o
         2          0          0          0          0          0   no_argv.o
        12          6          0          0          0          0   rt_fp_status_addr_intlibspace.o
        12          6          0          0          0          0   rt_locale_intlibspace.o
        12          6          0          0          0          0   rt_stackheap_storage_intlibspace.o
        38          0          0          0          0          0   stkheap2.o
       296         10          0          0          0      36813   stm32f10x_adc.o
       302         14          0          0          0      11610   stm32f10x_dma.o
        48         12          0          0          0        757   stm32f10x_flash.o
       172          0          0          0          0       9025   stm32f10x_gpio.o
        20          8          0          0          0        410   stm32f10x_nvic.o
       408         84          0          8          0       7936   stm32f10x_rcc.o
        20         10          0          0          0          0   sys_exit.o
        74          0          0          0          0          0   sys_stackheap_outer.o
         2          0          0          0          0          0   use_no_semi.o

    ------------------------------------------------------------------------
      1852        168          0          8        100      66551   Library Totals
        10          0          0          0          4          0   (incl. Padding)

    ------------------------------------------------------------------------

      Code (inc. data)   RO Data    RW Data    ZI Data      Debug   Library Name

      1246        128          0          8          0      66551   STM32F10xR.LIB
       582         40          0          0         96          0   c_w.l
        14          0          0          0          0          0   fz_ws.l

    ------------------------------------------------------------------------
      1852        168          0          8        100      66551   Library Totals

    ------------------------------------------------------------------------

================================================================================


      Code (inc. data)   RO Data    RW Data    ZI Data      Debug   

      3072        236        268         12        676     100052   Grand Totals
      3072        236        268         12        676     100052   ELF Image Totals
      3072        236        268         12          0          0   ROM Totals

================================================================================

    Total RO  Size (Code + RO Data)                 3340 (   3.26kB)
    Total RW  Size (RW Data + ZI Data)               688 (   0.67kB)
    Total ROM Size (Code + RO Data + RW Data)       3352 (   3.27kB)

================================================================================

