Component: ARM Compiler 5.06 update 5 (build 528) Tool: armlink [4d35e2]

==============================================================================

Section Cross References

    stm32f10x_vector.o(RESET) refers to stm32f10x_vector.o(.text) for Reset_Handler
    stm32f10x_vector.o(RESET) refers to stm32f10x_it.o(.text) for NMIException
    stm32f10x_vector.o(.text) refers to entry.o(.ARM.Collect$$$$00000000) for __main
    cmoscolor.o(.text) refers to stm32_init.o(.text) for stm32_Init
    cmoscolor.o(.text) refers to cmos.o(.text) for CMOS_Init
    cmoscolor.o(.text) refers to basicio.o(.text) for Init_BasicIO
    cmoscolor.o(.text) refers to lcd_4bit.o(.text) for lcd_init
    cmoscolor.o(.text) refers to cmoscolor.o(.data) for KEY_Buffer
    lcd_4bit.o(.text) refers to lcd_4bit.o(.constdata) for UserFont
    cmos.o(.text) refers to i2c.o(.text) for I2C_Write
    cmos.o(.text) refers to timer.o(.text) for Timer_Init
    cmos.o(.text) refers to dma.o(.text) for Init_DMA
    cmos.o(.text) refers to cmos.o(.data) for Image_Row_Width
    entry.o(.ARM.Collect$$$$00000000) refers (Special) to entry10a.o(.ARM.Collect$$$$0000000D) for __rt_final_cpp
    entry.o(.ARM.Collect$$$$00000000) refers (Special) to entry11a.o(.ARM.Collect$$$$0000000F) for __rt_final_exit
    entry.o(.ARM.Collect$$$$00000000) refers (Special) to entry7b.o(.ARM.Collect$$$$00000008) for _main_clock
    entry.o(.ARM.Collect$$$$00000000) refers (Special) to entry8b.o(.ARM.Collect$$$$0000000A) for _main_cpp_init
    entry.o(.ARM.Collect$$$$00000000) refers (Special) to entry9a.o(.ARM.Collect$$$$0000000B) for _main_init
    entry.o(.ARM.Collect$$$$00000000) refers (Special) to entry5.o(.ARM.Collect$$$$00000004) for _main_scatterload
    entry.o(.ARM.Collect$$$$00000000) refers (Special) to entry2.o(.ARM.Collect$$$$00000001) for _main_stk
    entry2.o(.ARM.Collect$$$$00000001) refers to entry2.o(.ARM.Collect$$$$00002712) for __lit__00000000
    entry2.o(__vectab_stack_and_reset_area) refers to entry.o(.ARM.Collect$$$$00000000) for __main
    entry5.o(.ARM.Collect$$$$00000004) refers to init.o(.text) for __scatterload
    entry9a.o(.ARM.Collect$$$$0000000B) refers to cmoscolor.o(.text) for main
    entry9b.o(.ARM.Collect$$$$0000000C) refers to cmoscolor.o(.text) for main
    init.o(.text) refers to entry5.o(.ARM.Collect$$$$00000004) for __main_after_scatterload


==============================================================================

Removing Unused input sections from the image.

    Removing stm32f10x_vector.o(STACK), (1024 bytes).
    Removing stm32f10x_vector.o(HEAP), (1024 bytes).

2 unused section(s) (total 2048 bytes) removed from the image.

==============================================================================

Image Symbol Table

    Local Symbols

    Symbol Name                              Value     Ov Type        Size  Object(Section)

    ../clib/microlib/init/entry.s            0x00000000   Number         0  entry.o ABSOLUTE
    ../clib/microlib/init/entry.s            0x00000000   Number         0  entry11b.o ABSOLUTE
    ../clib/microlib/init/entry.s            0x00000000   Number         0  entry11a.o ABSOLUTE
    ../clib/microlib/init/entry.s            0x00000000   Number         0  entry10b.o ABSOLUTE
    ../clib/microlib/init/entry.s            0x00000000   Number         0  entry10a.o ABSOLUTE
    ../clib/microlib/init/entry.s            0x00000000   Number         0  entry9b.o ABSOLUTE
    ../clib/microlib/init/entry.s            0x00000000   Number         0  entry9a.o ABSOLUTE
    ../clib/microlib/init/entry.s            0x00000000   Number         0  entry8b.o ABSOLUTE
    ../clib/microlib/init/entry.s            0x00000000   Number         0  entry8a.o ABSOLUTE
    ../clib/microlib/init/entry.s            0x00000000   Number         0  entry7b.o ABSOLUTE
    ../clib/microlib/init/entry.s            0x00000000   Number         0  entry7a.o ABSOLUTE
    ../clib/microlib/init/entry.s            0x00000000   Number         0  entry5.o ABSOLUTE
    ../clib/microlib/init/entry.s            0x00000000   Number         0  entry2.o ABSOLUTE
    ..\source\BasicIO.c                      0x00000000   Number         0  basicio.o ABSOLUTE
    ..\source\CMOSCOLOR.c                    0x00000000   Number         0  cmoscolor.o ABSOLUTE
    ..\source\LCD_4bit.c                     0x00000000   Number         0  lcd_4bit.o ABSOLUTE
    ..\source\STM32_Init.c                   0x00000000   Number         0  stm32_init.o ABSOLUTE
    ..\source\stm32f10x_it.c                 0x00000000   Number         0  stm32f10x_it.o ABSOLUTE
    ..\source\stm32f10x_vector.s             0x00000000   Number         0  stm32f10x_vector.o ABSOLUTE
    cmos.c                                   0x00000000   Number         0  cmos.o ABSOLUTE
    dc.s                                     0x00000000   Number         0  dc.o ABSOLUTE
    dma.c                                    0x00000000   Number         0  dma.o ABSOLUTE
    handlers.s                               0x00000000   Number         0  handlers.o ABSOLUTE
    i2c.c                                    0x00000000   Number         0  i2c.o ABSOLUTE
    init.s                                   0x00000000   Number         0  init.o ABSOLUTE
    timer.c                                  0x00000000   Number         0  timer.o ABSOLUTE
    RESET                                    0x08003000   Section      304  stm32f10x_vector.o(RESET)
    .ARM.Collect$$$$00000000                 0x08003130   Section        0  entry.o(.ARM.Collect$$$$00000000)
    .ARM.Collect$$$$00000001                 0x08003130   Section        4  entry2.o(.ARM.Collect$$$$00000001)
    .ARM.Collect$$$$00000004                 0x08003134   Section        4  entry5.o(.ARM.Collect$$$$00000004)
    .ARM.Collect$$$$00000008                 0x08003138   Section        0  entry7b.o(.ARM.Collect$$$$00000008)
    .ARM.Collect$$$$0000000A                 0x08003138   Section        0  entry8b.o(.ARM.Collect$$$$0000000A)
    .ARM.Collect$$$$0000000B                 0x08003138   Section        8  entry9a.o(.ARM.Collect$$$$0000000B)
    .ARM.Collect$$$$0000000D                 0x08003140   Section        0  entry10a.o(.ARM.Collect$$$$0000000D)
    .ARM.Collect$$$$0000000F                 0x08003140   Section        0  entry11a.o(.ARM.Collect$$$$0000000F)
    .ARM.Collect$$$$00002712                 0x08003140   Section        4  entry2.o(.ARM.Collect$$$$00002712)
    __lit__00000000                          0x08003140   Data           4  entry2.o(.ARM.Collect$$$$00002712)
    .text                                    0x08003144   Section      144  stm32f10x_vector.o(.text)
    .text                                    0x080031d4   Section        0  stm32_init.o(.text)
    .text                                    0x08003410   Section        0  stm32f10x_it.o(.text)
    .text                                    0x080034a4   Section        0  cmoscolor.o(.text)
    .text                                    0x08003680   Section        0  lcd_4bit.o(.text)
    delay                                    0x08003681   Thumb Code    14  lcd_4bit.o(.text)
    lcd_read_status                          0x0800368f   Thumb Code   164  lcd_4bit.o(.text)
    wait_while_busy                          0x08003733   Thumb Code    18  lcd_4bit.o(.text)
    lcd_write_data                           0x080037b5   Thumb Code    38  lcd_4bit.o(.text)
    .text                                    0x080039d0   Section        0  basicio.o(.text)
    .text                                    0x08003aac   Section        0  cmos.o(.text)
    .text                                    0x08003cf0   Section        0  i2c.o(.text)
    .text                                    0x08003fb8   Section        0  timer.o(.text)
    .text                                    0x08004100   Section        0  dma.o(.text)
    .text                                    0x080041d0   Section       36  init.o(.text)
    i.__scatterload_copy                     0x080041f4   Section       14  handlers.o(i.__scatterload_copy)
    i.__scatterload_null                     0x08004202   Section        2  handlers.o(i.__scatterload_null)
    i.__scatterload_zeroinit                 0x08004204   Section       14  handlers.o(i.__scatterload_zeroinit)
    .constdata                               0x08004212   Section       64  lcd_4bit.o(.constdata)
    .data                                    0x60000000   Section        5  cmoscolor.o(.data)
    .data                                    0x60000006   Section        4  cmos.o(.data)

    Global Symbols

    Symbol Name                              Value     Ov Type        Size  Object(Section)

    BuildAttributes$$THM_ISAv4$P$D$K$B$S$PE$A:L22UL41UL21$X:L11$S22US41US21$IEEE1$IW$USESV6$~STKCKD$USESV7$~SHL$OSPACE$EBA8$MICROLIB$REQ8$PRES8$EABIv2 0x00000000   Number         0  anon$$obj.o ABSOLUTE
    __ARM_use_no_argv                        0x00000000   Number         0  cmoscolor.o ABSOLUTE
    __cpp_initialize__aeabi_                  - Undefined Weak Reference
    __cxa_finalize                            - Undefined Weak Reference
    __decompress                              - Undefined Weak Reference
    _clock_init                               - Undefined Weak Reference
    _microlib_exit                            - Undefined Weak Reference
    __Vectors                                0x08003000   Data           4  stm32f10x_vector.o(RESET)
    __main                                   0x08003131   Thumb Code     0  entry.o(.ARM.Collect$$$$00000000)
    _main_stk                                0x08003131   Thumb Code     0  entry2.o(.ARM.Collect$$$$00000001)
    _main_scatterload                        0x08003135   Thumb Code     0  entry5.o(.ARM.Collect$$$$00000004)
    __main_after_scatterload                 0x08003139   Thumb Code     0  entry5.o(.ARM.Collect$$$$00000004)
    _main_clock                              0x08003139   Thumb Code     0  entry7b.o(.ARM.Collect$$$$00000008)
    _main_cpp_init                           0x08003139   Thumb Code     0  entry8b.o(.ARM.Collect$$$$0000000A)
    _main_init                               0x08003139   Thumb Code     0  entry9a.o(.ARM.Collect$$$$0000000B)
    __rt_final_cpp                           0x08003141   Thumb Code     0  entry10a.o(.ARM.Collect$$$$0000000D)
    __rt_final_exit                          0x08003141   Thumb Code     0  entry11a.o(.ARM.Collect$$$$0000000F)
    Reset_Handler                            0x08003145   Thumb Code    84  stm32f10x_vector.o(.text)
    stm32_EfiSetup                           0x080031d5   Thumb Code     8  stm32_init.o(.text)
    stm32_ClockSetup                         0x080031dd   Thumb Code    54  stm32_init.o(.text)
    stm32_NvicSetup                          0x08003213   Thumb Code    10  stm32_init.o(.text)
    stm32_IwdgSetup                          0x0800321d   Thumb Code    32  stm32_init.o(.text)
    stm32_SysTickSetup                       0x0800323d   Thumb Code    28  stm32_init.o(.text)
    stm32_RtcSetup                           0x08003259   Thumb Code   174  stm32_init.o(.text)
    stm32_TimerSetup                         0x08003307   Thumb Code     2  stm32_init.o(.text)
    stm32_GpioSetup                          0x08003309   Thumb Code    76  stm32_init.o(.text)
    stm32_UsartSetup                         0x08003355   Thumb Code     2  stm32_init.o(.text)
    stm32_ExtiSetup                          0x08003357   Thumb Code     2  stm32_init.o(.text)
    stm32_AfRemapSetup                       0x08003359   Thumb Code     2  stm32_init.o(.text)
    stm32_TamperSetup                        0x0800335b   Thumb Code    96  stm32_init.o(.text)
    stm32_Init                               0x080033bb   Thumb Code    20  stm32_init.o(.text)
    stm32_GetPCLK1                           0x080033cf   Thumb Code     4  stm32_init.o(.text)
    NMIException                             0x08003411   Thumb Code     2  stm32f10x_it.o(.text)
    HardFaultException                       0x08003413   Thumb Code     4  stm32f10x_it.o(.text)
    MemManageException                       0x08003417   Thumb Code     4  stm32f10x_it.o(.text)
    BusFaultException                        0x0800341b   Thumb Code     4  stm32f10x_it.o(.text)
    UsageFaultException                      0x0800341f   Thumb Code     4  stm32f10x_it.o(.text)
    DebugMonitor                             0x08003423   Thumb Code     2  stm32f10x_it.o(.text)
    SVCHandler                               0x08003425   Thumb Code     2  stm32f10x_it.o(.text)
    PendSVC                                  0x08003427   Thumb Code     2  stm32f10x_it.o(.text)
    SysTickHandler                           0x08003429   Thumb Code     2  stm32f10x_it.o(.text)
    WWDG_IRQHandler                          0x0800342b   Thumb Code     2  stm32f10x_it.o(.text)
    PVD_IRQHandler                           0x0800342d   Thumb Code     2  stm32f10x_it.o(.text)
    TAMPER_IRQHandler                        0x0800342f   Thumb Code     2  stm32f10x_it.o(.text)
    RTC_IRQHandler                           0x08003431   Thumb Code     2  stm32f10x_it.o(.text)
    FLASH_IRQHandler                         0x08003433   Thumb Code     2  stm32f10x_it.o(.text)
    RCC_IRQHandler                           0x08003435   Thumb Code     2  stm32f10x_it.o(.text)
    EXTI0_IRQHandler                         0x08003437   Thumb Code     2  stm32f10x_it.o(.text)
    EXTI1_IRQHandler                         0x08003439   Thumb Code     2  stm32f10x_it.o(.text)
    EXTI2_IRQHandler                         0x0800343b   Thumb Code     2  stm32f10x_it.o(.text)
    EXTI3_IRQHandler                         0x0800343d   Thumb Code     2  stm32f10x_it.o(.text)
    EXTI4_IRQHandler                         0x0800343f   Thumb Code     2  stm32f10x_it.o(.text)
    DMA1_Channel1_IRQHandler                 0x08003441   Thumb Code     2  stm32f10x_it.o(.text)
    DMA1_Channel2_IRQHandler                 0x08003443   Thumb Code     2  stm32f10x_it.o(.text)
    DMA1_Channel3_IRQHandler                 0x08003445   Thumb Code     2  stm32f10x_it.o(.text)
    DMA1_Channel4_IRQHandler                 0x08003447   Thumb Code     2  stm32f10x_it.o(.text)
    DMA1_Channel5_IRQHandler                 0x08003449   Thumb Code     2  stm32f10x_it.o(.text)
    DMA1_Channel6_IRQHandler                 0x0800344b   Thumb Code     2  stm32f10x_it.o(.text)
    DMA1_Channel7_IRQHandler                 0x0800344d   Thumb Code     2  stm32f10x_it.o(.text)
    ADC1_2_IRQHandler                        0x0800344f   Thumb Code     2  stm32f10x_it.o(.text)
    USB_HP_CAN_TX_IRQHandler                 0x08003451   Thumb Code     2  stm32f10x_it.o(.text)
    USB_LP_CAN_RX0_IRQHandler                0x08003453   Thumb Code     2  stm32f10x_it.o(.text)
    CAN_RX1_IRQHandler                       0x08003455   Thumb Code     2  stm32f10x_it.o(.text)
    CAN_SCE_IRQHandler                       0x08003457   Thumb Code     2  stm32f10x_it.o(.text)
    EXTI9_5_IRQHandler                       0x08003459   Thumb Code     2  stm32f10x_it.o(.text)
    TIM1_BRK_IRQHandler                      0x0800345b   Thumb Code     2  stm32f10x_it.o(.text)
    TIM1_UP_IRQHandler                       0x0800345d   Thumb Code     2  stm32f10x_it.o(.text)
    TIM1_TRG_COM_IRQHandler                  0x0800345f   Thumb Code     2  stm32f10x_it.o(.text)
    TIM1_CC_IRQHandler                       0x08003461   Thumb Code     2  stm32f10x_it.o(.text)
    TIM2_IRQHandler                          0x08003463   Thumb Code     2  stm32f10x_it.o(.text)
    TIM3_IRQHandler                          0x08003465   Thumb Code     2  stm32f10x_it.o(.text)
    TIM4_IRQHandler                          0x08003467   Thumb Code     2  stm32f10x_it.o(.text)
    I2C1_EV_IRQHandler                       0x08003469   Thumb Code     2  stm32f10x_it.o(.text)
    I2C1_ER_IRQHandler                       0x0800346b   Thumb Code     2  stm32f10x_it.o(.text)
    I2C2_EV_IRQHandler                       0x0800346d   Thumb Code     2  stm32f10x_it.o(.text)
    I2C2_ER_IRQHandler                       0x0800346f   Thumb Code     2  stm32f10x_it.o(.text)
    SPI1_IRQHandler                          0x08003471   Thumb Code     2  stm32f10x_it.o(.text)
    SPI2_IRQHandler                          0x08003473   Thumb Code     2  stm32f10x_it.o(.text)
    USART1_IRQHandler                        0x08003475   Thumb Code     2  stm32f10x_it.o(.text)
    USART2_IRQHandler                        0x08003477   Thumb Code     2  stm32f10x_it.o(.text)
    USART3_IRQHandler                        0x08003479   Thumb Code     2  stm32f10x_it.o(.text)
    EXTI15_10_IRQHandler                     0x0800347b   Thumb Code     2  stm32f10x_it.o(.text)
    RTCAlarm_IRQHandler                      0x0800347d   Thumb Code     2  stm32f10x_it.o(.text)
    USBWakeUp_IRQHandler                     0x0800347f   Thumb Code     2  stm32f10x_it.o(.text)
    TIM8_BRK_IRQHandler                      0x08003481   Thumb Code     2  stm32f10x_it.o(.text)
    TIM8_UP_IRQHandler                       0x08003483   Thumb Code     2  stm32f10x_it.o(.text)
    TIM8_TRG_COM_IRQHandler                  0x08003485   Thumb Code     2  stm32f10x_it.o(.text)
    TIM8_CC_IRQHandler                       0x08003487   Thumb Code     2  stm32f10x_it.o(.text)
    ADC3_IRQHandler                          0x08003489   Thumb Code     2  stm32f10x_it.o(.text)
    FSMC_IRQHandler                          0x0800348b   Thumb Code     2  stm32f10x_it.o(.text)
    SDIO_IRQHandler                          0x0800348d   Thumb Code     2  stm32f10x_it.o(.text)
    TIM5_IRQHandler                          0x0800348f   Thumb Code     2  stm32f10x_it.o(.text)
    SPI3_IRQHandler                          0x08003491   Thumb Code     2  stm32f10x_it.o(.text)
    UART4_IRQHandler                         0x08003493   Thumb Code     2  stm32f10x_it.o(.text)
    UART5_IRQHandler                         0x08003495   Thumb Code     2  stm32f10x_it.o(.text)
    TIM6_IRQHandler                          0x08003497   Thumb Code     2  stm32f10x_it.o(.text)
    TIM7_IRQHandler                          0x08003499   Thumb Code     2  stm32f10x_it.o(.text)
    DMA2_Channel1_IRQHandler                 0x0800349b   Thumb Code     2  stm32f10x_it.o(.text)
    DMA2_Channel2_IRQHandler                 0x0800349d   Thumb Code     2  stm32f10x_it.o(.text)
    DMA2_Channel3_IRQHandler                 0x0800349f   Thumb Code     2  stm32f10x_it.o(.text)
    DMA2_Channel4_5_IRQHandler               0x080034a1   Thumb Code     2  stm32f10x_it.o(.text)
    main                                     0x080034a5   Thumb Code   342  cmoscolor.o(.text)
    lcd_write_4bit                           0x08003745   Thumb Code    74  lcd_4bit.o(.text)
    lcd_write_cmd                            0x0800378f   Thumb Code    38  lcd_4bit.o(.text)
    lcd_putchar                              0x080037db   Thumb Code    12  lcd_4bit.o(.text)
    lcd_init                                 0x080037e7   Thumb Code   186  lcd_4bit.o(.text)
    set_cursor                               0x080038a1   Thumb Code    32  lcd_4bit.o(.text)
    lcd_clear                                0x080038c1   Thumb Code    18  lcd_4bit.o(.text)
    lcd_print                                0x080038d3   Thumb Code    22  lcd_4bit.o(.text)
    lcd_bargraph                             0x080038e9   Thumb Code    52  lcd_4bit.o(.text)
    lcd_bargraphXY                           0x0800391d   Thumb Code    68  lcd_4bit.o(.text)
    FormatDec                                0x08003961   Thumb Code    94  lcd_4bit.o(.text)
    BasicIO_GPIO_Configuration               0x080039d1   Thumb Code   106  basicio.o(.text)
    BasicIO_Configuration                    0x08003a3b   Thumb Code    14  basicio.o(.text)
    Init_BasicIO                             0x08003a49   Thumb Code    12  basicio.o(.text)
    Key_Scan                                 0x08003a55   Thumb Code    68  basicio.o(.text)
    CMOS_GPIO_Configuration                  0x08003aad   Thumb Code    30  cmos.o(.text)
    Write_Register                           0x08003acb   Thumb Code    30  cmos.o(.text)
    CMOS_Init                                0x08003ae9   Thumb Code   194  cmos.o(.text)
    CMOS_Exposure                            0x08003bab   Thumb Code    50  cmos.o(.text)
    CMOS_SetWindowOrigin                     0x08003bdd   Thumb Code    60  cmos.o(.text)
    CMOS_SetImageSize                        0x08003c19   Thumb Code    68  cmos.o(.text)
    CMOS_Capture                             0x08003c5d   Thumb Code    96  cmos.o(.text)
    Write_Variable                           0x08003cbd   Thumb Code    28  cmos.o(.text)
    I2C_GPIO_Configuration                   0x08003cf1   Thumb Code    42  i2c.o(.text)
    I2C_Configuration                        0x08003d1b   Thumb Code   200  i2c.o(.text)
    Init_I2C                                 0x08003de3   Thumb Code    12  i2c.o(.text)
    I2C_Write                                0x08003def   Thumb Code   148  i2c.o(.text)
    I2C_Read                                 0x08003e83   Thumb Code   232  i2c.o(.text)
    I2C_AcknowledgePolling                   0x08003f6b   Thumb Code    58  i2c.o(.text)
    Timer_GPIO_Configuration                 0x08003fb9   Thumb Code    58  timer.o(.text)
    Timer_Configuration                      0x08003ff3   Thumb Code   240  timer.o(.text)
    Timer_Init                               0x080040e3   Thumb Code    12  timer.o(.text)
    DMA_GPIO_Configuration                   0x08004101   Thumb Code    22  dma.o(.text)
    DMA_Configuration                        0x08004117   Thumb Code   108  dma.o(.text)
    Init_DMA                                 0x08004183   Thumb Code    12  dma.o(.text)
    DMA1_Channel6_RunOnce                    0x0800418f   Thumb Code    52  dma.o(.text)
    __scatterload                            0x080041d1   Thumb Code    28  init.o(.text)
    __scatterload_rt2                        0x080041d1   Thumb Code     0  init.o(.text)
    __scatterload_copy                       0x080041f5   Thumb Code    14  handlers.o(i.__scatterload_copy)
    __scatterload_null                       0x08004203   Thumb Code     2  handlers.o(i.__scatterload_null)
    __scatterload_zeroinit                   0x08004205   Thumb Code    14  handlers.o(i.__scatterload_zeroinit)
    UserFont                                 0x08004212   Data          64  lcd_4bit.o(.constdata)
    Region$$Table$$Base                      0x08004254   Number         0  anon$$obj.o(Region$$Table)
    Region$$Table$$Limit                     0x08004264   Number         0  anon$$obj.o(Region$$Table)
    __initial_sp                             0x20000400   Number         0  stm32f10x_vector.o ABSOLUTE
    CAM_Buffer                               0x60000000   Data           4  cmoscolor.o(.data)
    KEY_Buffer                               0x60000004   Data           1  cmoscolor.o(.data)
    Image_Row_Width                          0x60000006   Data           2  cmos.o(.data)
    Image_Column_Width                       0x60000008   Data           2  cmos.o(.data)



==============================================================================

Memory Map of the image

  Image Entry point : 0x08003131

  Load Region LR_IROM1 (Base: 0x08003000, Size: 0x00001270, Max: 0x0003d000, ABSOLUTE)

    Execution Region ER_IROM1 (Exec base: 0x08003000, Load base: 0x08003000, Size: 0x00001264, Max: 0x0003d000, ABSOLUTE)

    Exec Addr    Load Addr    Size         Type   Attr      Idx    E Section Name        Object

    0x08003000   0x08003000   0x00000130   Data   RO            3    RESET               stm32f10x_vector.o
    0x08003130   0x08003130   0x00000000   Code   RO          329  * .ARM.Collect$$$$00000000  mc_w.l(entry.o)
    0x08003130   0x08003130   0x00000004   Code   RO          332    .ARM.Collect$$$$00000001  mc_w.l(entry2.o)
    0x08003134   0x08003134   0x00000004   Code   RO          335    .ARM.Collect$$$$00000004  mc_w.l(entry5.o)
    0x08003138   0x08003138   0x00000000   Code   RO          337    .ARM.Collect$$$$00000008  mc_w.l(entry7b.o)
    0x08003138   0x08003138   0x00000000   Code   RO          339    .ARM.Collect$$$$0000000A  mc_w.l(entry8b.o)
    0x08003138   0x08003138   0x00000008   Code   RO          340    .ARM.Collect$$$$0000000B  mc_w.l(entry9a.o)
    0x08003140   0x08003140   0x00000000   Code   RO          342    .ARM.Collect$$$$0000000D  mc_w.l(entry10a.o)
    0x08003140   0x08003140   0x00000000   Code   RO          344    .ARM.Collect$$$$0000000F  mc_w.l(entry11a.o)
    0x08003140   0x08003140   0x00000004   Code   RO          333    .ARM.Collect$$$$00002712  mc_w.l(entry2.o)
    0x08003144   0x08003144   0x00000090   Code   RO            4    .text               stm32f10x_vector.o
    0x080031d4   0x080031d4   0x0000023c   Code   RO           10    .text               stm32_init.o
    0x08003410   0x08003410   0x00000092   Code   RO          110    .text               stm32f10x_it.o
    0x080034a2   0x080034a2   0x00000002   PAD
    0x080034a4   0x080034a4   0x000001dc   Code   RO          125    .text               cmoscolor.o
    0x08003680   0x08003680   0x00000350   Code   RO          155    .text               lcd_4bit.o
    0x080039d0   0x080039d0   0x000000dc   Code   RO          170    .text               basicio.o
    0x08003aac   0x08003aac   0x00000244   Code   RO          182    .text               cmos.lib(cmos.o)
    0x08003cf0   0x08003cf0   0x000002c8   Code   RO          293    .text               cmos.lib(i2c.o)
    0x08003fb8   0x08003fb8   0x00000148   Code   RO          305    .text               cmos.lib(timer.o)
    0x08004100   0x08004100   0x000000d0   Code   RO          317    .text               cmos.lib(dma.o)
    0x080041d0   0x080041d0   0x00000024   Code   RO          346    .text               mc_w.l(init.o)
    0x080041f4   0x080041f4   0x0000000e   Code   RO          350    i.__scatterload_copy  mc_w.l(handlers.o)
    0x08004202   0x08004202   0x00000002   Code   RO          351    i.__scatterload_null  mc_w.l(handlers.o)
    0x08004204   0x08004204   0x0000000e   Code   RO          352    i.__scatterload_zeroinit  mc_w.l(handlers.o)
    0x08004212   0x08004212   0x00000040   Data   RO          156    .constdata          lcd_4bit.o
    0x08004252   0x08004252   0x00000002   PAD
    0x08004254   0x08004254   0x00000010   Data   RO          348    Region$$Table       anon$$obj.o


    Execution Region RW_IRAM1 (Exec base: 0x20000000, Load base: 0x08004270, Size: 0x00000000, Max: 0x0000c000, ABSOLUTE)

    **** No section assigned to this execution region ****


    Execution Region RW_RAM1 (Exec base: 0x60000000, Load base: 0x08004264, Size: 0x0000000c, Max: 0x00040000, ABSOLUTE)

    Exec Addr    Load Addr    Size         Type   Attr      Idx    E Section Name        Object

    0x60000000   0x08004264   0x00000005   Data   RW          126    .data               cmoscolor.o
    0x60000005   0x08004269   0x00000001   PAD
    0x60000006   0x0800426a   0x00000004   Data   RW          183    .data               cmos.lib(cmos.o)


==============================================================================

Image component sizes


      Code (inc. data)   RO Data    RW Data    ZI Data      Debug   Object Name

       220         20          0          0          0        953   basicio.o
       476        134          0          5          0       1035   cmoscolor.o
       848         18         64          0          0       4640   lcd_4bit.o
       572         62          0          0          0       3585   stm32_init.o
       146          0          0          0          0       7364   stm32f10x_it.o
       144         60        304          0          0        424   stm32f10x_vector.o

    ----------------------------------------------------------------------
      2408        294        386          6          0      18001   Object Totals
         0          0         16          0          0          0   (incl. Generated)
         2          0          2          1          0          0   (incl. Padding)

    ----------------------------------------------------------------------

      Code (inc. data)   RO Data    RW Data    ZI Data      Debug   Library Member Name

       580         24          0          4          0       3733   cmos.o
       208         14          0          0          0       1074   dma.o
       712         20          0          0          0       1718   i2c.o
       328         18          0          0          0        694   timer.o
         0          0          0          0          0          0   entry.o
         0          0          0          0          0          0   entry10a.o
         0          0          0          0          0          0   entry11a.o
         8          4          0          0          0          0   entry2.o
         4          0          0          0          0          0   entry5.o
         0          0          0          0          0          0   entry7b.o
         0          0          0          0          0          0   entry8b.o
         8          4          0          0          0          0   entry9a.o
        30          0          0          0          0          0   handlers.o
        36          8          0          0          0         68   init.o

    ----------------------------------------------------------------------
      1914         92          0          6          0       7287   Library Totals
         0          0          0          2          0          0   (incl. Padding)

    ----------------------------------------------------------------------

      Code (inc. data)   RO Data    RW Data    ZI Data      Debug   Library Name

      1828         76          0          4          0       7219   cmos.lib
        86         16          0          0          0         68   mc_w.l

    ----------------------------------------------------------------------
      1914         92          0          6          0       7287   Library Totals

    ----------------------------------------------------------------------

==============================================================================


      Code (inc. data)   RO Data    RW Data    ZI Data      Debug   

      4322        386        386         12          0      24982   Grand Totals
      4322        386        386         12          0      24982   ELF Image Totals
      4322        386        386         12          0          0   ROM Totals

==============================================================================

    Total RO  Size (Code + RO Data)                 4708 (   4.60kB)
    Total RW  Size (RW Data + ZI Data)                12 (   0.01kB)
    Total ROM Size (Code + RO Data + RW Data)       4720 (   4.61kB)

==============================================================================

